Archive member included to satisfy reference by file (symbol)

app/libapp.a(main.c.obj)      (--whole-archive)
zephyr/libzephyr.a(validate_libc.c.obj)
                              (--whole-archive)
zephyr/libzephyr.a(heap.c.obj)
                              (--whole-archive)
zephyr/libzephyr.a(cbprintf_packaged.c.obj)
                              (--whole-archive)
zephyr/libzephyr.a(clock.c.obj)
                              (--whole-archive)
zephyr/libzephyr.a(printk.c.obj)
                              (--whole-archive)
zephyr/libzephyr.a(sem.c.obj)
                              (--whole-archive)
zephyr/libzephyr.a(thread_entry.c.obj)
                              (--whole-archive)
zephyr/libzephyr.a(cbprintf_complete.c.obj)
                              (--whole-archive)
zephyr/libzephyr.a(assert.c.obj)
                              (--whole-archive)
zephyr/libzephyr.a(dec.c.obj)
                              (--whole-archive)
zephyr/libzephyr.a(hex.c.obj)
                              (--whole-archive)
zephyr/libzephyr.a(rb.c.obj)  (--whole-archive)
zephyr/libzephyr.a(set.c.obj)
                              (--whole-archive)
zephyr/libzephyr.a(timeutil.c.obj)
                              (--whole-archive)
zephyr/libzephyr.a(bitarray.c.obj)
                              (--whole-archive)
zephyr/libzephyr.a(bitmask.c.obj)
                              (--whole-archive)
zephyr/libzephyr.a(getopt.c.obj)
                              (--whole-archive)
zephyr/libzephyr.a(getopt_common.c.obj)
                              (--whole-archive)
zephyr/libzephyr.a(onoff.c.obj)
                              (--whole-archive)
zephyr/libzephyr.a(notify.c.obj)
                              (--whole-archive)
zephyr/libzephyr.a(ring_buffer.c.obj)
                              (--whole-archive)
zephyr/libzephyr.a(last_section_id.c.obj)
                              (--whole-archive)
zephyr/libzephyr.a(configs.c.obj)
                              (--whole-archive)
zephyr/libzephyr.a(mem_attr.c.obj)
                              (--whole-archive)
zephyr/libzephyr.a(tracing_none.c.obj)
                              (--whole-archive)
zephyr/libzephyr.a(cdc_acm_serial.c.obj)
                              (--whole-archive)
zephyr/libzephyr.a(addr_utils.c.obj)
                              (--whole-archive)
zephyr/arch/common/libarch__common.a(sw_isr_common.c.obj)
                              (--whole-archive)
zephyr/arch/common/libarch__common.a(init.c.obj)
                              (--whole-archive)
zephyr/arch/common/libarch__common.a(xip.c.obj)
                              (--whole-archive)
zephyr/arch/arch/arm/core/libarch__arm__core.a(fatal.c.obj)
                              (--whole-archive)
zephyr/arch/arch/arm/core/libarch__arm__core.a(nmi.c.obj)
                              (--whole-archive)
zephyr/arch/arch/arm/core/libarch__arm__core.a(nmi_on_reset.S.obj)
                              (--whole-archive)
zephyr/arch/arch/arm/core/libarch__arm__core.a(tls.c.obj)
                              (--whole-archive)
zephyr/arch/arch/arm/core/cortex_m/libarch__arm__core__cortex_m.a(fault.c.obj)
                              (--whole-archive)
zephyr/arch/arch/arm/core/cortex_m/libarch__arm__core__cortex_m.a(fault_s.S.obj)
                              (--whole-archive)
zephyr/arch/arch/arm/core/cortex_m/libarch__arm__core__cortex_m.a(fpu.c.obj)
                              (--whole-archive)
zephyr/arch/arch/arm/core/cortex_m/libarch__arm__core__cortex_m.a(reset.S.obj)
                              (--whole-archive)
zephyr/arch/arch/arm/core/cortex_m/libarch__arm__core__cortex_m.a(scb.c.obj)
                              (--whole-archive)
zephyr/arch/arch/arm/core/cortex_m/libarch__arm__core__cortex_m.a(vector_table.S.obj)
                              (--whole-archive)
zephyr/arch/arch/arm/core/cortex_m/libarch__arm__core__cortex_m.a(svc.S.obj)
                              (--whole-archive)
zephyr/arch/arch/arm/core/cortex_m/libarch__arm__core__cortex_m.a(irq_manage.c.obj)
                              (--whole-archive)
zephyr/arch/arch/arm/core/cortex_m/libarch__arm__core__cortex_m.a(prep_c.c.obj)
                              (--whole-archive)
zephyr/arch/arch/arm/core/cortex_m/libarch__arm__core__cortex_m.a(thread.c.obj)
                              (--whole-archive)
zephyr/arch/arch/arm/core/cortex_m/libarch__arm__core__cortex_m.a(cpu_idle.c.obj)
                              (--whole-archive)
zephyr/arch/arch/arm/core/cortex_m/libarch__arm__core__cortex_m.a(exc_exit.c.obj)
                              (--whole-archive)
zephyr/arch/arch/arm/core/cortex_m/libarch__arm__core__cortex_m.a(thread_abort.c.obj)
                              (--whole-archive)
zephyr/arch/arch/arm/core/cortex_m/libarch__arm__core__cortex_m.a(swap_helper.S.obj)
                              (--whole-archive)
zephyr/arch/arch/arm/core/cortex_m/libarch__arm__core__cortex_m.a(irq_init.c.obj)
[...]
Memory Configuration

Name             Origin             Length             Attributes
FLASH            0x00027000         0x000c5000         xr
RAM              0x20000000         0x00040000         xw
IDT_LIST         0xffff7fff         0x00008000         xw
*default*        0x00000000         0xffffffff

Linker script and memory map

                0x000344b4                        vfprintf = __l_vfprintf
                0x00000000                        vfscanf = __l_vfscanf
LOAD zephyr/CMakeFiles/zephyr_pre0.dir/misc/empty_file.c.obj
LOAD zephyr/CMakeFiles/offsets.dir/./arch/arm/core/offsets/offsets.c.obj
LOAD app/libapp.a
LOAD zephyr/libzephyr.a
LOAD zephyr/arch/common/libarch__common.a
LOAD zephyr/arch/arch/arm/core/libarch__arm__core.a
LOAD zephyr/arch/arch/arm/core/cortex_m/libarch__arm__core__cortex_m.a
LOAD zephyr/arch/arch/arm/core/mpu/libarch__arm__core__mpu.a
LOAD zephyr/lib/libc/picolibc/liblib__libc__picolibc.a
LOAD zephyr/lib/libc/common/liblib__libc__common.a
LOAD zephyr/lib/posix/c_lib_ext/liblib__posix__c_lib_ext.a
LOAD zephyr/lib/net_buf/liblib__net_buf.a
LOAD zephyr/lib/os/zvfs/liblib__os__zvfs.a
LOAD zephyr/soc/soc/nrf52840/libsoc__nordic.a
LOAD zephyr/subsys/random/libsubsys__random.a
LOAD zephyr/subsys/usb/device_next/libsubsys__usb__device_next.a
LOAD zephyr/subsys/net/libsubsys__net.a
LOAD zephyr/subsys/net/l2/ethernet/libsubsys__net__l2__ethernet.a
LOAD zephyr/subsys/net/ip/libsubsys__net__ip.a
LOAD zephyr/drivers/usb/udc/libdrivers__usb__udc.a
LOAD zephyr/drivers/usb/common/buf/libdrivers__usb__common__buf.a
LOAD zephyr/drivers/usb/common/nrf_usbd_common/libdrivers__usb__common__nrf_usbd_common.a
LOAD zephyr/drivers/clock_control/libdrivers__clock_control.a
LOAD zephyr/drivers/entropy/libdrivers__entropy.a
LOAD zephyr/drivers/gpio/libdrivers__gpio.a
LOAD zephyr/drivers/hwinfo/libdrivers__hwinfo.a
LOAD zephyr/drivers/pinctrl/libdrivers__pinctrl.a
LOAD zephyr/drivers/serial/libdrivers__serial.a
LOAD zephyr/drivers/timer/libdrivers__timer.a
LOAD modules/hal_nordic/nrfx/libnrfx.a
LOAD zephyr/kernel/libkernel.a
LOAD zephyr/arch/common/libisr_tables.a
LOAD D:/Users/ORESANJO/Downloads/Zephyrus/tools/zephyr-sdk/gnu/arm-zephyr-eabi/bin/../lib/gcc/arm-zephyr-eabi/14.3.0/../../../../arm-zephyr-eabi/lib/thumb/v7e-m/nofp/space\libc.a
LOAD D:/Users/ORESANJO/Downloads/Zephyrus/tools/zephyr-sdk/gnu/arm-zephyr-eabi/bin/../lib/gcc/arm-zephyr-eabi/14.3.0/thumb/v7e-m/nofp/space\libgcc.a
                0x00000020                        _region_min_align = 0x20

.rel.plt        0x00027000        0x0
 *(SORT_BY_ALIGNMENT(.rel.plt))
                [!provide]                        PROVIDE (__rel_iplt_start = .)
 *(SORT_BY_ALIGNMENT(.rel.iplt))
 .rel.iplt      0x00027000        0x0 app/libapp.a(main.c.obj)
                [!provide]                        PROVIDE (__rel_iplt_end = .)

.rela.plt       0x00000000        0x0
 *(SORT_BY_ALIGNMENT(.rela.plt))
                [!provide]                        PROVIDE (__rela_iplt_start = .)
 *(SORT_BY_ALIGNMENT(.rela.iplt))
                [!provide]                        PROVIDE (__rela_iplt_end = .)

.rel.dyn
 *(SORT_BY_ALIGNMENT(.rel.*))

.rela.dyn
 *(SORT_BY_ALIGNMENT(.rela.*))

/DISCARD/
 *(SORT_BY_ALIGNMENT(.plt))

/DISCARD/
 *(SORT_BY_ALIGNMENT(.iplt))
                0x00027000                        __rom_region_start = 0x27000

rom_start       0x00027000      0x100
                0x00027000                        __rom_start_address = .
 FILL mask 0x00
                0x00027000                        . = (. + (0x0 - (. - __rom_start_address)))
                0x00027000                        . = ALIGN (0x4)
                0x00027000                        . = ALIGN (0x80)
                0x00027000                        . = ALIGN (0x100)
                0x00027000                        _vector_start = .
 *(SORT_BY_ALIGNMENT(.exc_vector_table))
 *(SORT_BY_ALIGNMENT(.exc_vector_table.*))
 .exc_vector_table._vector_table_section
                0x00027000       0x40 zephyr/arch/arch/arm/core/cortex_m/libarch__arm__core__cortex_m.a(vector_table.S.obj)
                0x00027000                _vector_table
 *(SORT_BY_ALIGNMENT(.vectors))
                0x00027100                        _vector_end = .
                0x00027040                        . = ALIGN (0x4)
 *(SORT_BY_ALIGNMENT(.gnu.linkonce.irq_vector_table*))
 .gnu.linkonce.irq_vector_table
                0x00027040       0xc0 zephyr/arch/common/libisr_tables.a(isr_tables.c.obj)
                0x00027040                _irq_vector_table
                0x00027100                        _vector_end = .

text            0x00027100    0x15204
                0x00027100                        __text_region_start = .
 *(SORT_BY_ALIGNMENT(.text))
 .text          0x00027100       0x30 D:/Users/ORESANJO/Downloads/Zephyrus/tools/zephyr-sdk/gnu/arm-zephyr-eabi/bin/../lib/gcc/arm-zephyr-eabi/14.3.0/thumb/v7e-m/nofp/space\libgcc.a(_aeabi_uldivmod.o)
                0x00027100                __aeabi_uldivmod
 .text          0x00027130        0x4 D:/Users/ORESANJO/Downloads/Zephyrus/tools/zephyr-sdk/gnu/arm-zephyr-eabi/bin/../lib/gcc/arm-zephyr-eabi/14.3.0/thumb/v7e-m/nofp/space\libgcc.a(_dvmd_tls.o)
                0x00027130                __aeabi_idiv0
                0x00027130                __aeabi_ldiv0
 .text          0x00027134       0x14 D:/Users/ORESANJO/Downloads/Zephyrus/tools/zephyr-sdk/gnu/arm-zephyr-eabi/bin/../lib/gcc/arm-zephyr-eabi/14.3.0/../../../../arm-zephyr-eabi/lib/thumb/v7e-m/nofp/space\libc.a(strcmp.S.o)
                0x00027134                strcmp
 .text          0x00027148       0x10 D:/Users/ORESANJO/Downloads/Zephyrus/tools/zephyr-sdk/gnu/arm-zephyr-eabi/bin/../lib/gcc/arm-zephyr-eabi/14.3.0/../../../../arm-zephyr-eabi/lib/thumb/v7e-m/nofp/space\libc.a(strlen.S.o)
                0x00027148                strlen
 .text          0x00027158      0x2bc D:/Users/ORESANJO/Downloads/Zephyrus/tools/zephyr-sdk/gnu/arm-zephyr-eabi/bin/../lib/gcc/arm-zephyr-eabi/14.3.0/thumb/v7e-m/nofp/space\libgcc.a(_udivmoddi4.o)
                0x00027158                __udivmoddi4
 *(SORT_BY_ALIGNMENT(.text.*))
 .text.mini_dhcp_thread
                0x00027414      0x190 app/libapp.a(main.c.obj)
 .text.debug_halt
                0x000275a4      0x190 app/libapp.a(main.c.obj)
                0x000275a4                debug_halt
 .text.main     0x00027734      0x390 app/libapp.a(main.c.obj)
                0x00027734                main
 .text.char_out
                0x00027ac4        0xc zephyr/libzephyr.a(printk.c.obj)
 .text.vprintk  0x00027ad0       0x30 zephyr/libzephyr.a(printk.c.obj)
                0x00027ad0                vprintk
 .text.z_thread_entry
                0x00027b00       0x34 zephyr/libzephyr.a(thread_entry.c.obj)
                0x00027b00                z_thread_entry
 .text.process_event
                0x00027b34      0x1e8 zephyr/libzephyr.a(onoff.c.obj)
 .text.mem_attr_get_regions
                0x00027d1c        0xc zephyr/libzephyr.a(mem_attr.c.obj)
                0x00027d1c                mem_attr_get_regions
 .text.cdc_acm_serial_init_device
                0x00027d28       0x8c zephyr/libzephyr.a(cdc_acm_serial.c.obj)
 .text.arch_bss_zero
                0x00027db4       0x18 zephyr/arch/common/libarch__common.a(init.c.obj)
                0x00027db4                arch_bss_zero
 .text.arch_data_copy
                0x00027dcc       0x38 zephyr/arch/common/libarch__common.a(xip.c.obj)
                0x00027dcc                arch_data_copy
 .text.z_arm_fatal_error
                0x00027e04       0x60 zephyr/arch/arch/arm/core/libarch__arm__core.a(fatal.c.obj)
                0x00027e04                z_arm_fatal_error
 .text.z_SysNmiOnReset
                0x00027e64        0x8 zephyr/arch/arch/arm/core/libarch__arm__core.a(nmi_on_reset.S.obj)
                0x00027e64                z_SysNmiOnReset
 .text.arch_tls_stack_setup
                0x00027e6c       0x40 zephyr/arch/arch/arm/core/libarch__arm__core.a(tls.c.obj)
                0x00027e6c                arch_tls_stack_setup
 .text.mem_manage_fault
                0x00027eac       0xf0 zephyr/arch/arch/arm/core/cortex_m/libarch__arm__core__cortex_m.a(fault.c.obj)
 .text.usage_fault.isra.0
                0x00027f9c       0x98 zephyr/arch/arch/arm/core/cortex_m/libarch__arm__core__cortex_m.a(fault.c.obj)
 .text.bus_fault.isra.0
                0x00028034       0xb8 zephyr/arch/arch/arm/core/cortex_m/libarch__arm__core__cortex_m.a(fault.c.obj)
 .text.z_arm_fault
                0x000280ec      0x1a8 zephyr/arch/arch/arm/core/cortex_m/libarch__arm__core__cortex_m.a(fault.c.obj)
                0x000280ec                z_arm_fault
 .text.z_arm_fault_init
                0x00028294       0x18 zephyr/arch/arch/arm/core/cortex_m/libarch__arm__core__cortex_m.a(fault.c.obj)
                0x00028294                z_arm_fault_init
 .text.__fault  0x000282ac       0x14 zephyr/arch/arch/arm/core/cortex_m/libarch__arm__core__cortex_m.a(fault_s.S.obj)
                0x000282ac                z_arm_usage_fault
                0x000282ac                z_arm_mpu_fault
                0x000282ac                z_arm_exc_spurious
                0x000282ac                z_arm_debug_monitor
                0x000282ac                z_arm_hard_fault
                0x000282ac                z_arm_bus_fault
 .text._reset_section
                0x000282c0       0x38 zephyr/arch/arch/arm/core/cortex_m/libarch__arm__core__cortex_m.a(reset.S.obj)
                0x000282c0                __start
                0x000282c0                z_arm_reset
 .text.z_arm_svc
                0x000282f8       0x24 zephyr/arch/arch/arm/core/cortex_m/libarch__arm__core__cortex_m.a(svc.S.obj)
                0x000282f8                z_arm_svc
 .text.arm_irq_enable
                0x0002831c       0x1c zephyr/arch/arch/arm/core/cortex_m/libarch__arm__core__cortex_m.a(irq_manage.c.obj)
                0x0002831c                arm_irq_enable
 .text.arm_irq_disable
                0x00028338       0x28 zephyr/arch/arch/arm/core/cortex_m/libarch__arm__core__cortex_m.a(irq_manage.c.obj)
                0x00028338                arm_irq_disable
 .text.arm_irq_is_enabled
                0x00028360       0x1c zephyr/arch/arch/arm/core/cortex_m/libarch__arm__core__cortex_m.a(irq_manage.c.obj)
                0x00028360                arm_irq_is_enabled
 .text.arm_irq_priority_set
                0x0002837c       0x30 zephyr/arch/arch/arm/core/cortex_m/libarch__arm__core__cortex_m.a(irq_manage.c.obj)
                0x0002837c                arm_irq_priority_set
 .text.relocate_vector_table
                0x000283ac       0x1c zephyr/arch/arch/arm/core/cortex_m/libarch__arm__core__cortex_m.a(prep_c.c.obj)
                0x000283ac                relocate_vector_table
 .text.z_prep_c
                0x000283c8       0x38 zephyr/arch/arch/arm/core/cortex_m/libarch__arm__core__cortex_m.a(prep_c.c.obj)
                0x000283c8                z_prep_c
 .text.arch_new_thread
                0x00028400       0x38 zephyr/arch/arch/arm/core/cortex_m/libarch__arm__core__cortex_m.a(thread.c.obj)
                0x00028400                arch_new_thread
 .text.z_check_thread_stack_fail
                0x00028438       0x2c zephyr/arch/arch/arm/core/cortex_m/libarch__arm__core__cortex_m.a(thread.c.obj)
                0x00028438                z_check_thread_stack_fail
 .text.arch_switch_to_main_thread
                0x00028464       0x3c zephyr/arch/arch/arm/core/cortex_m/libarch__arm__core__cortex_m.a(thread.c.obj)
                0x00028464                arch_switch_to_main_thread
 .text.z_arm_cpu_idle_init
                0x000284a0        0xc zephyr/arch/arch/arm/core/cortex_m/libarch__arm__core__cortex_m.a(cpu_idle.c.obj)
                0x000284a0                z_arm_cpu_idle_init
 .text._HandlerModeExit
                0x000284ac       0x20 zephyr/arch/arch/arm/core/cortex_m/libarch__arm__core__cortex_m.a(exc_exit.c.obj)
                0x000284ac                z_arm_int_exit
                0x000284ac                z_arm_exc_exit
 .text.z_impl_k_thread_abort
                0x000284cc       0x2c zephyr/arch/arch/arm/core/cortex_m/libarch__arm__core__cortex_m.a(thread_abort.c.obj)
                0x000284cc                z_impl_k_thread_abort
 .text.z_arm_pendsv
                0x000284f8       0x64 zephyr/arch/arch/arm/core/cortex_m/libarch__arm__core__cortex_m.a(swap_helper.S.obj)
                0x000284f8                z_arm_pendsv
 .text.z_arm_interrupt_init
                0x0002855c       0x18 zephyr/arch/arch/arm/core/cortex_m/libarch__arm__core__cortex_m.a(irq_init.c.obj)
                0x0002855c                z_arm_interrupt_init
 .text._isr_wrapper
                0x00028574       0x24 zephyr/arch/arch/arm/core/cortex_m/libarch__arm__core__cortex_m.a(isr_wrapper.c.obj)
                0x00028574                _isr_wrapper
 .text.__aeabi_read_tp
                0x00028598        0xc zephyr/arch/arch/arm/core/cortex_m/libarch__arm__core__cortex_m.a(__aeabi_read_tp.S.obj)
                0x00028598                __aeabi_read_tp
 .text.z_arm_configure_static_mpu_regions
                0x000285a4       0x18 zephyr/arch/arch/arm/core/mpu/libarch__arm__core__mpu.a(arm_core_mpu.c.obj)
                0x000285a4                z_arm_configure_static_mpu_regions
 .text.z_arm_configure_dynamic_mpu_regions
                0x000285bc       0x20 zephyr/arch/arch/arm/core/mpu/libarch__arm__core__mpu.a(arm_core_mpu.c.obj)
                0x000285bc                z_arm_configure_dynamic_mpu_regions
 .text.region_init
                0x000285dc       0x28 zephyr/arch/arch/arm/core/mpu/libarch__arm__core__mpu.a(arm_mpu.c.obj)
 .text.mpu_configure_regions
                0x00028604       0x6c zephyr/arch/arch/arm/core/mpu/libarch__arm__core__mpu.a(arm_mpu.c.obj)
 .text.arm_core_mpu_enable
                0x00028670       0x18 zephyr/arch/arch/arm/core/mpu/libarch__arm__core__mpu.a(arm_mpu.c.obj)
                0x00028670                arm_core_mpu_enable
 .text.arm_core_mpu_disable
                0x00028688       0x14 zephyr/arch/arch/arm/core/mpu/libarch__arm__core__mpu.a(arm_mpu.c.obj)
                0x00028688                arm_core_mpu_disable
 .text.arm_core_mpu_configure_static_mpu_regions
                0x0002869c       0x14 zephyr/arch/arch/arm/core/mpu/libarch__arm__core__mpu.a(arm_mpu.c.obj)
                0x0002869c                arm_core_mpu_configure_static_mpu_regions
 .text.arm_core_mpu_configure_dynamic_mpu_regions
                0x000286b0       0x38 zephyr/arch/arch/arm/core/mpu/libarch__arm__core__mpu.a(arm_mpu.c.obj)
                0x000286b0                arm_core_mpu_configure_dynamic_mpu_regions
 .text.z_arm_mpu_init
                0x000286e8      0x184 zephyr/arch/arch/arm/core/mpu/libarch__arm__core__mpu.a(arm_mpu.c.obj)
                0x000286e8                z_arm_mpu_init
 .text.malloc_prepare
                0x0002886c       0x24 zephyr/lib/libc/common/liblib__libc__common.a(malloc.c.obj)
 .text.net_buf_destroy
                0x00028890       0x38 zephyr/lib/net_buf/liblib__net_buf.a(buf.c.obj)
 .text.net_buf_pool_get
                0x000288c8       0x10 zephyr/lib/net_buf/liblib__net_buf.a(buf.c.obj)
                0x000288c8                net_buf_pool_get
 .text.net_buf_id
                0x000288d8       0x20 zephyr/lib/net_buf/liblib__net_buf.a(buf.c.obj)
                0x000288d8                net_buf_id
 .text.fixed_data_alloc
                0x000288f8       0x24 zephyr/lib/net_buf/liblib__net_buf.a(buf.c.obj)
 .text.net_buf_alloc_len
                0x0002891c       0xfc zephyr/lib/net_buf/liblib__net_buf.a(buf.c.obj)
                0x0002891c                net_buf_alloc_len
 .text.net_buf_unref
                0x00028a18       0x3c zephyr/lib/net_buf/liblib__net_buf.a(buf.c.obj)
                0x00028a18                net_buf_unref
 .text._check_fd
                0x00028a54       0x38 zephyr/lib/os/zvfs/liblib__os__zvfs.a(zvfs_fdtable.c.obj)
 .text.z_fd_unref.isra.0
                0x00028a8c       0x4c zephyr/lib/os/zvfs/liblib__os__zvfs.a(zvfs_fdtable.c.obj)
 .text.zvfs_get_fd_obj_and_vtable
                0x00028ad8       0x34 zephyr/lib/os/zvfs/liblib__os__zvfs.a(zvfs_fdtable.c.obj)
                0x00028ad8                zvfs_get_fd_obj_and_vtable
 .text.zvfs_reserve_fd
                0x00028b0c       0x8c zephyr/lib/os/zvfs/liblib__os__zvfs.a(zvfs_fdtable.c.obj)
                0x00028b0c                zvfs_reserve_fd
 .text.zvfs_finalize_typed_fd
                0x00028b98       0x50 zephyr/lib/os/zvfs/liblib__os__zvfs.a(zvfs_fdtable.c.obj)
                0x00028b98                zvfs_finalize_typed_fd
 .text.zvfs_close
                0x00028be8       0x64 zephyr/lib/os/zvfs/liblib__os__zvfs.a(zvfs_fdtable.c.obj)
                0x00028be8                zvfs_close
 .text.nordicsemi_nrf52_init
                0x00028c4c       0x38 zephyr/soc/soc/nrf52840/libsoc__nordic.a(soc.c.obj)
 .text.arch_busy_wait
                0x00028c84       0x24 zephyr/soc/soc/nrf52840/libsoc__nordic.a(soc.c.obj)
                0x00028c84                arch_busy_wait
 .text.gppi_init
                0x00028ca8       0x20 zephyr/soc/soc/nrf52840/libsoc__nordic.a(gppi_init.c.obj)
 .text.rand_get
                0x00028cc8       0x58 zephyr/subsys/random/libsubsys__random.a(random_entropy_device.c.obj)
 .text.nonstd_request
                0x00028d20       0xac zephyr/subsys/usb/device_next/libsubsys__usb__device_next.a(usbd_ch9.c.obj)
 .text.usbd_handle_ctrl_xfer
                0x00028dcc      0x940 zephyr/subsys/usb/device_next/libsubsys__usb__device_next.a(usbd_ch9.c.obj)
                0x00028dcc                usbd_handle_ctrl_xfer
 .text.usbd_event_carrier
                0x0002970c       0x48 zephyr/subsys/usb/device_next/libsubsys__usb__device_next.a(usbd_core.c.obj)
 .text.usbd_thread
                0x00029754      0x188 zephyr/subsys/usb/device_next/libsubsys__usb__device_next.a(usbd_core.c.obj)
 .text.usbd_pre_init
                0x000298dc       0xa4 zephyr/subsys/usb/device_next/libsubsys__usb__device_next.a(usbd_core.c.obj)
 .text.usbd_device_init_core
                0x00029980       0x30 zephyr/subsys/usb/device_next/libsubsys__usb__device_next.a(usbd_core.c.obj)
                0x00029980                usbd_device_init_core
 .text.usbd_class_node_get.part.0
                0x000299b0       0x2c zephyr/subsys/usb/device_next/libsubsys__usb__device_next.a(usbd_class.c.obj)
 .text.msg_work_handler
                0x000299dc       0x88 zephyr/subsys/usb/device_next/libsubsys__usb__device_next.a(usbd_msg.c.obj)
 .text.usbd_msg_pub
                0x00029a64       0x6c zephyr/subsys/usb/device_next/libsubsys__usb__device_next.a(usbd_msg.c.obj)
 .text.usbd_cdc_ncm_ctd
                0x00029ad0       0x30 zephyr/subsys/usb/device_next/libsubsys__usb__device_next.a(usbd_cdc_ncm.c.obj)
 .text.cdc_ncm_buf_alloc
                0x00029b00       0x18 zephyr/subsys/usb/device_next/libsubsys__usb__device_next.a(usbd_cdc_ncm.c.obj)
 .text.usbd_cdc_ncm_preinit
                0x00029b18       0x38 zephyr/subsys/usb/device_next/libsubsys__usb__device_next.a(usbd_cdc_ncm.c.obj)
 .text.send_notification_work
                0x00029b50       0xbc zephyr/subsys/usb/device_next/libsubsys__usb__device_next.a(usbd_cdc_ncm.c.obj)
 .text.usbd_cdc_ncm_cth
                0x00029c0c       0x6c zephyr/subsys/usb/device_next/libsubsys__usb__device_next.a(usbd_cdc_ncm.c.obj)
 .text.usbd_cdc_ncm_request
                0x00029c78      0x208 zephyr/subsys/usb/device_next/libsubsys__usb__device_next.a(usbd_cdc_ncm.c.obj)
 .text.z_impl_zsock_socket
                0x00029e80       0x64 zephyr/subsys/net/libsubsys__net.a(sockets.c.obj)
                0x00029e80                z_impl_zsock_socket
 .text.z_impl_zsock_shutdown
                0x00029ee4       0x5c zephyr/subsys/net/libsubsys__net.a(sockets.c.obj)
                0x00029ee4                z_impl_zsock_shutdown
 .text.z_impl_zsock_bind
                0x00029f40       0x58 zephyr/subsys/net/libsubsys__net.a(sockets.c.obj)
                0x00029f40                z_impl_zsock_bind
 .text.z_impl_zsock_listen
                0x00029f98       0x54 zephyr/subsys/net/libsubsys__net.a(sockets.c.obj)
                0x00029f98                z_impl_zsock_listen
 .text.z_impl_zsock_accept
                0x00029fec       0x58 zephyr/subsys/net/libsubsys__net.a(sockets.c.obj)
                0x00029fec                z_impl_zsock_accept
 .text.z_impl_zsock_sendto
                0x0002a044       0x6c zephyr/subsys/net/libsubsys__net.a(sockets.c.obj)
                0x0002a044                z_impl_zsock_sendto
 .text.z_impl_zsock_recvfrom
                0x0002a0b0       0x6c zephyr/subsys/net/libsubsys__net.a(sockets.c.obj)
                0x0002a0b0                z_impl_zsock_recvfrom
 .text.z_impl_zsock_setsockopt
                0x0002a11c       0x68 zephyr/subsys/net/libsubsys__net.a(sockets.c.obj)
                0x0002a11c                z_impl_zsock_setsockopt
 .text.ipv4_multicast_group.isra.0
                0x0002a184       0x4c zephyr/subsys/net/libsubsys__net.a(sockets_inet.c.obj)
 .text.zsock_socket_internal
                0x0002a1d0       0x88 zephyr/subsys/net/libsubsys__net.a(sockets_inet.c.obj)
 .text.send_check_and_wait
                0x0002a258      0x120 zephyr/subsys/net/libsubsys__net.a(sockets_inet.c.obj)
 .text.sock_ioctl_vmeth
                0x0002a378      0x1e8 zephyr/subsys/net/libsubsys__net.a(sockets_inet.c.obj)
 .text.zsock_accepted_cb
                0x0002a560       0x64 zephyr/subsys/net/libsubsys__net.a(sockets_inet.c.obj)
 .text.zsock_close_ctx
                0x0002a5c4       0x5c zephyr/subsys/net/libsubsys__net.a(sockets_inet.c.obj)
                0x0002a5c4                zsock_close_ctx
 .text.zsock_shutdown_ctx
                0x0002a620       0x68 zephyr/subsys/net/libsubsys__net.a(sockets_inet.c.obj)
                0x0002a620                zsock_shutdown_ctx
 .text.zsock_bind_ctx
                0x0002a688       0x50 zephyr/subsys/net/libsubsys__net.a(sockets_inet.c.obj)
                0x0002a688                zsock_bind_ctx
 .text.zsock_connect_ctx
                0x0002a6d8       0xe4 zephyr/subsys/net/libsubsys__net.a(sockets_inet.c.obj)
                0x0002a6d8                zsock_connect_ctx
 .text.zsock_listen_ctx
                0x0002a7bc       0x54 zephyr/subsys/net/libsubsys__net.a(sockets_inet.c.obj)
                0x0002a7bc                zsock_listen_ctx
 .text.zsock_sendto_ctx
                0x0002a810      0x108 zephyr/subsys/net/libsubsys__net.a(sockets_inet.c.obj)
                0x0002a810                zsock_sendto_ctx
 .text.zsock_accept_ctx
                0x0002a918      0x120 zephyr/subsys/net/libsubsys__net.a(sockets_inet.c.obj)
                0x0002a918                zsock_accept_ctx
 .text.zsock_recv_dgram
                0x0002aa38      0x2b0 zephyr/subsys/net/libsubsys__net.a(sockets_inet.c.obj)
 .text.zsock_recv_stream
                0x0002ace8      0x1a0 zephyr/subsys/net/libsubsys__net.a(sockets_inet.c.obj)
 .text.zsock_recvfrom_ctx
                0x0002ae88       0x5c zephyr/subsys/net/libsubsys__net.a(sockets_inet.c.obj)
                0x0002ae88                zsock_recvfrom_ctx
 .text.zsock_recvmsg_ctx
                0x0002aee4       0x78 zephyr/subsys/net/libsubsys__net.a(sockets_inet.c.obj)
                0x0002aee4                zsock_recvmsg_ctx
 .text.zsock_getsockopt_ctx
                0x0002af5c      0x188 zephyr/subsys/net/libsubsys__net.a(sockets_inet.c.obj)
                0x0002af5c                zsock_getsockopt_ctx
 .text.zsock_setsockopt_ctx
                0x0002b0e4      0x1fc zephyr/subsys/net/libsubsys__net.a(sockets_inet.c.obj)
                0x0002b0e4                zsock_setsockopt_ctx
 .text.zsock_getpeername_ctx
                0x0002b2e0       0x80 zephyr/subsys/net/libsubsys__net.a(sockets_inet.c.obj)
                0x0002b2e0                zsock_getpeername_ctx
 .text.zsock_getsockname_ctx
                0x0002b360       0x6c zephyr/subsys/net/libsubsys__net.a(sockets_inet.c.obj)
                0x0002b360                zsock_getsockname_ctx
 .text.ethernet_mcast_monitor_cb
                0x0002b3cc       0x80 zephyr/subsys/net/l2/ethernet/libsubsys__net__l2__ethernet.a(ethernet.c.obj)
 .text.ethernet_recv
                0x0002b44c      0x130 zephyr/subsys/net/l2/ethernet/libsubsys__net__l2__ethernet.a(ethernet.c.obj)
 .text.net_eth_broadcast_addr
                0x0002b57c        0x8 zephyr/subsys/net/l2/ethernet/libsubsys__net__l2__ethernet.a(ethernet.c.obj)
                0x0002b57c                net_eth_broadcast_addr
 .text.ethernet_send
                0x0002b584      0x188 zephyr/subsys/net/l2/ethernet/libsubsys__net__l2__ethernet.a(ethernet.c.obj)
 .text.ethernet_init
                0x0002b70c       0x58 zephyr/subsys/net/l2/ethernet/libsubsys__net__l2__ethernet.a(ethernet.c.obj)
                0x0002b70c                ethernet_init
 .text.ethernet_set_config
                0x0002b764      0x240 zephyr/subsys/net/l2/ethernet/libsubsys__net__l2__ethernet.a(ethernet_mgmt.c.obj)
                0x0002b764                net_mgmt_NET_REQUEST_ETHERNET_SET_QAV_PARAM
                0x0002b764                net_mgmt_NET_REQUEST_ETHERNET_SET_T1S_PARAM
                0x0002b764                net_mgmt_NET_REQUEST_ETHERNET_SET_TXINJECTION_MODE
                0x0002b764                net_mgmt_NET_REQUEST_ETHERNET_SET_QBU_PARAM
                0x0002b764                net_mgmt_NET_REQUEST_ETHERNET_SET_TXTIME_PARAM
                0x0002b764                net_mgmt_NET_REQUEST_ETHERNET_SET_PROMISC_MODE
                0x0002b764                net_mgmt_NET_REQUEST_ETHERNET_SET_QBV_PARAM
                0x0002b764                net_mgmt_NET_REQUEST_ETHERNET_SET_MAC_ADDRESS
                0x0002b764                net_mgmt_NET_REQUEST_ETHERNET_SET_MAC_FILTER
 .text.ethernet_mgmt_raise_carrier_on_event
                0x0002b9a4       0x1c zephyr/subsys/net/l2/ethernet/libsubsys__net__l2__ethernet.a(ethernet_mgmt.c.obj)
                0x0002b9a4                ethernet_mgmt_raise_carrier_on_event
 .text.ethernet_mgmt_raise_carrier_off_event
                0x0002b9c0       0x1c zephyr/subsys/net/l2/ethernet/libsubsys__net__l2__ethernet.a(ethernet_mgmt.c.obj)
                0x0002b9c0                ethernet_mgmt_raise_carrier_off_event
 .text.arp_entry_get_last_from_table
                0x0002b9dc       0x28 zephyr/subsys/net/l2/ethernet/libsubsys__net__l2__ethernet.a(arp.c.obj)
 .text.arp_request_timeout
                0x0002ba04       0xb8 zephyr/subsys/net/l2/ethernet/libsubsys__net__l2__ethernet.a(arp.c.obj)
 .text.net_arp_prepare
                0x0002babc      0x254 zephyr/subsys/net/l2/ethernet/libsubsys__net__l2__ethernet.a(arp.c.obj)
                0x0002babc                net_arp_prepare
 .text.net_arp_update
                0x0002bd10      0x15c zephyr/subsys/net/l2/ethernet/libsubsys__net__l2__ethernet.a(arp.c.obj)
                0x0002bd10                net_arp_update
 .text.net_arp_clear_cache
                0x0002be6c       0xc4 zephyr/subsys/net/l2/ethernet/libsubsys__net__l2__ethernet.a(arp.c.obj)
                0x0002be6c                net_arp_clear_cache
 .text.net_arp_clear_pending
                0x0002bf30       0x28 zephyr/subsys/net/l2/ethernet/libsubsys__net__l2__ethernet.a(arp.c.obj)
                0x0002bf30                net_arp_clear_pending
 .text.net_arp_init
                0x0002bf58       0x74 zephyr/subsys/net/l2/ethernet/libsubsys__net__l2__ethernet.a(arp.c.obj)
                0x0002bf58                net_arp_init
 .text.net_ipv4_is_ll_addr_raw
                0x0002bfcc       0x18 zephyr/subsys/net/ip/libsubsys__net__ip.a(net_if.c.obj)
 .text.iface_router_update_timer
                0x0002bfe4       0x90 zephyr/subsys/net/ip/libsubsys__net__ip.a(net_if.c.obj)
 .text.net_if_ipv4_get_best_match
                0x0002c074       0x88 zephyr/subsys/net/ip/libsubsys__net__ip.a(net_if.c.obj)
 .text.iface_router_expired
                0x0002c0fc       0xac zephyr/subsys/net/ip/libsubsys__net__ip.a(net_if.c.obj)
 .text.z_impl_net_if_get_by_index
                0x0002c1a8       0x24 zephyr/subsys/net/ip/libsubsys__net__ip.a(net_if.c.obj)
                0x0002c1a8                z_impl_net_if_get_by_index
 .text.net_if_get_default
                0x0002c1cc       0x24 zephyr/subsys/net/ip/libsubsys__net__ip.a(net_if.c.obj)
                0x0002c1cc                net_if_get_default
 .text.net_if_mcast_mon_register
                0x0002c1f0       0x44 zephyr/subsys/net/ip/libsubsys__net__ip.a(net_if.c.obj)
                0x0002c1f0                net_if_mcast_mon_register
 .text.net_if_config_ipv4_get
                0x0002c234       0x68 zephyr/subsys/net/ip/libsubsys__net__ip.a(net_if.c.obj)
                0x0002c234                net_if_config_ipv4_get
 .text.net_if_ipv4_is_addr_bcast_raw
                0x0002c29c       0x30 zephyr/subsys/net/ip/libsubsys__net__ip.a(net_if.c.obj)
                0x0002c29c                net_if_ipv4_is_addr_bcast_raw
 .text.net_if_ipv4_select_src_addr
                0x0002c2cc       0xc4 zephyr/subsys/net/ip/libsubsys__net__ip.a(net_if.c.obj)
                0x0002c2cc                net_if_ipv4_select_src_addr
 .text.net_if_ipv4_addr_lookup_raw
                0x0002c390       0x58 zephyr/subsys/net/ip/libsubsys__net__ip.a(net_if.c.obj)
                0x0002c390                net_if_ipv4_addr_lookup_raw
 .text.net_if_ipv4_addr_add
                0x0002c3e8       0xe8 zephyr/subsys/net/ip/libsubsys__net__ip.a(net_if.c.obj)
                0x0002c3e8                net_if_ipv4_addr_add
 .text.net_if_ipv4_maddr_lookup
                0x0002c4d0       0x5c zephyr/subsys/net/ip/libsubsys__net__ip.a(net_if.c.obj)
                0x0002c4d0                net_if_ipv4_maddr_lookup
 .text.update_operational_state
                0x0002c52c      0x1a0 zephyr/subsys/net/ip/libsubsys__net__ip.a(net_if.c.obj)
 .text.net_if_addr_unref
                0x0002c6cc       0x9c zephyr/subsys/net/ip/libsubsys__net__ip.a(net_if.c.obj)
                0x0002c6cc                net_if_addr_unref
 .text.net_if_call_link_cb
                0x0002c768       0x4c zephyr/subsys/net/ip/libsubsys__net__ip.a(net_if.c.obj)
                0x0002c768                net_if_call_link_cb
 .text.net_process_tx_packet
                0x0002c7b4       0xa4 zephyr/subsys/net/ip/libsubsys__net__ip.a(net_if.c.obj)
                0x0002c7b4                net_process_tx_packet
 .text.net_if_get_by_iface
                0x0002c858       0x24 zephyr/subsys/net/ip/libsubsys__net__ip.a(net_if.c.obj)
                0x0002c858                net_if_get_by_iface
 .text.net_if_up
                0x0002c87c       0x78 zephyr/subsys/net/ip/libsubsys__net__ip.a(net_if.c.obj)
                0x0002c87c                net_if_up
 .text.net_if_down
                0x0002c8f4       0x5c zephyr/subsys/net/ip/libsubsys__net__ip.a(net_if.c.obj)
                0x0002c8f4                net_if_down
 .text.net_if_is_wifi
                0x0002c950       0x30 zephyr/subsys/net/ip/libsubsys__net__ip.a(net_if.c.obj)
                0x0002c950                net_if_is_wifi
 .text.net_if_set_name
                0x0002c980       0x64 zephyr/subsys/net/ip/libsubsys__net__ip.a(net_if.c.obj)
                0x0002c980                net_if_set_name
 .text.net_if_get_by_name
                0x0002c9e4       0x44 zephyr/subsys/net/ip/libsubsys__net__ip.a(net_if.c.obj)
                0x0002c9e4                net_if_get_by_name
 .text.net_if_init
                0x0002ca28      0x134 zephyr/subsys/net/ip/libsubsys__net__ip.a(net_if.c.obj)
                0x0002ca28                net_if_init
 .text.net_if_post_init
                0x0002cb5c       0x28 zephyr/subsys/net/ip/libsubsys__net__ip.a(net_if.c.obj)
                0x0002cb5c                net_if_post_init
 .text.z_impl_net_addr_pton
                0x0002cb84      0x1b8 zephyr/subsys/net/ip/libsubsys__net__ip.a(utils.c.obj)
                0x0002cb84                z_impl_net_addr_pton
 .text.net_ipv4_unspecified_address
                0x0002cd3c        0x8 zephyr/subsys/net/ip/libsubsys__net__ip.a(utils.c.obj)
                0x0002cd3c                net_ipv4_unspecified_address
 .text.net_ipv4_broadcast_address
                0x0002cd44        0x8 zephyr/subsys/net/ip/libsubsys__net__ip.a(utils.c.obj)
                0x0002cd44                net_ipv4_broadcast_address
 .text.mgmt_event_work_handler
                0x0002cd4c      0x13c zephyr/subsys/net/ip/libsubsys__net__ip.a(net_mgmt.c.obj)
 .text.mgmt_rebuild_global_event_mask
                0x0002ce88       0x74 zephyr/subsys/net/ip/libsubsys__net__ip.a(net_mgmt.c.obj)
 .text.net_mgmt_event_notify_with_info
                0x0002cefc       0x8c zephyr/subsys/net/ip/libsubsys__net__ip.a(net_mgmt.c.obj)
                0x0002cefc                net_mgmt_event_notify_with_info
 .text.net_mgmt_event_init
                0x0002cf88       0x3c zephyr/subsys/net/ip/libsubsys__net__ip.a(net_mgmt.c.obj)
                0x0002cf88                net_mgmt_event_init
 .text.net_context_packet_received
                0x0002cfc4       0xb0 zephyr/subsys/net/ip/libsubsys__net__ip.a(net_context.c.obj)
                0x0002cfc4                net_context_packet_received
 .text.check_used_port.isra.0
                0x0002d074       0xe4 zephyr/subsys/net/ip/libsubsys__net__ip.a(net_context.c.obj)
 .text.net_context_get
                0x0002d158      0x1b0 zephyr/subsys/net/ip/libsubsys__net__ip.a(net_context.c.obj)
                0x0002d158                net_context_get
 .text.net_context_put
                0x0002d308       0x50 zephyr/subsys/net/ip/libsubsys__net__ip.a(net_context.c.obj)
                0x0002d308                net_context_put
 .text.net_context_recv
                0x0002d358      0x150 zephyr/subsys/net/ip/libsubsys__net__ip.a(net_context.c.obj)
                0x0002d358                net_context_recv
 .text.net_context_set_option
                0x0002d4a8      0x13c zephyr/subsys/net/ip/libsubsys__net__ip.a(net_context.c.obj)
                0x0002d4a8                net_context_set_option
 .text.net_context_get_option
                0x0002d5e4      0x148 zephyr/subsys/net/ip/libsubsys__net__ip.a(net_context.c.obj)
                0x0002d5e4                net_context_get_option
 .text.net_context_init
                0x0002d72c       0x10 zephyr/subsys/net/ip/libsubsys__net__ip.a(net_context.c.obj)
                0x0002d72c                net_context_init
 .text.net_pkt_get_reserve_rx_data
                0x0002d73c        0xc zephyr/subsys/net/ip/libsubsys__net__ip.a(net_pkt.c.obj)
                0x0002d73c                net_pkt_get_reserve_rx_data
 .text.net_pkt_get_reserve_tx_data
                0x0002d748        0xc zephyr/subsys/net/ip/libsubsys__net__ip.a(net_pkt.c.obj)
                0x0002d748                net_pkt_get_reserve_tx_data
 .text.net_pkt_get_frag
                0x0002d754       0x20 zephyr/subsys/net/ip/libsubsys__net__ip.a(net_pkt.c.obj)
                0x0002d754                net_pkt_get_frag
 .text.pkt_alloc
                0x0002d774       0x60 zephyr/subsys/net/ip/libsubsys__net__ip.a(net_pkt.c.obj)
 .text.net_pkt_alloc
                0x0002d7d4       0x10 zephyr/subsys/net/ip/libsubsys__net__ip.a(net_pkt.c.obj)
                0x0002d7d4                net_pkt_alloc
 .text.net_pkt_alloc_buffer_raw
                0x0002d7e4       0x60 zephyr/subsys/net/ip/libsubsys__net__ip.a(net_pkt.c.obj)
                0x0002d7e4                net_pkt_alloc_buffer_raw
 .text.net_pkt_alloc_buffer_with_reserve
                0x0002d844       0xec zephyr/subsys/net/ip/libsubsys__net__ip.a(net_pkt.c.obj)
                0x0002d844                net_pkt_alloc_buffer_with_reserve
 .text.net_pkt_alloc_buffer
                0x0002d930       0x7c zephyr/subsys/net/ip/libsubsys__net__ip.a(net_pkt.c.obj)
                0x0002d930                net_pkt_alloc_buffer
 .text.net_pkt_alloc_with_buffer
                0x0002d9ac       0x24 zephyr/subsys/net/ip/libsubsys__net__ip.a(net_pkt.c.obj)
                0x0002d9ac                net_pkt_alloc_with_buffer
 .text.net_pkt_rx_alloc_with_buffer
                0x0002d9d0       0x24 zephyr/subsys/net/ip/libsubsys__net__ip.a(net_pkt.c.obj)
                0x0002d9d0                net_pkt_rx_alloc_with_buffer
 .text.net_pkt_tx_init
                0x0002d9f4       0x28 zephyr/subsys/net/ip/libsubsys__net__ip.a(net_pkt.c.obj)
                0x0002d9f4                net_pkt_tx_init
 .text.net_tc_try_submit_to_tx_queue
                0x0002da1c       0x18 zephyr/subsys/net/ip/libsubsys__net__ip.a(net_tc.c.obj)
                0x0002da1c                net_tc_try_submit_to_tx_queue
 .text.net_tc_submit_to_rx_queue
                0x0002da34       0x18 zephyr/subsys/net/ip/libsubsys__net__ip.a(net_tc.c.obj)
                0x0002da34                net_tc_submit_to_rx_queue
 .text.net_tx_priority2tc
                0x0002da4c       0x10 zephyr/subsys/net/ip/libsubsys__net__ip.a(net_tc.c.obj)
                0x0002da4c                net_tx_priority2tc
 .text.net_tc_tx_init
                0x0002da5c       0x50 zephyr/subsys/net/ip/libsubsys__net__ip.a(net_tc.c.obj)
                0x0002da5c                net_tc_tx_init
 .text.net_tc_rx_init
                0x0002daac       0x50 zephyr/subsys/net/ip/libsubsys__net__ip.a(net_tc.c.obj)
                0x0002daac                net_tc_rx_init
 .text.icmp_call_handlers
                0x0002dafc       0x78 zephyr/subsys/net/ip/libsubsys__net__ip.a(icmp.c.obj)
 .text.net_icmp_init_ctx
                0x0002db74       0x68 zephyr/subsys/net/ip/libsubsys__net__ip.a(icmp.c.obj)
                0x0002db74                net_icmp_init_ctx
 .text.k_mutex_lock.constprop.0.isra.0
                0x0002dbdc       0x10 zephyr/subsys/net/ip/libsubsys__net__ip.a(connection.c.obj)
 .text.k_mutex_unlock.constprop.0.isra.0
                0x0002dbec        0xc zephyr/subsys/net/ip/libsubsys__net__ip.a(connection.c.obj)
 .text.conn_set_unused
                0x0002dbf8       0x34 zephyr/subsys/net/ip/libsubsys__net__ip.a(connection.c.obj)
 .text.net_conn_register
                0x0002dc2c      0x1e8 zephyr/subsys/net/ip/libsubsys__net__ip.a(connection.c.obj)
                0x0002dc2c                net_conn_register
 .text.net_conn_unregister
                0x0002de14       0x78 zephyr/subsys/net/ip/libsubsys__net__ip.a(connection.c.obj)
                0x0002de14                net_conn_unregister
 .text.net_conn_update
                0x0002de8c       0x58 zephyr/subsys/net/ip/libsubsys__net__ip.a(connection.c.obj)
                0x0002de8c                net_conn_update
 .text.net_conn_input
                0x0002dee4      0x244 zephyr/subsys/net/ip/libsubsys__net__ip.a(connection.c.obj)
                0x0002dee4                net_conn_input
 .text.net_conn_init
                0x0002e128       0x3c zephyr/subsys/net/ip/libsubsys__net__ip.a(connection.c.obj)
                0x0002e128                net_conn_init
 .text.net_icmpv4_init
                0x0002e164       0x20 zephyr/subsys/net/ip/libsubsys__net__ip.a(icmpv4.c.obj)
                0x0002e164                net_icmpv4_init
 .text.tcp_send
                0x0002e184       0x3c zephyr/subsys/net/ip/libsubsys__net__ip.a(tcp.c.obj)
 .text.tcp_setup_retransmission
                0x0002e1c0       0x3c zephyr/subsys/net/ip/libsubsys__net__ip.a(tcp.c.obj)
 .text.tcp_setup_last_ack_timer
                0x0002e1fc       0x4c zephyr/subsys/net/ip/libsubsys__net__ip.a(tcp.c.obj)
 .text.tcp_enter_time_wait.isra.0
                0x0002e248       0x24 zephyr/subsys/net/ip/libsubsys__net__ip.a(tcp.c.obj)
 .text.tcp_conn_release
                0x0002e26c      0x1e4 zephyr/subsys/net/ip/libsubsys__net__ip.a(tcp.c.obj)
 .text.tcp_conn_unref.isra.0
                0x0002e450       0x38 zephyr/subsys/net/ip/libsubsys__net__ip.a(tcp.c.obj)
 .text.net_tcp_get
                0x0002e488      0x17c zephyr/subsys/net/ip/libsubsys__net__ip.a(tcp.c.obj)
                0x0002e488                net_tcp_get
 .text.net_tcp_accept
                0x0002e604       0x90 zephyr/subsys/net/ip/libsubsys__net__ip.a(tcp.c.obj)
                0x0002e604                net_tcp_accept
 .text.net_tcp_foreach
                0x0002e694       0x54 zephyr/subsys/net/ip/libsubsys__net__ip.a(tcp.c.obj)
                0x0002e694                net_tcp_foreach
 .text.tcp_out_ext
                0x0002e6e8      0x200 zephyr/subsys/net/ip/libsubsys__net__ip.a(tcp.c.obj)
 .text.net_tcp_put
                0x0002e8e8      0x110 zephyr/subsys/net/ip/libsubsys__net__ip.a(tcp.c.obj)
                0x0002e8e8                net_tcp_put
 .text.tcp_send_zwp
                0x0002e9f8       0xc4 zephyr/subsys/net/ip/libsubsys__net__ip.a(tcp.c.obj)
 .text.net_tcp_connect
                0x0002eabc      0x1f8 zephyr/subsys/net/ip/libsubsys__net__ip.a(tcp.c.obj)
                0x0002eabc                net_tcp_connect
 .text.tcp_resend_data
                0x0002ecb4      0x1d0 zephyr/subsys/net/ip/libsubsys__net__ip.a(tcp.c.obj)
 .text.tcp_data_get
                0x0002ee84      0x100 zephyr/subsys/net/ip/libsubsys__net__ip.a(tcp.c.obj)
 .text.tcp_recv
                0x0002ef84     0x103c zephyr/subsys/net/ip/libsubsys__net__ip.a(tcp.c.obj)
 .text.net_tcp_close_all_for_iface
                0x0002ffc0        0xc zephyr/subsys/net/ip/libsubsys__net__ip.a(tcp.c.obj)
                0x0002ffc0                net_tcp_close_all_for_iface
 .text.net_tcp_init
                0x0002ffcc       0x50 zephyr/subsys/net/ip/libsubsys__net__ip.a(tcp.c.obj)
                0x0002ffcc                net_tcp_init
 .text.udc_ep_buf_alloc
                0x0003001c       0x30 zephyr/drivers/usb/udc/libdrivers__usb__udc.a(udc_common.c.obj)
                0x0003001c                udc_ep_buf_alloc
 .text.usbd_ep_amount_get
                0x0003004c       0x38 zephyr/drivers/usb/udc/libdrivers__usb__udc.a(udc_nrf.c.obj)
 .text.usbd_ep_abort
                0x00030084       0x98 zephyr/drivers/usb/udc/libdrivers__usb__udc.a(udc_nrf.c.obj)
 .text.usbd_errata_187_211_begin
                0x0003011c       0x3c zephyr/drivers/usb/udc/libdrivers__usb__udc.a(udc_nrf.c.obj)
 .text.usbd_errata_187_211_end
                0x00030158       0x3c zephyr/drivers/usb/udc/libdrivers__usb__udc.a(udc_nrf.c.obj)
 .text.nrf_usbd_start_transfer
                0x00030194       0x70 zephyr/drivers/usb/udc/libdrivers__usb__udc.a(udc_nrf.c.obj)
 .text.nrf_usbd_legacy_ep_stall_clear
                0x00030204       0x60 zephyr/drivers/usb/udc/libdrivers__usb__udc.a(udc_nrf.c.obj)
 .text.udc_nrf_ep_enable
                0x00030264       0x68 zephyr/drivers/usb/udc/libdrivers__usb__udc.a(udc_nrf.c.obj)
 .text.udc_nrf_ep_set_halt
                0x000302cc       0x20 zephyr/drivers/usb/udc/libdrivers__usb__udc.a(udc_nrf.c.obj)
 .text.udc_event_xfer_in_next
                0x000302ec       0x6c zephyr/drivers/usb/udc/libdrivers__usb__udc.a(udc_nrf.c.obj)
 .text.udc_event_xfer_out_next
                0x00030358       0x6c zephyr/drivers/usb/udc/libdrivers__usb__udc.a(udc_nrf.c.obj)
 .text.udc_nrf_init
                0x000303c4       0x4c zephyr/drivers/usb/udc/libdrivers__usb__udc.a(udc_nrf.c.obj)
 .text.udc_nrf_power_handler
                0x00030410       0x60 zephyr/drivers/usb/udc/libdrivers__usb__udc.a(udc_nrf.c.obj)
 .text.k_event_post.constprop.0.isra.0
                0x00030470        0xc zephyr/drivers/usb/udc/libdrivers__usb__udc.a(udc_nrf.c.obj)
 .text.udc_nrf_set_address
                0x0003047c       0x20 zephyr/drivers/usb/udc/libdrivers__usb__udc.a(udc_nrf.c.obj)
 .text.udc_nrf_ep_dequeue
                0x0003049c       0x48 zephyr/drivers/usb/udc/libdrivers__usb__udc.a(udc_nrf.c.obj)
 .text.udc_nrf_driver_init
                0x000304e4      0x160 zephyr/drivers/usb/udc/libdrivers__usb__udc.a(udc_nrf.c.obj)
 .text.udc_nrf_ep_enqueue
                0x00030644       0x2c zephyr/drivers/usb/udc/libdrivers__usb__udc.a(udc_nrf.c.obj)
 .text.udc_nrf_ep_clear_halt
                0x00030670       0x24 zephyr/drivers/usb/udc/libdrivers__usb__udc.a(udc_nrf.c.obj)
 .text.udc_nrf_ep_disable
                0x00030694       0x64 zephyr/drivers/usb/udc/libdrivers__usb__udc.a(udc_nrf.c.obj)
 .text.udc_nrf_thread
                0x000306f8      0x380 zephyr/drivers/usb/udc/libdrivers__usb__udc.a(udc_nrf.c.obj)
 .text.usbd_dma_pending_clear
                0x00030a78       0x1c zephyr/drivers/usb/udc/libdrivers__usb__udc.a(udc_nrf.c.obj)
 .text.udc_nrf_disable
                0x00030a94      0x110 zephyr/drivers/usb/udc/libdrivers__usb__udc.a(udc_nrf.c.obj)
 .text.nrf_usbd_irq_handler
                0x00030ba4      0x480 zephyr/drivers/usb/udc/libdrivers__usb__udc.a(udc_nrf.c.obj)
 .text.udc_nrf_host_wakeup
                0x00031024       0x78 zephyr/drivers/usb/udc/libdrivers__usb__udc.a(udc_nrf.c.obj)
 .text.udc_nrf_enable
                0x0003109c      0x1a0 zephyr/drivers/usb/udc/libdrivers__usb__udc.a(udc_nrf.c.obj)
 .text.onoff_stop
                0x0003123c       0x30 zephyr/drivers/clock_control/libdrivers__clock_control.a(clock_control_nrf.c.obj)
 .text.onoff_start
                0x0003126c       0x44 zephyr/drivers/clock_control/libdrivers__clock_control.a(clock_control_nrf.c.obj)
 .text.clk_init
                0x000312b0       0x58 zephyr/drivers/clock_control/libdrivers__clock_control.a(clock_control_nrf.c.obj)
 .text.api_blocking_start
                0x00031308       0x38 zephyr/drivers/clock_control/libdrivers__clock_control.a(clock_control_nrf.c.obj)
 .text.generic_hfclk_stop
                0x00031340       0x34 zephyr/drivers/clock_control/libdrivers__clock_control.a(clock_control_nrf.c.obj)
 .text.clkstarted_handle.constprop.0
                0x00031374       0x4c zephyr/drivers/clock_control/libdrivers__clock_control.a(clock_control_nrf.c.obj)
 .text.generic_hfclk_start
                0x000313c0       0x78 zephyr/drivers/clock_control/libdrivers__clock_control.a(clock_control_nrf.c.obj)
 .text.clock_event_handler
                0x00031438       0x1c zephyr/drivers/clock_control/libdrivers__clock_control.a(clock_control_nrf.c.obj)
 .text.z_nrf_clock_control_get_onoff
                0x00031454       0x10 zephyr/drivers/clock_control/libdrivers__clock_control.a(clock_control_nrf.c.obj)
                0x00031454                z_nrf_clock_control_get_onoff
 .text.z_nrf_clock_control_lf_on
                0x00031464       0xfc zephyr/drivers/clock_control/libdrivers__clock_control.a(clock_control_nrf.c.obj)
                0x00031464                z_nrf_clock_control_lf_on
 .text.random_byte_get
                0x00031560       0x3c zephyr/drivers/entropy/libdrivers__entropy.a(entropy_nrf5.c.obj)
 .text.rng_pool_get
                0x0003159c       0x84 zephyr/drivers/entropy/libdrivers__entropy.a(entropy_nrf5.c.obj)
 .text.entropy_nrf5_get_entropy_isr
                0x00031620       0xb0 zephyr/drivers/entropy/libdrivers__entropy.a(entropy_nrf5.c.obj)
 .text.entropy_nrf5_get_entropy
                0x000316d0       0x54 zephyr/drivers/entropy/libdrivers__entropy.a(entropy_nrf5.c.obj)
 .text.entropy_nrf5_init
                0x00031724       0x70 zephyr/drivers/entropy/libdrivers__entropy.a(entropy_nrf5.c.obj)
 .text.isr      0x00031794       0x74 zephyr/drivers/entropy/libdrivers__entropy.a(entropy_nrf5.c.obj)
 .text.gpio_nrfx_pin_configure
                0x00031808      0x184 zephyr/drivers/gpio/libdrivers__gpio.a(gpio_nrfx.c.obj)
 .text.nrfx_gpio_handler
                0x0003198c       0x4c zephyr/drivers/gpio/libdrivers__gpio.a(gpio_nrfx.c.obj)
 .text.gpio_nrfx_init
                0x000319d8       0x3c zephyr/drivers/gpio/libdrivers__gpio.a(gpio_nrfx.c.obj)
 .text.gpio_nrfx_pin_interrupt_configure
                0x00031a14       0xfc zephyr/drivers/gpio/libdrivers__gpio.a(gpio_nrfx.c.obj)
 .text.nrf_gpio_pin_port_decode
                0x00031b10       0x20 zephyr/drivers/pinctrl/libdrivers__pinctrl.a(pinctrl_nrf.c.obj)
 .text.pinctrl_configure_pins
                0x00031b30      0x198 zephyr/drivers/pinctrl/libdrivers__pinctrl.a(pinctrl_nrf.c.obj)
                0x00031b30                pinctrl_configure_pins
 .text.uarte_nrfx_poll_out
                0x00031cc8       0xb8 zephyr/drivers/serial/libdrivers__serial.a(uart_nrfx_uarte.c.obj)
 .text.compare_int_lock
                0x00031d80       0x4c zephyr/drivers/timer/libdrivers__timer.a(nrf_rtc_timer.c.obj)
 .text.sys_clock_timeout_handler
                0x00031dcc       0x58 zephyr/drivers/timer/libdrivers__timer.a(nrf_rtc_timer.c.obj)
 .text.compare_int_unlock
                0x00031e24       0x5c zephyr/drivers/timer/libdrivers__timer.a(nrf_rtc_timer.c.obj)
 .text.z_nrf_rtc_timer_read
                0x00031e80       0x44 zephyr/drivers/timer/libdrivers__timer.a(nrf_rtc_timer.c.obj)
                0x00031e80                z_nrf_rtc_timer_read
 .text.compare_set
                0x00031ec4      0x130 zephyr/drivers/timer/libdrivers__timer.a(nrf_rtc_timer.c.obj)
 .text.sys_clock_driver_init
                0x00031ff4       0x90 zephyr/drivers/timer/libdrivers__timer.a(nrf_rtc_timer.c.obj)
 .text.rtc_nrf_isr
                0x00032084       0xd0 zephyr/drivers/timer/libdrivers__timer.a(nrf_rtc_timer.c.obj)
                0x00032084                rtc_nrf_isr
 .text.sys_clock_set_timeout
                0x00032154       0x5c zephyr/drivers/timer/libdrivers__timer.a(nrf_rtc_timer.c.obj)
                0x00032154                sys_clock_set_timeout
 .text.sys_clock_elapsed
                0x000321b0       0x14 zephyr/drivers/timer/libdrivers__timer.a(nrf_rtc_timer.c.obj)
                0x000321b0                sys_clock_elapsed
 .text.nvmc_wait
                0x000321c4       0x10 modules/hal_nordic/nrfx/libnrfx.a(system_nrf52840.c.obj)
                0x000321c4                nvmc_wait
 .text.SystemInit
                0x000321d4      0x1ac modules/hal_nordic/nrfx/libnrfx.a(system_nrf52840.c.obj)
                0x000321d4                SystemInit
 .text.nrfx_gppi_init
                0x00032380        0xc modules/hal_nordic/nrfx/libnrfx.a(nrfx_gppi_ppi.c.obj)
                0x00032380                nrfx_gppi_init
 .text.nrfx_gppi_domain_conn_alloc
                0x0003238c       0x1c modules/hal_nordic/nrfx/libnrfx.a(nrfx_gppi_ppi.c.obj)
                0x0003238c                nrfx_gppi_domain_conn_alloc
 .text.nrfx_gppi_conn_enable
                0x000323a8       0x10 modules/hal_nordic/nrfx/libnrfx.a(nrfx_gppi_ppi.c.obj)
                0x000323a8                nrfx_gppi_conn_enable
 .text.hfclk_event_handler
                0x000323b8        0xc modules/hal_nordic/nrfx/libnrfx.a(nrfx_clock.c.obj)
 .text.lfclk_event_handler
                0x000323c4        0xc modules/hal_nordic/nrfx/libnrfx.a(nrfx_clock.c.obj)
 .text.nrfx_clock_init
                0x000323d0       0x40 modules/hal_nordic/nrfx/libnrfx.a(nrfx_clock.c.obj)
                0x000323d0                nrfx_clock_init
 .text.nrfx_clock_enable
                0x00032410       0x24 modules/hal_nordic/nrfx/libnrfx.a(nrfx_clock.c.obj)
                0x00032410                nrfx_clock_enable
 .text.clock_stop
                0x00032434       0x4c modules/hal_nordic/nrfx/libnrfx.a(nrfx_clock_hfclk.c.obj)
 .text.nrfx_clock_hfclk_init
                0x00032480       0x28 modules/hal_nordic/nrfx/libnrfx.a(nrfx_clock_hfclk.c.obj)
                0x00032480                nrfx_clock_hfclk_init
 .text.nrfx_clock_hfclk_start
                0x000324a8       0x38 modules/hal_nordic/nrfx/libnrfx.a(nrfx_clock_hfclk.c.obj)
                0x000324a8                nrfx_clock_hfclk_start
 .text.nrfx_clock_hfclk_irq_handler
                0x000324e0       0x40 modules/hal_nordic/nrfx/libnrfx.a(nrfx_clock_hfclk.c.obj)
                0x000324e0                nrfx_clock_hfclk_irq_handler
 .text.nrfx_clock_lfclk_init
                0x00032520       0x24 modules/hal_nordic/nrfx/libnrfx.a(nrfx_clock_lfclk.c.obj)
                0x00032520                nrfx_clock_lfclk_init
 .text.nrfx_clock_lfclk_start
                0x00032544       0x80 modules/hal_nordic/nrfx/libnrfx.a(nrfx_clock_lfclk.c.obj)
                0x00032544                nrfx_clock_lfclk_start
 .text.nrfx_clock_lfclk_irq_handler
                0x000325c4       0x70 modules/hal_nordic/nrfx/libnrfx.a(nrfx_clock_lfclk.c.obj)
                0x000325c4                nrfx_clock_lfclk_irq_handler
 .text.nrf_gpio_pin_port_decode
                0x00032634       0x20 modules/hal_nordic/nrfx/libnrfx.a(nrfx_gpiote.c.obj)
 .text.get_pin_idx
                0x00032654       0x14 modules/hal_nordic/nrfx/libnrfx.a(nrfx_gpiote.c.obj)
 .text.latch_pending_read_and_check
                0x00032668       0x60 modules/hal_nordic/nrfx/libnrfx.a(nrfx_gpiote.c.obj)
 .text.pin_uninit
                0x000326c8       0x78 modules/hal_nordic/nrfx/libnrfx.a(nrfx_gpiote.c.obj)
 .text.nrfx_gpiote_channel_free
                0x00032740        0xc modules/hal_nordic/nrfx/libnrfx.a(nrfx_gpiote.c.obj)
                0x00032740                nrfx_gpiote_channel_free
 .text.nrfx_gpiote_channel_alloc
                0x0003274c       0x18 modules/hal_nordic/nrfx/libnrfx.a(nrfx_gpiote.c.obj)
                0x0003274c                nrfx_gpiote_channel_alloc
 .text.nrfx_gpiote_irq_handler
                0x00032764      0x1cc modules/hal_nordic/nrfx/libnrfx.a(nrfx_gpiote.c.obj)
                0x00032764                nrfx_gpiote_irq_handler
 .text.nrfx_power_init
                0x00032930       0x64 modules/hal_nordic/nrfx/libnrfx.a(nrfx_power.c.obj)
                0x00032930                nrfx_power_init
 .text.nrfx_power_usbevt_uninit
                0x00032994       0x18 modules/hal_nordic/nrfx/libnrfx.a(nrfx_power.c.obj)
                0x00032994                nrfx_power_usbevt_uninit
 .text.nrfx_power_usbevt_init
                0x000329ac       0x14 modules/hal_nordic/nrfx/libnrfx.a(nrfx_power.c.obj)
                0x000329ac                nrfx_power_usbevt_init
 .text.nrfx_power_irq_handler
                0x000329c0       0xa0 modules/hal_nordic/nrfx/libnrfx.a(nrfx_power.c.obj)
                0x000329c0                nrfx_power_irq_handler
 .text.z_fatal_error
                0x00032a60       0x30 zephyr/kernel/libkernel.a(fatal.c.obj)
                0x00032a60                z_fatal_error
 .text.z_sys_init_run_level
                0x00032a90       0x30 zephyr/kernel/libkernel.a(init.c.obj)
 .text.bg_thread_main
                0x00032ac0       0xc0 zephyr/kernel/libkernel.a(init.c.obj)
 .text.z_init_cpu
                0x00032b80       0x70 zephyr/kernel/libkernel.a(init.c.obj)
                0x00032b80                z_init_cpu
 .text.z_cstart
                0x00032bf0       0xcc zephyr/kernel/libkernel.a(init.c.obj)
                0x00032bf0                z_cstart
 .text.statics_init
                0x00032cbc       0x24 zephyr/kernel/libkernel.a(kheap.c.obj)
 .text.k_heap_aligned_alloc
                0x00032ce0       0x1c zephyr/kernel/libkernel.a(kheap.c.obj)
                0x00032ce0                k_heap_aligned_alloc
 .text.init_mem_slab_obj_core_list
                0x00032cfc       0x28 zephyr/kernel/libkernel.a(mem_slab.c.obj)
 .text.k_mem_slab_alloc
                0x00032d24       0x5c zephyr/kernel/libkernel.a(mem_slab.c.obj)
                0x00032d24                k_mem_slab_alloc
 .text.put_msg_in_queue
                0x00032d80       0xd8 zephyr/kernel/libkernel.a(msg_q.c.obj)
 .text.z_impl_k_msgq_get
                0x00032e58       0xc8 zephyr/kernel/libkernel.a(msg_q.c.obj)
                0x00032e58                z_impl_k_msgq_get
 .text.z_impl_k_mutex_lock
                0x00032f20       0xe4 zephyr/kernel/libkernel.a(mutex.c.obj)
                0x00032f20                z_impl_k_mutex_lock
 .text.z_impl_k_mutex_unlock
                0x00033004       0xa0 zephyr/kernel/libkernel.a(mutex.c.obj)
                0x00033004                z_impl_k_mutex_unlock
 .text.z_impl_k_queue_get
                0x000330a4       0x64 zephyr/kernel/libkernel.a(queue.c.obj)
                0x000330a4                z_impl_k_queue_get
 .text.z_impl_k_sem_give
                0x00033108       0x74 zephyr/kernel/libkernel.a(sem.c.obj)
                0x00033108                z_impl_k_sem_give
 .text.z_impl_k_sem_take
                0x0003317c       0x4c zephyr/kernel/libkernel.a(sem.c.obj)
                0x0003317c                z_impl_k_sem_take
 .text.z_impl_k_sem_reset
                0x000331c8       0x7c zephyr/kernel/libkernel.a(sem.c.obj)
                0x000331c8                z_impl_k_sem_reset
 .text.work_queue_main
                0x00033244      0x160 zephyr/kernel/libkernel.a(work.c.obj)
 .text.submit_to_queue_locked
                0x000333a4       0xa4 zephyr/kernel/libkernel.a(work.c.obj)
 .text.k_work_queue_start
                0x00033448       0x80 zephyr/kernel/libkernel.a(work.c.obj)
                0x00033448                k_work_queue_start
 .text.k_work_schedule_for_queue
                0x000334c8       0x54 zephyr/kernel/libkernel.a(work.c.obj)
                0x000334c8                k_work_schedule_for_queue
 .text.k_work_schedule
                0x0003351c        0xc zephyr/kernel/libkernel.a(work.c.obj)
                0x0003351c                k_work_schedule
 .text.k_work_reschedule_for_queue
                0x00033528       0x5c zephyr/kernel/libkernel.a(work.c.obj)
                0x00033528                k_work_reschedule_for_queue
 .text.k_work_reschedule
                0x00033584        0xc zephyr/kernel/libkernel.a(work.c.obj)
                0x00033584                k_work_reschedule
 .text.z_impl_k_condvar_signal
                0x00033590       0x4c zephyr/kernel/libkernel.a(condvar.c.obj)
                0x00033590                z_impl_k_condvar_signal
 .text.z_impl_k_condvar_broadcast
                0x000335dc       0x74 zephyr/kernel/libkernel.a(condvar.c.obj)
                0x000335dc                z_impl_k_condvar_broadcast
 .text.z_impl_k_condvar_wait
                0x00033650       0x60 zephyr/kernel/libkernel.a(condvar.c.obj)
                0x00033650                z_impl_k_condvar_wait
 .text.z_setup_new_thread
                0x000336b0       0x98 zephyr/kernel/libkernel.a(thread.c.obj)
                0x000336b0                z_setup_new_thread
 .text.z_impl_k_thread_create
                0x00033748       0x58 zephyr/kernel/libkernel.a(thread.c.obj)
                0x00033748                z_impl_k_thread_create
 .text.z_dummy_thread_init
                0x000337a0       0x18 zephyr/kernel/libkernel.a(thread.c.obj)
                0x000337a0                z_dummy_thread_init
 .text.z_swap_irqlock
                0x000337b8       0x34 zephyr/kernel/libkernel.a(sched.c.obj)
 .text.ready_thread
                0x000337ec       0x80 zephyr/kernel/libkernel.a(sched.c.obj)
 .text.unready_thread
                0x0003386c       0x54 zephyr/kernel/libkernel.a(sched.c.obj)
 .text.add_thread_timeout
                0x000338c0       0x1c zephyr/kernel/libkernel.a(sched.c.obj)
 .text.reschedule.isra.0
                0x000338dc       0x28 zephyr/kernel/libkernel.a(sched.c.obj)
 .text.move_current_to_end_of_prio_q
                0x00033904       0x6c zephyr/kernel/libkernel.a(sched.c.obj)
                0x00033904                move_current_to_end_of_prio_q
 .text.z_pend_curr
                0x00033970       0x44 zephyr/kernel/libkernel.a(sched.c.obj)
                0x00033970                z_pend_curr
 .text.z_thread_prio_set
                0x000339b4       0xd8 zephyr/kernel/libkernel.a(sched.c.obj)
                0x000339b4                z_thread_prio_set
 .text.z_reschedule_irqlock
                0x00033a8c       0x28 zephyr/kernel/libkernel.a(sched.c.obj)
                0x00033a8c                z_reschedule_irqlock
 .text.k_sched_lock
                0x00033ab4       0x28 zephyr/kernel/libkernel.a(sched.c.obj)
                0x00033ab4                k_sched_lock
 .text.k_sched_unlock
                0x00033adc       0x54 zephyr/kernel/libkernel.a(sched.c.obj)
                0x00033adc                k_sched_unlock
 .text.z_sched_init
                0x00033b30       0x10 zephyr/kernel/libkernel.a(sched.c.obj)
                0x00033b30                z_sched_init
 .text.z_impl_k_yield
                0x00033b40       0x84 zephyr/kernel/libkernel.a(sched.c.obj)
                0x00033b40                z_impl_k_yield
 .text.z_tick_sleep
                0x00033bc4       0x78 zephyr/kernel/libkernel.a(sched.c.obj)
 .text.z_impl_k_sched_current_thread_query
                0x00033c3c        0xc zephyr/kernel/libkernel.a(sched.c.obj)
                0x00033c3c                z_impl_k_sched_current_thread_query
 .text.z_thread_abort
                0x00033c48      0x13c zephyr/kernel/libkernel.a(sched.c.obj)
                0x00033c48                z_thread_abort
 .text.z_sched_wait
                0x00033d84       0x24 zephyr/kernel/libkernel.a(sched.c.obj)
                0x00033d84                z_sched_wait
 .text.z_time_slice_size
                0x00033da8       0x40 zephyr/kernel/libkernel.a(timeslicing.c.obj)
 .text.slice_timeout
                0x00033de8       0x20 zephyr/kernel/libkernel.a(timeslicing.c.obj)
 .text.z_reset_time_slice
                0x00033e08       0x44 zephyr/kernel/libkernel.a(timeslicing.c.obj)
                0x00033e08                z_reset_time_slice
 .text.z_time_slice
                0x00033e4c       0x5c zephyr/kernel/libkernel.a(timeslicing.c.obj)
                0x00033e4c                z_time_slice
 .text.first    0x00033ea8       0x10 zephyr/kernel/libkernel.a(timeout.c.obj)
 .text.elapsed  0x00033eb8       0x14 zephyr/kernel/libkernel.a(timeout.c.obj)
 .text.remove_timeout
                0x00033ecc       0x38 zephyr/kernel/libkernel.a(timeout.c.obj)
 .text.timeout_rem
                0x00033f04       0x30 zephyr/kernel/libkernel.a(timeout.c.obj)
 .text.z_add_timeout
                0x00033f34      0x120 zephyr/kernel/libkernel.a(timeout.c.obj)
                0x00033f34                z_add_timeout
 .text.sys_clock_announce_locked
                0x00034054       0xb8 zephyr/kernel/libkernel.a(timeout.c.obj)
                0x00034054                sys_clock_announce_locked
 .text.sys_clock_tick_get
                0x0003410c       0x30 zephyr/kernel/libkernel.a(timeout.c.obj)
                0x0003410c                sys_clock_tick_get
 .text.clear_event_registrations
                0x0003413c       0x60 zephyr/kernel/libkernel.a(poll.c.obj)
 .text.z_impl_k_poll
                0x0003419c       0xb0 zephyr/kernel/libkernel.a(poll.c.obj)
                0x0003419c                z_impl_k_poll
 .text.z_impl_k_poll_signal_raise
                0x0003424c       0x4c zephyr/kernel/libkernel.a(poll.c.obj)
                0x0003424c                z_impl_k_poll_signal_raise
 .text.k_event_post_internal
                0x00034298       0x4c zephyr/kernel/libkernel.a(events.c.obj)
 .text.z_thread_alloc_helper
                0x000342e4       0x4c zephyr/kernel/libkernel.a(mempool.c.obj)
 .text.z_thread_malloc
                0x00034330       0x10 zephyr/kernel/libkernel.a(mempool.c.obj)
                0x00034330                z_thread_malloc
 .text.boot_banner
                0x00034340        0xc zephyr/kernel/libkernel.a(banner.c.obj)
                0x00034340                boot_banner
 .text.k_sys_work_q_init
                0x0003434c       0x2c zephyr/kernel/libkernel.a(system_work_q.c.obj)
 .text.snprintf
                0x00034378       0x54 D:/Users/ORESANJO/Downloads/Zephyrus/tools/zephyr-sdk/gnu/arm-zephyr-eabi/bin/../lib/gcc/arm-zephyr-eabi/14.3.0/../../../../arm-zephyr-eabi/lib/thumb/v7e-m/nofp/space\libc.a(libc_tinystdio_snprintf.c.o)
                0x00034378                snprintf
 .text.strtol   0x000343cc       0xe8 D:/Users/ORESANJO/Downloads/Zephyrus/tools/zephyr-sdk/gnu/arm-zephyr-eabi/bin/../lib/gcc/arm-zephyr-eabi/14.3.0/../../../../arm-zephyr-eabi/lib/thumb/v7e-m/nofp/space\libc.a(libc_tinystdio_strtol.c.o)
                0x000343cc                strtol
 .text.__l_vfprintf
                0x000344b4      0x488 D:/Users/ORESANJO/Downloads/Zephyrus/tools/zephyr-sdk/gnu/arm-zephyr-eabi/bin/../lib/gcc/arm-zephyr-eabi/14.3.0/../../../../arm-zephyr-eabi/lib/thumb/v7e-m/nofp/space\libc.a(libc_tinystdio_vflprintf.c.o)
                0x000344b4                __l_vfprintf
 .text._OffsetAbsSyms
                0x0003493c        0x2 zephyr/CMakeFiles/offsets.dir/./arch/arm/core/offsets/offsets.c.obj
                0x0003493c                _OffsetAbsSyms
 .text.usbd_msg_cb
                0x0003493e        0x2 app/libapp.a(main.c.obj)
 .text.net_if_flag_is_set
                0x00034940       0x16 app/libapp.a(main.c.obj)
 .text.gpio_pin_set_dt.isra.0
                0x00034956       0x28 app/libapp.a(main.c.obj)
 .text.gpio_pin_configure_dt.constprop.0.isra.0
                0x0003497e       0x34 app/libapp.a(main.c.obj)
 .text.k_sleep.isra.0
                0x000349b2        0x4 app/libapp.a(main.c.obj)
 .text.zsock_send.constprop.0
                0x000349b6       0x12 app/libapp.a(main.c.obj)
 .text.chunk_size
                0x000349c8        0xa zephyr/libzephyr.a(heap.c.obj)
 .text.free_list_add
                0x000349d2       0x4e zephyr/libzephyr.a(heap.c.obj)
 .text.free_list_remove_bidx
                0x00034a20       0x3a zephyr/libzephyr.a(heap.c.obj)
 .text.free_list_remove
                0x00034a5a       0x1a zephyr/libzephyr.a(heap.c.obj)
 .text.alloc_chunk
                0x00034a74       0x70 zephyr/libzephyr.a(heap.c.obj)
 .text.merge_chunks
                0x00034ae4       0x2e zephyr/libzephyr.a(heap.c.obj)
 .text.split_chunks
                0x00034b12       0x38 zephyr/libzephyr.a(heap.c.obj)
 .text.sys_heap_free
                0x00034b4a       0xac zephyr/libzephyr.a(heap.c.obj)
                0x00034b4a                sys_heap_free
 .text.sys_heap_alloc
                0x00034bf6       0x5a zephyr/libzephyr.a(heap.c.obj)
                0x00034bf6                sys_heap_alloc
 .text.sys_heap_noalign_alloc
                0x00034c50        0x6 zephyr/libzephyr.a(heap.c.obj)
                0x00034c50                sys_heap_noalign_alloc
 .text.sys_heap_aligned_alloc
                0x00034c56       0xe2 zephyr/libzephyr.a(heap.c.obj)
                0x00034c56                sys_heap_aligned_alloc
 .text.sys_heap_init
                0x00034d38       0x82 zephyr/libzephyr.a(heap.c.obj)
                0x00034d38                sys_heap_init
 .text.arch_printk_char_out
                0x00034dba        0x4 zephyr/libzephyr.a(printk.c.obj)
                0x00034dba                arch_printk_char_out
 .text.printk   0x00034dbe       0x1a zephyr/libzephyr.a(printk.c.obj)
                0x00034dbe                printk
 .text.sys_slist_find_and_remove
                0x00034dd8       0x36 zephyr/libzephyr.a(onoff.c.obj)
 .text.process_recheck
                0x00034e0e       0x38 zephyr/libzephyr.a(onoff.c.obj)
 .text.validate_args
                0x00034e46       0x20 zephyr/libzephyr.a(onoff.c.obj)
 .text.notify_one
                0x00034e66       0x2c zephyr/libzephyr.a(onoff.c.obj)
 .text.transition_complete
                0x00034e92       0x1a zephyr/libzephyr.a(onoff.c.obj)
 .text.onoff_manager_init
                0x00034eac       0x26 zephyr/libzephyr.a(onoff.c.obj)
                0x00034eac                onoff_manager_init
 .text.onoff_request
                0x00034ed2       0x96 zephyr/libzephyr.a(onoff.c.obj)
                0x00034ed2                onoff_request
 .text.onoff_release
                0x00034f68       0x48 zephyr/libzephyr.a(onoff.c.obj)
                0x00034f68                onoff_release
 .text.onoff_cancel
                0x00034fb0       0x36 zephyr/libzephyr.a(onoff.c.obj)
                0x00034fb0                onoff_cancel
 .text.sys_notify_validate
                0x00034fe6       0x28 zephyr/libzephyr.a(notify.c.obj)
                0x00034fe6                sys_notify_validate
 .text.sys_notify_finalize
                0x0003500e       0x32 zephyr/libzephyr.a(notify.c.obj)
                0x0003500e                sys_notify_finalize
 .text._ConfigAbsSyms
                0x00035040        0x2 zephyr/libzephyr.a(configs.c.obj)
                0x00035040                _ConfigAbsSyms
 .text.arch_early_memset
                0x00035042        0x4 zephyr/arch/common/libarch__common.a(init.c.obj)
                0x00035042                arch_early_memset
 .text.arch_early_memcpy
                0x00035046        0x4 zephyr/arch/common/libarch__common.a(init.c.obj)
                0x00035046                arch_early_memcpy
 .text.z_do_kernel_oops
                0x0003504a        0x8 zephyr/arch/arch/arm/core/libarch__arm__core.a(fatal.c.obj)
                0x0003504a                z_do_kernel_oops
 .text.z_arm_nmi
                0x00035052        0xe zephyr/arch/arch/arm/core/libarch__arm__core.a(nmi.c.obj)
                0x00035052                z_arm_nmi
 .text.z_irq_spurious
                0x00035060        0x8 zephyr/arch/arch/arm/core/cortex_m/libarch__arm__core__cortex_m.a(irq_manage.c.obj)
                0x00035060                z_irq_spurious
 .text.arch_coprocessors_disable
                0x00035068        0x6 zephyr/arch/arch/arm/core/cortex_m/libarch__arm__core__cortex_m.a(thread.c.obj)
                0x00035068                arch_coprocessors_disable
 .text.arch_irq_unlock_outlined
                0x0003506e        0xe zephyr/arch/arch/arm/core/cortex_m/libarch__arm__core__cortex_m.a(thread.c.obj)
                0x0003506e                arch_irq_unlock_outlined
 .text.arch_cpu_idle
                0x0003507c       0x1a zephyr/arch/arch/arm/core/cortex_m/libarch__arm__core__cortex_m.a(cpu_idle.c.obj)
                0x0003507c                arch_cpu_idle
 .text.arch_cpu_atomic_idle
                0x00035096       0x1e zephyr/arch/arch/arm/core/cortex_m/libarch__arm__core__cortex_m.a(cpu_idle.c.obj)
                0x00035096                arch_cpu_atomic_idle
 .text.size_to_mpu_rasr_size
                0x000350b4       0x20 zephyr/arch/arch/arm/core/mpu/libarch__arm__core__mpu.a(arm_mpu.c.obj)
 .text.fixed_data_unref
                0x000350d4        0x2 zephyr/lib/net_buf/liblib__net_buf.a(buf.c.obj)
 .text.net_buf_reset
                0x000350d6        0xa zephyr/lib/net_buf/liblib__net_buf.a(buf.c.obj)
                0x000350d6                net_buf_reset
 .text.net_buf_alloc_fixed
                0x000350e0        0x8 zephyr/lib/net_buf/liblib__net_buf.a(buf.c.obj)
                0x000350e0                net_buf_alloc_fixed
 .text.net_buf_ref
                0x000350e8        0x8 zephyr/lib/net_buf/liblib__net_buf.a(buf.c.obj)
                0x000350e8                net_buf_ref
 .text.net_buf_frag_last
                0x000350f0        0xc zephyr/lib/net_buf/liblib__net_buf.a(buf.c.obj)
                0x000350f0                net_buf_frag_last
 .text.net_buf_frag_insert
                0x000350fc       0x16 zephyr/lib/net_buf/liblib__net_buf.a(buf.c.obj)
                0x000350fc                net_buf_frag_insert
 .text.net_buf_frag_add
                0x00035112       0x22 zephyr/lib/net_buf/liblib__net_buf.a(buf.c.obj)
                0x00035112                net_buf_frag_add
 .text.net_buf_frag_del
                0x00035134       0x18 zephyr/lib/net_buf/liblib__net_buf.a(buf.c.obj)
                0x00035134                net_buf_frag_del
 .text.net_buf_linearize
                0x0003514c       0x56 zephyr/lib/net_buf/liblib__net_buf.a(buf.c.obj)
                0x0003514c                net_buf_linearize
 .text.net_buf_simple_reserve
                0x000351a2        0x8 zephyr/lib/net_buf/liblib__net_buf.a(buf_simple.c.obj)
                0x000351a2                net_buf_simple_reserve
 .text.net_buf_simple_add
                0x000351aa        0xc zephyr/lib/net_buf/liblib__net_buf.a(buf_simple.c.obj)
                0x000351aa                net_buf_simple_add
 .text.net_buf_simple_add_mem
                0x000351b6       0x12 zephyr/lib/net_buf/liblib__net_buf.a(buf_simple.c.obj)
                0x000351b6                net_buf_simple_add_mem
 .text.net_buf_simple_add_u8
                0x000351c8       0x10 zephyr/lib/net_buf/liblib__net_buf.a(buf_simple.c.obj)
                0x000351c8                net_buf_simple_add_u8
 .text.net_buf_simple_add_le16
                0x000351d8       0x14 zephyr/lib/net_buf/liblib__net_buf.a(buf_simple.c.obj)
                0x000351d8                net_buf_simple_add_le16
 .text.net_buf_simple_remove_mem
                0x000351ec        0xe zephyr/lib/net_buf/liblib__net_buf.a(buf_simple.c.obj)
                0x000351ec                net_buf_simple_remove_mem
 .text.net_buf_simple_pull
                0x000351fa       0x10 zephyr/lib/net_buf/liblib__net_buf.a(buf_simple.c.obj)
                0x000351fa                net_buf_simple_pull
 .text.zvfs_fdtable_call_ioctl
                0x0003520a       0x1e zephyr/lib/os/zvfs/liblib__os__zvfs.a(zvfs_fdtable.c.obj)
 .text.k_mutex_lock.constprop.0.isra.0
                0x00035228        0x4 zephyr/lib/os/zvfs/liblib__os__zvfs.a(zvfs_fdtable.c.obj)
 .text.k_mutex_unlock.isra.0
                0x0003522c        0x4 zephyr/lib/os/zvfs/liblib__os__zvfs.a(zvfs_fdtable.c.obj)
 .text.zvfs_free_fd
                0x00035230        0x4 zephyr/lib/os/zvfs/liblib__os__zvfs.a(zvfs_fdtable.c.obj)
                0x00035230                zvfs_free_fd
 .text.z_impl_sys_rand_get
                0x00035234        0x6 zephyr/subsys/random/libsubsys__random.a(random_entropy_device.c.obj)
                0x00035234                z_impl_sys_rand_get
 .text.usbd_device_lock
                0x0003523a        0xe zephyr/subsys/usb/device_next/libsubsys__usb__device_next.a(usbd_device.c.obj)
 .text.k_mutex_unlock.isra.0
                0x00035248        0x4 zephyr/subsys/usb/device_next/libsubsys__usb__device_next.a(usbd_device.c.obj)
 .text.usbd_bus_speed
                0x0003524c        0xa zephyr/subsys/usb/device_next/libsubsys__usb__device_next.a(usbd_device.c.obj)
                0x0003524c                usbd_bus_speed
 .text.usbd_device_set_code_triple
                0x00035256       0x48 zephyr/subsys/usb/device_next/libsubsys__usb__device_next.a(usbd_device.c.obj)
                0x00035256                usbd_device_set_code_triple
 .text.usbd_is_suspended
                0x0003529e        0xa zephyr/subsys/usb/device_next/libsubsys__usb__device_next.a(usbd_device.c.obj)
                0x0003529e                usbd_is_suspended
 .text.usbd_init
                0x000352a8       0x60 zephyr/subsys/usb/device_next/libsubsys__usb__device_next.a(usbd_device.c.obj)
                0x000352a8                usbd_init
 .text.usbd_enable
                0x00035308       0x86 zephyr/subsys/usb/device_next/libsubsys__usb__device_next.a(usbd_device.c.obj)
                0x00035308                usbd_enable
 .text.usbd_device_get_vreq
                0x0003538e       0x2a zephyr/subsys/usb/device_next/libsubsys__usb__device_next.a(usbd_device.c.obj)
                0x0003538e                usbd_device_get_vreq
 .text.usbd_device_register_vreq
                0x000353b8       0x56 zephyr/subsys/usb/device_next/libsubsys__usb__device_next.a(usbd_device.c.obj)
                0x000353b8                usbd_device_register_vreq
 .text.usbd_get_descriptor
                0x0003540e       0x34 zephyr/subsys/usb/device_next/libsubsys__usb__device_next.a(usbd_desc.c.obj)
                0x0003540e                usbd_get_descriptor
 .text.usbd_add_descriptor
                0x00035442      0x106 zephyr/subsys/usb/device_next/libsubsys__usb__device_next.a(usbd_desc.c.obj)
                0x00035442                usbd_add_descriptor
 .text.usbd_str_desc_get_idx
                0x00035548        0xa zephyr/subsys/usb/device_next/libsubsys__usb__device_next.a(usbd_desc.c.obj)
                0x00035548                usbd_str_desc_get_idx
 .text.net_buf_simple_tailroom
                0x00035552       0x10 zephyr/subsys/usb/device_next/libsubsys__usb__device_next.a(usbd_ch9.c.obj)
 .text.reqtype_is_to_host
                0x00035562        0xc zephyr/subsys/usb/device_next/libsubsys__usb__device_next.a(usbd_ch9.c.obj)
 .text.sreq_feature_halt_notify
                0x0003556e       0x20 zephyr/subsys/usb/device_next/libsubsys__usb__device_next.a(usbd_ch9.c.obj)
 .text.usbd_enqueue_status_in
                0x0003558e       0x2c zephyr/subsys/usb/device_next/libsubsys__usb__device_next.a(usbd_ch9.c.obj)
 .text.usbd_enqueue_setup
                0x000355ba       0x26 zephyr/subsys/usb/device_next/libsubsys__usb__device_next.a(usbd_ch9.c.obj)
 .text.udc_test_mode
                0x000355e0       0x46 zephyr/subsys/usb/device_next/libsubsys__usb__device_next.a(usbd_ch9.c.obj)
 .text.udc_set_address
                0x00035626       0x38 zephyr/subsys/usb/device_next/libsubsys__usb__device_next.a(usbd_ch9.c.obj)
 .text.usbd_init_control_pipe
                0x0003565e       0x18 zephyr/subsys/usb/device_next/libsubsys__usb__device_next.a(usbd_ch9.c.obj)
                0x0003565e                usbd_init_control_pipe
 .text.usbd_class_bcast_event
                0x00035676       0x48 zephyr/subsys/usb/device_next/libsubsys__usb__device_next.a(usbd_core.c.obj)
 .text.unassign_eps.isra.0
                0x000356be       0x66 zephyr/subsys/usb/device_next/libsubsys__usb__device_next.a(usbd_init.c.obj)
 .text.usbd_init_configurations
                0x00035724      0x1e8 zephyr/subsys/usb/device_next/libsubsys__usb__device_next.a(usbd_init.c.obj)
                0x00035724                usbd_init_configurations
 .text.usbd_device_lock
                0x0003590c        0xe zephyr/subsys/usb/device_next/libsubsys__usb__device_next.a(usbd_config.c.obj)
 .text.k_mutex_unlock.isra.0
                0x0003591a        0x4 zephyr/subsys/usb/device_next/libsubsys__usb__device_next.a(usbd_config.c.obj)
 .text.usbd_config_get
                0x0003591e       0x28 zephyr/subsys/usb/device_next/libsubsys__usb__device_next.a(usbd_config.c.obj)
                0x0003591e                usbd_config_get
 .text.usbd_config_get_current
                0x00035946       0x24 zephyr/subsys/usb/device_next/libsubsys__usb__device_next.a(usbd_config.c.obj)
                0x00035946                usbd_config_get_current
 .text.usbd_config_exist
                0x0003596a        0xe zephyr/subsys/usb/device_next/libsubsys__usb__device_next.a(usbd_config.c.obj)
                0x0003596a                usbd_config_exist
 .text.usbd_config_set
                0x00035978       0x98 zephyr/subsys/usb/device_next/libsubsys__usb__device_next.a(usbd_config.c.obj)
                0x00035978                usbd_config_set
 .text.usbd_add_configuration
                0x00035a10       0xc0 zephyr/subsys/usb/device_next/libsubsys__usb__device_next.a(usbd_config.c.obj)
                0x00035a10                usbd_add_configuration
 .text.usbd_device_lock
                0x00035ad0        0xe zephyr/subsys/usb/device_next/libsubsys__usb__device_next.a(usbd_class.c.obj)
 .text.usbd_class_desc_len
                0x00035ade       0x20 zephyr/subsys/usb/device_next/libsubsys__usb__device_next.a(usbd_class.c.obj)
                0x00035ade                usbd_class_desc_len
 .text.usbd_class_get_by_config
                0x00035afe       0x20 zephyr/subsys/usb/device_next/libsubsys__usb__device_next.a(usbd_class.c.obj)
                0x00035afe                usbd_class_get_by_config
 .text.usbd_class_get_by_iface
                0x00035b1e       0x20 zephyr/subsys/usb/device_next/libsubsys__usb__device_next.a(usbd_class.c.obj)
                0x00035b1e                usbd_class_get_by_iface
 .text.usbd_class_handle_xfer
                0x00035b3e       0x12 zephyr/subsys/usb/device_next/libsubsys__usb__device_next.a(usbd_class.c.obj)
                0x00035b3e                usbd_class_handle_xfer
 .text.usbd_class_get_by_ep
                0x00035b50       0x46 zephyr/subsys/usb/device_next/libsubsys__usb__device_next.a(usbd_class.c.obj)
                0x00035b50                usbd_class_get_by_ep
 .text.usbd_class_get_by_req
                0x00035b96       0x2e zephyr/subsys/usb/device_next/libsubsys__usb__device_next.a(usbd_class.c.obj)
                0x00035b96                usbd_class_get_by_req
 .text.usbd_register_class
                0x00035bc4       0x9a zephyr/subsys/usb/device_next/libsubsys__usb__device_next.a(usbd_class.c.obj)
                0x00035bc4                usbd_register_class
 .text.usbd_interface_modify
                0x00035c5e       0x96 zephyr/subsys/usb/device_next/libsubsys__usb__device_next.a(usbd_interface.c.obj)
 .text.usbd_interface_shutdown
                0x00035cf4       0x54 zephyr/subsys/usb/device_next/libsubsys__usb__device_next.a(usbd_interface.c.obj)
                0x00035cf4                usbd_interface_shutdown
 .text.usbd_interface_default
                0x00035d48       0x50 zephyr/subsys/usb/device_next/libsubsys__usb__device_next.a(usbd_interface.c.obj)
                0x00035d48                usbd_interface_default
 .text.usbd_interface_set
                0x00035d98       0x78 zephyr/subsys/usb/device_next/libsubsys__usb__device_next.a(usbd_interface.c.obj)
                0x00035d98                usbd_interface_set
 .text.usbd_ep_bm_clear
                0x00035e10       0x1e zephyr/subsys/usb/device_next/libsubsys__usb__device_next.a(usbd_endpoint.c.obj)
 .text.usbd_ep_enable
                0x00035e2e       0x38 zephyr/subsys/usb/device_next/libsubsys__usb__device_next.a(usbd_endpoint.c.obj)
                0x00035e2e                usbd_ep_enable
 .text.usbd_ep_disable
                0x00035e66       0x2c zephyr/subsys/usb/device_next/libsubsys__usb__device_next.a(usbd_endpoint.c.obj)
                0x00035e66                usbd_ep_disable
 .text.usbd_ep_ctrl_data_in_alloc
                0x00035e92        0xa zephyr/subsys/usb/device_next/libsubsys__usb__device_next.a(usbd_endpoint.c.obj)
                0x00035e92                usbd_ep_ctrl_data_in_alloc
 .text.usbd_ep_ctrl_enqueue
                0x00035e9c       0x7a zephyr/subsys/usb/device_next/libsubsys__usb__device_next.a(usbd_endpoint.c.obj)
                0x00035e9c                usbd_ep_ctrl_enqueue
 .text.usbd_ep_buf_alloc
                0x00035f16        0x8 zephyr/subsys/usb/device_next/libsubsys__usb__device_next.a(usbd_endpoint.c.obj)
                0x00035f16                usbd_ep_buf_alloc
 .text.usbd_ep_enqueue
                0x00035f1e       0x30 zephyr/subsys/usb/device_next/libsubsys__usb__device_next.a(usbd_endpoint.c.obj)
                0x00035f1e                usbd_ep_enqueue
 .text.usbd_ep_buf_free
                0x00035f4e        0x6 zephyr/subsys/usb/device_next/libsubsys__usb__device_next.a(usbd_endpoint.c.obj)
                0x00035f4e                usbd_ep_buf_free
 .text.usbd_ep_set_halt
                0x00035f54       0x2a zephyr/subsys/usb/device_next/libsubsys__usb__device_next.a(usbd_endpoint.c.obj)
                0x00035f54                usbd_ep_set_halt
 .text.usbd_ep_clear_halt
                0x00035f7e       0x1e zephyr/subsys/usb/device_next/libsubsys__usb__device_next.a(usbd_endpoint.c.obj)
                0x00035f7e                usbd_ep_clear_halt
 .text.usbd_ep_is_halted
                0x00035f9c       0x16 zephyr/subsys/usb/device_next/libsubsys__usb__device_next.a(usbd_endpoint.c.obj)
                0x00035f9c                usbd_ep_is_halted
 .text.usbd_msg_register_cb
                0x00035fb2       0x2c zephyr/subsys/usb/device_next/libsubsys__usb__device_next.a(usbd_msg.c.obj)
                0x00035fb2                usbd_msg_register_cb
 .text.usbd_msg_pub_simple
                0x00035fde       0x1c zephyr/subsys/usb/device_next/libsubsys__usb__device_next.a(usbd_msg.c.obj)
                0x00035fde                usbd_msg_pub_simple
 .text.usbd_cdc_ncm_enable
                0x00035ffa        0x2 zephyr/subsys/usb/device_next/libsubsys__usb__device_next.a(usbd_cdc_ncm.c.obj)
 .text.usbd_cdc_ncm_shutdown
                0x00035ffc       0x1a zephyr/subsys/usb/device_next/libsubsys__usb__device_next.a(usbd_cdc_ncm.c.obj)
 .text.usbd_cdc_ncm_get_desc
                0x00036016        0x8 zephyr/subsys/usb/device_next/libsubsys__usb__device_next.a(usbd_cdc_ncm.c.obj)
 .text.cdc_ncm_get_capabilities
                0x0003601e        0x6 zephyr/subsys/usb/device_next/libsubsys__usb__device_next.a(usbd_cdc_ncm.c.obj)
 .text.usbd_cdc_ncm_init
                0x00036024       0x2e zephyr/subsys/usb/device_next/libsubsys__usb__device_next.a(usbd_cdc_ncm.c.obj)
 .text.atomic_test_bit
                0x00036052       0x12 zephyr/subsys/usb/device_next/libsubsys__usb__device_next.a(usbd_cdc_ncm.c.obj)
 .text.cdc_ncm_set_config
                0x00036064       0x1c zephyr/subsys/usb/device_next/libsubsys__usb__device_next.a(usbd_cdc_ncm.c.obj)
 .text.cdc_ncm_iface_init
                0x00036080       0x32 zephyr/subsys/usb/device_next/libsubsys__usb__device_next.a(usbd_cdc_ncm.c.obj)
 .text.atomic_clear_bit
                0x000360b2       0x1e zephyr/subsys/usb/device_next/libsubsys__usb__device_next.a(usbd_cdc_ncm.c.obj)
 .text.usbd_cdc_ncm_disable
                0x000360d0       0x18 zephyr/subsys/usb/device_next/libsubsys__usb__device_next.a(usbd_cdc_ncm.c.obj)
 .text.usbd_cdc_ncm_resumed
                0x000360e8        0xc zephyr/subsys/usb/device_next/libsubsys__usb__device_next.a(usbd_cdc_ncm.c.obj)
 .text.cdc_ncm_iface_stop
                0x000360f4       0x26 zephyr/subsys/usb/device_next/libsubsys__usb__device_next.a(usbd_cdc_ncm.c.obj)
 .text.cdc_ncm_send
                0x0003611a      0x126 zephyr/subsys/usb/device_next/libsubsys__usb__device_next.a(usbd_cdc_ncm.c.obj)
 .text.cdc_ncm_send_notification.isra.0
                0x00036240       0x64 zephyr/subsys/usb/device_next/libsubsys__usb__device_next.a(usbd_cdc_ncm.c.obj)
 .text.cdc_ncm_send_connected
                0x000362a4       0x2a zephyr/subsys/usb/device_next/libsubsys__usb__device_next.a(usbd_cdc_ncm.c.obj)
 .text.cdc_ncm_iface_start
                0x000362ce       0x40 zephyr/subsys/usb/device_next/libsubsys__usb__device_next.a(usbd_cdc_ncm.c.obj)
 .text.usbd_cdc_ncm_suspended
                0x0003630e       0x20 zephyr/subsys/usb/device_next/libsubsys__usb__device_next.a(usbd_cdc_ncm.c.obj)
 .text.cdc_ncm_out_start
                0x0003632e       0x5a zephyr/subsys/usb/device_next/libsubsys__usb__device_next.a(usbd_cdc_ncm.c.obj)
 .text.usbd_cdc_ncm_update
                0x00036388       0x64 zephyr/subsys/usb/device_next/libsubsys__usb__device_next.a(usbd_cdc_ncm.c.obj)
 .text.k_mutex_lock.constprop.0.isra.0
                0x000363ec        0x4 zephyr/subsys/net/libsubsys__net.a(sockets.c.obj)
 .text.k_mutex_unlock.isra.0
                0x000363f0        0x4 zephyr/subsys/net/libsubsys__net.a(sockets.c.obj)
 .text.z_impl_zsock_close
                0x000363f4        0x4 zephyr/subsys/net/libsubsys__net.a(sockets.c.obj)
                0x000363f4                z_impl_zsock_close
 .text.inet_is_supported
                0x000363f8        0xc zephyr/subsys/net/libsubsys__net.a(sockets_inet.c.obj)
 .text.net_if_get_by_index
                0x00036404        0x4 zephyr/subsys/net/libsubsys__net.a(sockets_inet.c.obj)
 .text.sock_get_stream_src_addr
                0x00036408       0x3a zephyr/subsys/net/libsubsys__net.a(sockets_inet.c.obj)
 .text.k_condvar_signal.isra.0
                0x00036442        0x4 zephyr/subsys/net/libsubsys__net.a(sockets_inet.c.obj)
 .text.zsock_flush_queue
                0x00036446       0x46 zephyr/subsys/net/libsubsys__net.a(sockets_inet.c.obj)
 .text.zsock_recv_stream_immediate
                0x0003648c       0xfa zephyr/subsys/net/libsubsys__net.a(sockets_inet.c.obj)
 .text.zsock_received_cb
                0x00036586       0x92 zephyr/subsys/net/libsubsys__net.a(sockets_inet.c.obj)
 .text.zsock_connected_cb
                0x00036618       0x28 zephyr/subsys/net/libsubsys__net.a(sockets_inet.c.obj)
 .text.sock_close2_vmeth
                0x00036640        0x4 zephyr/subsys/net/libsubsys__net.a(sockets_inet.c.obj)
 .text.sock_shutdown_vmeth
                0x00036644        0x4 zephyr/subsys/net/libsubsys__net.a(sockets_inet.c.obj)
 .text.sock_bind_vmeth
                0x00036648        0x4 zephyr/subsys/net/libsubsys__net.a(sockets_inet.c.obj)
 .text.sock_connect_vmeth
                0x0003664c        0x4 zephyr/subsys/net/libsubsys__net.a(sockets_inet.c.obj)
 .text.sock_listen_vmeth
                0x00036650        0x4 zephyr/subsys/net/libsubsys__net.a(sockets_inet.c.obj)
 .text.sock_sendto_vmeth
                0x00036654        0x4 zephyr/subsys/net/libsubsys__net.a(sockets_inet.c.obj)
 .text.sock_write_vmeth
                0x00036658       0x12 zephyr/subsys/net/libsubsys__net.a(sockets_inet.c.obj)
 .text.zsock_sendmsg_ctx
                0x0003666a       0xb2 zephyr/subsys/net/libsubsys__net.a(sockets_inet.c.obj)
                0x0003666a                zsock_sendmsg_ctx
 .text.sock_sendmsg_vmeth
                0x0003671c        0x4 zephyr/subsys/net/libsubsys__net.a(sockets_inet.c.obj)
 .text.zsock_wait_data
                0x00036720       0x38 zephyr/subsys/net/libsubsys__net.a(sockets_inet.c.obj)
                0x00036720                zsock_wait_data
 .text.sock_accept_vmeth
                0x00036758        0x4 zephyr/subsys/net/libsubsys__net.a(sockets_inet.c.obj)
 .text.sock_recvfrom_vmeth
                0x0003675c        0x4 zephyr/subsys/net/libsubsys__net.a(sockets_inet.c.obj)
 .text.sock_read_vmeth
                0x00036760       0x12 zephyr/subsys/net/libsubsys__net.a(sockets_inet.c.obj)
 .text.sock_recvmsg_vmeth
                0x00036772        0x4 zephyr/subsys/net/libsubsys__net.a(sockets_inet.c.obj)
 .text.sock_getsockopt_vmeth
                0x00036776        0x4 zephyr/subsys/net/libsubsys__net.a(sockets_inet.c.obj)
 .text.sock_setsockopt_vmeth
                0x0003677a        0x4 zephyr/subsys/net/libsubsys__net.a(sockets_inet.c.obj)
 .text.sock_getpeername_vmeth
                0x0003677e        0x4 zephyr/subsys/net/libsubsys__net.a(sockets_inet.c.obj)
 .text.sock_getsockname_vmeth
                0x00036782        0x4 zephyr/subsys/net/libsubsys__net.a(sockets_inet.c.obj)
 .text.net_ipv4_is_addr_mcast_raw
                0x00036786       0x10 zephyr/subsys/net/l2/ethernet/libsubsys__net__l2__ethernet.a(ethernet.c.obj)
 .text.net_if_l2_data
                0x00036796        0xa zephyr/subsys/net/l2/ethernet/libsubsys__net__l2__ethernet.a(ethernet.c.obj)
 .text.net_if_get_device
                0x000367a0        0xa zephyr/subsys/net/l2/ethernet/libsubsys__net__l2__ethernet.a(ethernet.c.obj)
 .text.net_eth_get_hw_capabilities
                0x000367aa       0x18 zephyr/subsys/net/l2/ethernet/libsubsys__net__l2__ethernet.a(ethernet.c.obj)
 .text.ethernet_flags
                0x000367c2        0xa zephyr/subsys/net/l2/ethernet/libsubsys__net__l2__ethernet.a(ethernet.c.obj)
                0x000367c2                ethernet_flags
 .text.ethernet_enable
                0x000367cc       0x34 zephyr/subsys/net/l2/ethernet/libsubsys__net__l2__ethernet.a(ethernet.c.obj)
 .text.net_eth_is_addr_broadcast
                0x00036800       0x2e zephyr/subsys/net/l2/ethernet/libsubsys__net__l2__ethernet.a(ethernet.c.obj)
 .text.ethernet_ip_recv
                0x0003682e       0x64 zephyr/subsys/net/l2/ethernet/libsubsys__net__l2__ethernet.a(ethernet.c.obj)
 .text.carrier_on_off
                0x00036892       0x4a zephyr/subsys/net/l2/ethernet/libsubsys__net__l2__ethernet.a(ethernet.c.obj)
 .text.net_eth_ipv4_mcast_to_mac_addr
                0x000368dc       0x20 zephyr/subsys/net/l2/ethernet/libsubsys__net__l2__ethernet.a(ethernet.c.obj)
                0x000368dc                net_eth_ipv4_mcast_to_mac_addr
 .text.is_hw_caps_supported
                0x000368fc       0x1c zephyr/subsys/net/l2/ethernet/libsubsys__net__l2__ethernet.a(ethernet_mgmt.c.obj)
 .text.net_if_flag_is_set
                0x00036918       0x18 zephyr/subsys/net/l2/ethernet/libsubsys__net__l2__ethernet.a(ethernet_mgmt.c.obj)
 .text.net_if_is_up
                0x00036930       0x1e zephyr/subsys/net/l2/ethernet/libsubsys__net__l2__ethernet.a(ethernet_mgmt.c.obj)
 .text.sys_slist_prepend
                0x0003694e        0xe zephyr/subsys/net/l2/ethernet/libsubsys__net__l2__ethernet.a(arp.c.obj)
 .text.sys_slist_remove
                0x0003695c       0x20 zephyr/subsys/net/l2/ethernet/libsubsys__net__l2__ethernet.a(arp.c.obj)
 .text.net_ipv4_addr_copy_raw
                0x0003697c        0x6 zephyr/subsys/net/l2/ethernet/libsubsys__net__l2__ethernet.a(arp.c.obj)
 .text.net_if_get_link_addr
                0x00036982        0xa zephyr/subsys/net/l2/ethernet/libsubsys__net__l2__ethernet.a(arp.c.obj)
 .text.net_eth_is_addr_all_zeroes
                0x0003698c       0x28 zephyr/subsys/net/l2/ethernet/libsubsys__net__l2__ethernet.a(arp.c.obj)
 .text.k_uptime_get_32
                0x000369b4       0x1a zephyr/subsys/net/l2/ethernet/libsubsys__net__l2__ethernet.a(arp.c.obj)
 .text.net_eth_is_addr_broadcast
                0x000369ce       0x2e zephyr/subsys/net/l2/ethernet/libsubsys__net__l2__ethernet.a(arp.c.obj)
 .text.net_if_flag_is_set.constprop.0
                0x000369fc       0x16 zephyr/subsys/net/l2/ethernet/libsubsys__net__l2__ethernet.a(arp.c.obj)
 .text.k_mutex_lock.constprop.0.isra.0
                0x00036a12        0x4 zephyr/subsys/net/l2/ethernet/libsubsys__net__l2__ethernet.a(arp.c.obj)
 .text.net_linkaddr_set.constprop.0.isra.0
                0x00036a16       0x12 zephyr/subsys/net/l2/ethernet/libsubsys__net__l2__ethernet.a(arp.c.obj)
 .text.if_get_addr.isra.0
                0x00036a28       0x40 zephyr/subsys/net/l2/ethernet/libsubsys__net__l2__ethernet.a(arp.c.obj)
 .text.arp_entry_find.isra.0
                0x00036a68       0x1c zephyr/subsys/net/l2/ethernet/libsubsys__net__l2__ethernet.a(arp.c.obj)
 .text.k_mutex_unlock.isra.0
                0x00036a84        0x4 zephyr/subsys/net/l2/ethernet/libsubsys__net__l2__ethernet.a(arp.c.obj)
 .text.net_if_tx_unlock
                0x00036a88       0x18 zephyr/subsys/net/l2/ethernet/libsubsys__net__l2__ethernet.a(arp.c.obj)
 .text.arp_entry_cleanup