Archive member included to satisfy reference by file (symbol)

app/libapp.a(main.c.obj)      (--whole-archive)
zephyr/libzephyr.a(validate_libc.c.obj)
                              (--whole-archive)
zephyr/libzephyr.a(heap.c.obj)
                              (--whole-archive)
zephyr/libzephyr.a(cbprintf_packaged.c.obj)
                              (--whole-archive)
zephyr/libzephyr.a(clock.c.obj)
                              (--whole-archive)
zephyr/libzephyr.a(printk.c.obj)
                              (--whole-archive)
zephyr/libzephyr.a(sem.c.obj)
                              (--whole-archive)
zephyr/libzephyr.a(thread_entry.c.obj)
                              (--whole-archive)
zephyr/libzephyr.a(cbprintf_complete.c.obj)
                              (--whole-archive)
zephyr/libzephyr.a(assert.c.obj)
                              (--whole-archive)
zephyr/libzephyr.a(dec.c.obj)
                              (--whole-archive)
zephyr/libzephyr.a(hex.c.obj)
                              (--whole-archive)
zephyr/libzephyr.a(rb.c.obj)  (--whole-archive)
zephyr/libzephyr.a(set.c.obj)
                              (--whole-archive)
zephyr/libzephyr.a(timeutil.c.obj)
                              (--whole-archive)
zephyr/libzephyr.a(bitarray.c.obj)
                              (--whole-archive)
zephyr/libzephyr.a(bitmask.c.obj)
                              (--whole-archive)
zephyr/libzephyr.a(getopt.c.obj)
                              (--whole-archive)
zephyr/libzephyr.a(getopt_common.c.obj)
                              (--whole-archive)
zephyr/libzephyr.a(onoff.c.obj)
                              (--whole-archive)
zephyr/libzephyr.a(notify.c.obj)
                              (--whole-archive)
zephyr/libzephyr.a(ring_buffer.c.obj)
                              (--whole-archive)
zephyr/libzephyr.a(last_section_id.c.obj)
                              (--whole-archive)
zephyr/libzephyr.a(uuid.c.obj)
                              (--whole-archive)
zephyr/libzephyr.a(configs.c.obj)
                              (--whole-archive)
zephyr/libzephyr.a(mem_attr.c.obj)
                              (--whole-archive)
zephyr/libzephyr.a(tracing_none.c.obj)
                              (--whole-archive)
zephyr/libzephyr.a(usb_device.c.obj)
                              (--whole-archive)
zephyr/libzephyr.a(usb_descriptor.c.obj)
                              (--whole-archive)
zephyr/libzephyr.a(usb_transfer.c.obj)
                              (--whole-archive)
zephyr/libzephyr.a(cdc_acm.c.obj)
                              (--whole-archive)
zephyr/libzephyr.a(usb_work_q.c.obj)
                              (--whole-archive)
zephyr/libzephyr.a(gap_svc.c.obj)
                              (--whole-archive)
zephyr/arch/common/libarch__common.a(sw_isr_common.c.obj)
                              (--whole-archive)
zephyr/arch/common/libarch__common.a(init.c.obj)
                              (--whole-archive)
zephyr/arch/common/libarch__common.a(xip.c.obj)
                              (--whole-archive)
zephyr/arch/arch/arm/core/libarch__arm__core.a(fatal.c.obj)
                              (--whole-archive)
zephyr/arch/arch/arm/core/libarch__arm__core.a(nmi.c.obj)
                              (--whole-archive)
zephyr/arch/arch/arm/core/libarch__arm__core.a(nmi_on_reset.S.obj)
                              (--whole-archive)
zephyr/arch/arch/arm/core/libarch__arm__core.a(tls.c.obj)
                              (--whole-archive)
zephyr/arch/arch/arm/core/cortex_m/libarch__arm__core__cortex_m.a(fault.c.obj)
                              (--whole-archive)
zephyr/arch/arch/arm/core/cortex_m/libarch__arm__core__cortex_m.a(fault_s.S.obj)
                              (--whole-archive)
zephyr/arch/arch/arm/core/cortex_m/libarch__arm__core__cortex_m.a(fpu.c.obj)
                              (--whole-archive)
zephyr/arch/arch/arm/core/cortex_m/libarch__arm__core__cortex_m.a(reset.S.obj)
                              (--whole-archive)
zephyr/arch/arch/arm/core/cortex_m/libarch__arm__core__cortex_m.a(scb.c.obj)
                              (--whole-archive)
zephyr/arch/arch/arm/core/cortex_m/libarch__arm__core__cortex_m.a(vector_table.S.obj)
                              (--whole-archive)
zephyr/arch/arch/arm/core/cortex_m/libarch__arm__core__cortex_m.a(svc.S.obj)
                              (--whole-archive)
zephyr/arch/arch/arm/core/cortex_m/libarch__arm__core__cortex_m.a(irq_manage.c.obj)
                              (--whole-archive)
zephyr/arch/arch/arm/core/cortex_m/libarch__arm__core__cortex_m.a(prep_c.c.obj)
                              (--whole-archive)
zephyr/arch/arch/arm/core/cortex_m/libarch__arm__core__cortex_m.a(thread.c.obj)
                              (--whole-archive)
zephyr/arch/arch/arm/core/cortex_m/libarch__arm__core__cortex_m.a(cpu_idle.c.obj)
                              (--whole-archive)
zephyr/arch/arch/arm/core/cortex_m/libarch__arm__core__cortex_m.a(exc_exit.c.obj)
[...]
Memory Configuration

Name             Origin             Length             Attributes
FLASH            0x00027000         0x000c5000         xr
RAM              0x20000000         0x00040000         xw
IDT_LIST         0xffff7fff         0x00008000         xw
*default*        0x00000000         0xffffffff

Linker script and memory map

                0x0003c604                        vfprintf = __l_vfprintf
                0x00000000                        vfscanf = __l_vfscanf
LOAD zephyr/CMakeFiles/zephyr_pre0.dir/misc/empty_file.c.obj
LOAD zephyr/CMakeFiles/offsets.dir/./arch/arm/core/offsets/offsets.c.obj
LOAD app/libapp.a
LOAD zephyr/libzephyr.a
LOAD zephyr/arch/common/libarch__common.a
LOAD zephyr/arch/arch/arm/core/libarch__arm__core.a
LOAD zephyr/arch/arch/arm/core/cortex_m/libarch__arm__core__cortex_m.a
LOAD zephyr/arch/arch/arm/core/mpu/libarch__arm__core__mpu.a
LOAD zephyr/lib/libc/picolibc/liblib__libc__picolibc.a
LOAD zephyr/lib/libc/common/liblib__libc__common.a
LOAD zephyr/lib/posix/c_lib_ext/liblib__posix__c_lib_ext.a
LOAD zephyr/lib/net_buf/liblib__net_buf.a
LOAD zephyr/soc/soc/nrf52840/libsoc__nordic.a
LOAD zephyr/subsys/random/libsubsys__random.a
LOAD zephyr/subsys/bluetooth/common/libsubsys__bluetooth__common.a
LOAD zephyr/subsys/bluetooth/host/libsubsys__bluetooth__host.a
LOAD zephyr/subsys/bluetooth/controller/libsubsys__bluetooth__controller.a
LOAD zephyr/subsys/bluetooth/controller/ll_sw/nordic/libsubsys__bluetooth__controller__ll_sw__nordic.a
LOAD zephyr/drivers/usb/device/libdrivers__usb__device.a
LOAD zephyr/drivers/usb/common/nrf_usbd_common/libdrivers__usb__common__nrf_usbd_common.a
LOAD zephyr/drivers/clock_control/libdrivers__clock_control.a
LOAD zephyr/drivers/console/libdrivers__console.a
LOAD zephyr/drivers/entropy/libdrivers__entropy.a
LOAD zephyr/drivers/gpio/libdrivers__gpio.a
LOAD zephyr/drivers/hwinfo/libdrivers__hwinfo.a
LOAD zephyr/drivers/pinctrl/libdrivers__pinctrl.a
LOAD zephyr/drivers/sensor/nordic/temp/libdrivers__sensor__nordic__temp.a
LOAD zephyr/drivers/sensor/nordic/qdec_nrfx/libdrivers__sensor__nordic__qdec_nrfx.a
LOAD zephyr/drivers/serial/libdrivers__serial.a
LOAD zephyr/drivers/timer/libdrivers__timer.a
LOAD modules/hal_nordic/nrfx/libnrfx.a
LOAD zephyr/kernel/libkernel.a
LOAD zephyr/arch/common/libisr_tables.a
LOAD D:/Users/ORESANJO/Downloads/Zephyrus/tools/zephyr-sdk/gnu/arm-zephyr-eabi/bin/../lib/gcc/arm-zephyr-eabi/14.3.0/../../../../arm-zephyr-eabi/lib/thumb/v7e-m/nofp/space\libc.a
LOAD D:/Users/ORESANJO/Downloads/Zephyrus/tools/zephyr-sdk/gnu/arm-zephyr-eabi/bin/../lib/gcc/arm-zephyr-eabi/14.3.0/thumb/v7e-m/nofp/space\libgcc.a
                0x00000020                        _region_min_align = 0x20

.rel.plt        0x00027000        0x0
 *(SORT_BY_ALIGNMENT(.rel.plt))
                [!provide]                        PROVIDE (__rel_iplt_start = .)
 *(SORT_BY_ALIGNMENT(.rel.iplt))
 .rel.iplt      0x00027000        0x0 app/libapp.a(main.c.obj)
                [!provide]                        PROVIDE (__rel_iplt_end = .)

.rela.plt       0x00000000        0x0
 *(SORT_BY_ALIGNMENT(.rela.plt))
                [!provide]                        PROVIDE (__rela_iplt_start = .)
 *(SORT_BY_ALIGNMENT(.rela.iplt))
                [!provide]                        PROVIDE (__rela_iplt_end = .)

.rel.dyn
 *(SORT_BY_ALIGNMENT(.rel.*))

.rela.dyn
 *(SORT_BY_ALIGNMENT(.rela.*))

/DISCARD/
 *(SORT_BY_ALIGNMENT(.plt))

/DISCARD/
 *(SORT_BY_ALIGNMENT(.iplt))
                0x00027000                        __rom_region_start = 0x27000

rom_start       0x00027000      0x100
                0x00027000                        __rom_start_address = .
 FILL mask 0x00
                0x00027000                        . = (. + (0x0 - (. - __rom_start_address)))
                0x00027000                        . = ALIGN (0x4)
                0x00027000                        . = ALIGN (0x80)
                0x00027000                        . = ALIGN (0x100)
                0x00027000                        _vector_start = .
 *(SORT_BY_ALIGNMENT(.exc_vector_table))
 *(SORT_BY_ALIGNMENT(.exc_vector_table.*))
 .exc_vector_table._vector_table_section
                0x00027000       0x40 zephyr/arch/arch/arm/core/cortex_m/libarch__arm__core__cortex_m.a(vector_table.S.obj)
                0x00027000                _vector_table
 *(SORT_BY_ALIGNMENT(.vectors))
                0x00027100                        _vector_end = .
                0x00027040                        . = ALIGN (0x4)
 *(SORT_BY_ALIGNMENT(.gnu.linkonce.irq_vector_table*))
 .gnu.linkonce.irq_vector_table
                0x00027040       0xc0 zephyr/arch/common/libisr_tables.a(isr_tables.c.obj)
                0x00027040                _irq_vector_table
                0x00027100                        _vector_end = .

text            0x00027100    0x19190
                0x00027100                        __text_region_start = .
 *(SORT_BY_ALIGNMENT(.text))
 .text          0x00027100       0x30 D:/Users/ORESANJO/Downloads/Zephyrus/tools/zephyr-sdk/gnu/arm-zephyr-eabi/bin/../lib/gcc/arm-zephyr-eabi/14.3.0/thumb/v7e-m/nofp/space\libgcc.a(_aeabi_uldivmod.o)
                0x00027100                __aeabi_uldivmod
 .text          0x00027130        0x4 D:/Users/ORESANJO/Downloads/Zephyrus/tools/zephyr-sdk/gnu/arm-zephyr-eabi/bin/../lib/gcc/arm-zephyr-eabi/14.3.0/thumb/v7e-m/nofp/space\libgcc.a(_dvmd_tls.o)
                0x00027130                __aeabi_idiv0
                0x00027130                __aeabi_ldiv0
 .text          0x00027134       0x10 D:/Users/ORESANJO/Downloads/Zephyrus/tools/zephyr-sdk/gnu/arm-zephyr-eabi/bin/../lib/gcc/arm-zephyr-eabi/14.3.0/../../../../arm-zephyr-eabi/lib/thumb/v7e-m/nofp/space\libc.a(strlen.S.o)
                0x00027134                strlen
 .text          0x00027144      0x2bc D:/Users/ORESANJO/Downloads/Zephyrus/tools/zephyr-sdk/gnu/arm-zephyr-eabi/bin/../lib/gcc/arm-zephyr-eabi/14.3.0/thumb/v7e-m/nofp/space\libgcc.a(_udivmoddi4.o)
                0x00027144                __udivmoddi4
 *(SORT_BY_ALIGNMENT(.text.*))
 .text.ull_drift_ticks_get
                0x00027400       0x90 zephyr/subsys/bluetooth/controller/libsubsys__bluetooth__controller.a(ull.c.obj)
                0x00027400                ull_drift_ticks_get
 .text.ll_adv_enable
                0x00027490      0x340 zephyr/subsys/bluetooth/controller/libsubsys__bluetooth__controller.a(ull_adv.c.obj)
                0x00027490                ll_adv_enable
 .text.ull_adv_time_update
                0x000277d0       0xb4 zephyr/subsys/bluetooth/controller/libsubsys__bluetooth__controller.a(ull_adv.c.obj)
                0x000277d0                ull_adv_time_update
 *fill*         0x00027884        0x4 
 .text.ull_conn_update_ticker.constprop.0
                0x00027888       0xf8 zephyr/subsys/bluetooth/controller/libsubsys__bluetooth__controller.a(ull_conn.c.obj)
 .text.ull_conn_done
                0x00027980      0x3bc zephyr/subsys/bluetooth/controller/libsubsys__bluetooth__controller.a(ull_conn.c.obj)
                0x00027980                ull_conn_done
 *fill*         0x00027d3c        0x4 
 .text.ull_conn_update_parameters
                0x00027d40      0x29c zephyr/subsys/bluetooth/controller/libsubsys__bluetooth__controller.a(ull_conn.c.obj)
                0x00027d40                ull_conn_update_parameters
 *fill*         0x00027fdc        0x4 
 .text.ull_periph_setup
                0x00027fe0      0x3f4 zephyr/subsys/bluetooth/controller/libsubsys__bluetooth__controller.a(ull_peripheral.c.obj)
                0x00027fe0                ull_periph_setup
 *fill*         0x000283d4        0x4 
 .text.prepare_cb
                0x000283d8      0x130 zephyr/subsys/bluetooth/controller/ll_sw/nordic/libsubsys__bluetooth__controller__ll_sw__nordic.a(lll_adv.c.obj)
 .text.prepare_cb
                0x00028508      0x24c zephyr/subsys/bluetooth/controller/ll_sw/nordic/libsubsys__bluetooth__controller__ll_sw__nordic.a(lll_peripheral.c.obj)
 .text.main     0x00028754       0xbc app/libapp.a(main.c.obj)
                0x00028754                main
 .text.char_out
                0x00028810        0xc zephyr/libzephyr.a(printk.c.obj)
 .text.__printk_hook_install
                0x0002881c        0xc zephyr/libzephyr.a(printk.c.obj)
                0x0002881c                __printk_hook_install
 .text.vprintk  0x00028828       0x30 zephyr/libzephyr.a(printk.c.obj)
                0x00028828                vprintk
 .text.z_thread_entry
                0x00028858       0x34 zephyr/libzephyr.a(thread_entry.c.obj)
                0x00028858                z_thread_entry
 .text.process_event
                0x0002888c      0x1e8 zephyr/libzephyr.a(onoff.c.obj)
 .text.mem_attr_get_regions
                0x00028a74        0xc zephyr/libzephyr.a(mem_attr.c.obj)
                0x00028a74                mem_attr_get_regions
 .text.class_handler
                0x00028a80       0x44 zephyr/libzephyr.a(usb_device.c.obj)
 .text.custom_handler
                0x00028ac4       0x64 zephyr/libzephyr.a(usb_device.c.obj)
 .text.vendor_handler
                0x00028b28       0x3c zephyr/libzephyr.a(usb_device.c.obj)
 .text.disable_endpoint
                0x00028b64       0x2c zephyr/libzephyr.a(usb_device.c.obj)
 .text.usb_reset_alt_setting
                0x00028b90       0x10 zephyr/libzephyr.a(usb_device.c.obj)
 .text.is_ep_valid.part.0
                0x00028ba0       0x38 zephyr/libzephyr.a(usb_device.c.obj)
 .text.usb_halt_endpoint_req
                0x00028bd8       0x54 zephyr/libzephyr.a(usb_device.c.obj)
 .text.usb_handle_request.constprop.0
                0x00028c2c       0x2c zephyr/libzephyr.a(usb_device.c.obj)
 .text.forward_status_cb
                0x00028c58       0xac zephyr/libzephyr.a(usb_device.c.obj)
 .text.set_endpoint
                0x00028d04       0x84 zephyr/libzephyr.a(usb_device.c.obj)
 .text.usb_handle_standard_request
                0x00028d88      0x2f8 zephyr/libzephyr.a(usb_device.c.obj)
 .text.usb_data_to_host
                0x00029080       0x60 zephyr/libzephyr.a(usb_device.c.obj)
 .text.usb_handle_control_transfer
                0x000290e0       0xdc zephyr/libzephyr.a(usb_device.c.obj)
 .text.usb_set_config
                0x000291bc       0x2c zephyr/libzephyr.a(usb_device.c.obj)
                0x000291bc                usb_set_config
 .text.usb_enable
                0x000291e8      0x134 zephyr/libzephyr.a(usb_device.c.obj)
                0x000291e8                usb_enable
 .text.usb_update_sn_string_descriptor
                0x0002931c       0x88 zephyr/libzephyr.a(usb_descriptor.c.obj)
                0x0002931c                usb_update_sn_string_descriptor
 .text.usb_get_device_descriptor
                0x000293a4      0x1e4 zephyr/libzephyr.a(usb_descriptor.c.obj)
                0x000293a4                usb_get_device_descriptor
 .text.usb_ep_get_transfer
                0x00029588       0x2c zephyr/libzephyr.a(usb_transfer.c.obj)
 .text.usb_transfer_work
                0x000295b4      0x100 zephyr/libzephyr.a(usb_transfer.c.obj)
 .text.usb_transfer_ep_callback
                0x000296b4       0x5c zephyr/libzephyr.a(usb_transfer.c.obj)
                0x000296b4                usb_transfer_ep_callback
 .text.usb_transfer
                0x00029710       0xe0 zephyr/libzephyr.a(usb_transfer.c.obj)
                0x00029710                usb_transfer
 .text.usb_cancel_transfer
                0x000297f0       0x3c zephyr/libzephyr.a(usb_transfer.c.obj)
                0x000297f0                usb_cancel_transfer
 .text.usb_cancel_transfers
                0x0002982c       0x44 zephyr/libzephyr.a(usb_transfer.c.obj)
                0x0002982c                usb_cancel_transfers
 .text.usb_transfer_init
                0x00029870       0x30 zephyr/libzephyr.a(usb_transfer.c.obj)
                0x00029870                usb_transfer_init
 .text.cdc_acm_irq_rx_enable
                0x000298a0       0x20 zephyr/libzephyr.a(cdc_acm.c.obj)
 .text.cdc_acm_irq_tx_enable
                0x000298c0       0x20 zephyr/libzephyr.a(cdc_acm.c.obj)
 .text.cdc_acm_fifo_fill
                0x000298e0       0x3c zephyr/libzephyr.a(cdc_acm.c.obj)
 .text.cdc_acm_write_cb
                0x0002991c       0x54 zephyr/libzephyr.a(cdc_acm.c.obj)
 .text.cdc_acm_class_handle_req
                0x00029970       0x64 zephyr/libzephyr.a(cdc_acm.c.obj)
                0x00029970                cdc_acm_class_handle_req
 .text.cdc_acm_int_in
                0x000299d4       0x18 zephyr/libzephyr.a(cdc_acm.c.obj)
 .text.cdc_acm_reset_port
                0x000299ec       0x3c zephyr/libzephyr.a(cdc_acm.c.obj)
 .text.cdc_acm_init
                0x00029a28       0x48 zephyr/libzephyr.a(cdc_acm.c.obj)
 .text.cdc_acm_send_notification.isra.0
                0x00029a70       0x44 zephyr/libzephyr.a(cdc_acm.c.obj)
 .text.cdc_acm_poll_out
                0x00029ab4       0x84 zephyr/libzephyr.a(cdc_acm.c.obj)
 .text.tx_work_handler
                0x00029b38       0x78 zephyr/libzephyr.a(cdc_acm.c.obj)
 .text.cdc_acm_read_cb
                0x00029bb0       0x74 zephyr/libzephyr.a(cdc_acm.c.obj)
 .text.cdc_acm_dev_status_cb
                0x00029c24       0x84 zephyr/libzephyr.a(cdc_acm.c.obj)
 .text.z_usb_work_q_init
                0x00029ca8       0x30 zephyr/libzephyr.a(usb_work_q.c.obj)
 .text.read_ppcp
                0x00029cd8       0x2c zephyr/libzephyr.a(gap_svc.c.obj)
 .text.arch_bss_zero
                0x00029d04       0x18 zephyr/arch/common/libarch__common.a(init.c.obj)
                0x00029d04                arch_bss_zero
 .text.arch_data_copy
                0x00029d1c       0x38 zephyr/arch/common/libarch__common.a(xip.c.obj)
                0x00029d1c                arch_data_copy
 .text.z_arm_fatal_error
                0x00029d54       0x60 zephyr/arch/arch/arm/core/libarch__arm__core.a(fatal.c.obj)
                0x00029d54                z_arm_fatal_error
 .text.z_SysNmiOnReset
                0x00029db4        0x8 zephyr/arch/arch/arm/core/libarch__arm__core.a(nmi_on_reset.S.obj)
                0x00029db4                z_SysNmiOnReset
 .text.arch_tls_stack_setup
                0x00029dbc       0x40 zephyr/arch/arch/arm/core/libarch__arm__core.a(tls.c.obj)
                0x00029dbc                arch_tls_stack_setup
 .text.mem_manage_fault
                0x00029dfc       0xf0 zephyr/arch/arch/arm/core/cortex_m/libarch__arm__core__cortex_m.a(fault.c.obj)
 .text.usage_fault.isra.0
                0x00029eec       0x98 zephyr/arch/arch/arm/core/cortex_m/libarch__arm__core__cortex_m.a(fault.c.obj)
 .text.bus_fault.isra.0
                0x00029f84       0xb8 zephyr/arch/arch/arm/core/cortex_m/libarch__arm__core__cortex_m.a(fault.c.obj)
 .text.z_arm_fault
                0x0002a03c      0x1a8 zephyr/arch/arch/arm/core/cortex_m/libarch__arm__core__cortex_m.a(fault.c.obj)
                0x0002a03c                z_arm_fault
 .text.z_arm_fault_init
                0x0002a1e4       0x18 zephyr/arch/arch/arm/core/cortex_m/libarch__arm__core__cortex_m.a(fault.c.obj)
                0x0002a1e4                z_arm_fault_init
 .text.__fault  0x0002a1fc       0x14 zephyr/arch/arch/arm/core/cortex_m/libarch__arm__core__cortex_m.a(fault_s.S.obj)
                0x0002a1fc                z_arm_usage_fault
                0x0002a1fc                z_arm_mpu_fault
                0x0002a1fc                z_arm_exc_spurious
                0x0002a1fc                z_arm_debug_monitor
                0x0002a1fc                z_arm_hard_fault
                0x0002a1fc                z_arm_bus_fault
 .text._reset_section
                0x0002a210       0x38 zephyr/arch/arch/arm/core/cortex_m/libarch__arm__core__cortex_m.a(reset.S.obj)
                0x0002a210                __start
                0x0002a210                z_arm_reset
 .text.z_arm_svc
                0x0002a248       0x24 zephyr/arch/arch/arm/core/cortex_m/libarch__arm__core__cortex_m.a(svc.S.obj)
                0x0002a248                z_arm_svc
 .text.arm_irq_enable
                0x0002a26c       0x1c zephyr/arch/arch/arm/core/cortex_m/libarch__arm__core__cortex_m.a(irq_manage.c.obj)
                0x0002a26c                arm_irq_enable
 .text.arm_irq_disable
                0x0002a288       0x28 zephyr/arch/arch/arm/core/cortex_m/libarch__arm__core__cortex_m.a(irq_manage.c.obj)
                0x0002a288                arm_irq_disable
 .text.arm_irq_is_enabled
                0x0002a2b0       0x1c zephyr/arch/arch/arm/core/cortex_m/libarch__arm__core__cortex_m.a(irq_manage.c.obj)
                0x0002a2b0                arm_irq_is_enabled
 .text.arm_irq_priority_set
                0x0002a2cc       0x30 zephyr/arch/arch/arm/core/cortex_m/libarch__arm__core__cortex_m.a(irq_manage.c.obj)
                0x0002a2cc                arm_irq_priority_set
 .text.relocate_vector_table
                0x0002a2fc       0x1c zephyr/arch/arch/arm/core/cortex_m/libarch__arm__core__cortex_m.a(prep_c.c.obj)
                0x0002a2fc                relocate_vector_table
 .text.z_prep_c
                0x0002a318       0x38 zephyr/arch/arch/arm/core/cortex_m/libarch__arm__core__cortex_m.a(prep_c.c.obj)
                0x0002a318                z_prep_c
 .text.arch_new_thread
                0x0002a350       0x38 zephyr/arch/arch/arm/core/cortex_m/libarch__arm__core__cortex_m.a(thread.c.obj)
                0x0002a350                arch_new_thread
 .text.z_check_thread_stack_fail
                0x0002a388       0x2c zephyr/arch/arch/arm/core/cortex_m/libarch__arm__core__cortex_m.a(thread.c.obj)
                0x0002a388                z_check_thread_stack_fail
 .text.arch_switch_to_main_thread
                0x0002a3b4       0x3c zephyr/arch/arch/arm/core/cortex_m/libarch__arm__core__cortex_m.a(thread.c.obj)
                0x0002a3b4                arch_switch_to_main_thread
 .text.z_arm_cpu_idle_init
                0x0002a3f0        0xc zephyr/arch/arch/arm/core/cortex_m/libarch__arm__core__cortex_m.a(cpu_idle.c.obj)
                0x0002a3f0                z_arm_cpu_idle_init
 .text._HandlerModeExit
                0x0002a3fc       0x20 zephyr/arch/arch/arm/core/cortex_m/libarch__arm__core__cortex_m.a(exc_exit.c.obj)
                0x0002a3fc                z_arm_int_exit
                0x0002a3fc                z_arm_exc_exit
 .text.z_impl_k_thread_abort
                0x0002a41c       0x2c zephyr/arch/arch/arm/core/cortex_m/libarch__arm__core__cortex_m.a(thread_abort.c.obj)
                0x0002a41c                z_impl_k_thread_abort
 .text.z_arm_pendsv
                0x0002a448       0x60 zephyr/arch/arch/arm/core/cortex_m/libarch__arm__core__cortex_m.a(swap_helper.S.obj)
                0x0002a448                z_arm_pendsv
 .text.z_arm_interrupt_init
                0x0002a4a8       0x18 zephyr/arch/arch/arm/core/cortex_m/libarch__arm__core__cortex_m.a(irq_init.c.obj)
                0x0002a4a8                z_arm_interrupt_init
 .text._isr_wrapper
                0x0002a4c0       0x24 zephyr/arch/arch/arm/core/cortex_m/libarch__arm__core__cortex_m.a(isr_wrapper.c.obj)
                0x0002a4c0                _isr_wrapper
 .text.__aeabi_read_tp
                0x0002a4e4        0xc zephyr/arch/arch/arm/core/cortex_m/libarch__arm__core__cortex_m.a(__aeabi_read_tp.S.obj)
                0x0002a4e4                __aeabi_read_tp
 .text.z_arm_configure_static_mpu_regions
                0x0002a4f0       0x18 zephyr/arch/arch/arm/core/mpu/libarch__arm__core__mpu.a(arm_core_mpu.c.obj)
                0x0002a4f0                z_arm_configure_static_mpu_regions
 .text.z_arm_configure_dynamic_mpu_regions
                0x0002a508       0x20 zephyr/arch/arch/arm/core/mpu/libarch__arm__core__mpu.a(arm_core_mpu.c.obj)
                0x0002a508                z_arm_configure_dynamic_mpu_regions
 .text.region_init
                0x0002a528       0x28 zephyr/arch/arch/arm/core/mpu/libarch__arm__core__mpu.a(arm_mpu.c.obj)
 .text.mpu_configure_regions
                0x0002a550       0x6c zephyr/arch/arch/arm/core/mpu/libarch__arm__core__mpu.a(arm_mpu.c.obj)
 .text.arm_core_mpu_enable
                0x0002a5bc       0x18 zephyr/arch/arch/arm/core/mpu/libarch__arm__core__mpu.a(arm_mpu.c.obj)
                0x0002a5bc                arm_core_mpu_enable
 .text.arm_core_mpu_disable
                0x0002a5d4       0x14 zephyr/arch/arch/arm/core/mpu/libarch__arm__core__mpu.a(arm_mpu.c.obj)
                0x0002a5d4                arm_core_mpu_disable
 .text.arm_core_mpu_configure_static_mpu_regions
                0x0002a5e8       0x14 zephyr/arch/arch/arm/core/mpu/libarch__arm__core__mpu.a(arm_mpu.c.obj)
                0x0002a5e8                arm_core_mpu_configure_static_mpu_regions
 .text.arm_core_mpu_configure_dynamic_mpu_regions
                0x0002a5fc       0x38 zephyr/arch/arch/arm/core/mpu/libarch__arm__core__mpu.a(arm_mpu.c.obj)
                0x0002a5fc                arm_core_mpu_configure_dynamic_mpu_regions
 .text.z_arm_mpu_init
                0x0002a634      0x184 zephyr/arch/arch/arm/core/mpu/libarch__arm__core__mpu.a(arm_mpu.c.obj)
                0x0002a634                z_arm_mpu_init
 .text.z_impl_zephyr_fputc
                0x0002a7b8       0x10 zephyr/lib/libc/picolibc/liblib__libc__picolibc.a(stdio.c.obj)
                0x0002a7b8                z_impl_zephyr_fputc
 .text.__stdout_hook_install
                0x0002a7c8       0x18 zephyr/lib/libc/picolibc/liblib__libc__picolibc.a(stdio.c.obj)
                0x0002a7c8                __stdout_hook_install
 .text.malloc_prepare
                0x0002a7e0       0x24 zephyr/lib/libc/common/liblib__libc__common.a(malloc.c.obj)
 .text.net_buf_destroy
                0x0002a804       0x38 zephyr/lib/net_buf/liblib__net_buf.a(buf.c.obj)
 .text.net_buf_pool_get
                0x0002a83c       0x10 zephyr/lib/net_buf/liblib__net_buf.a(buf.c.obj)
                0x0002a83c                net_buf_pool_get
 .text.net_buf_id
                0x0002a84c       0x20 zephyr/lib/net_buf/liblib__net_buf.a(buf.c.obj)
                0x0002a84c                net_buf_id
 .text.fixed_data_alloc
                0x0002a86c       0x24 zephyr/lib/net_buf/liblib__net_buf.a(buf.c.obj)
 .text.net_buf_alloc_len
                0x0002a890       0xfc zephyr/lib/net_buf/liblib__net_buf.a(buf.c.obj)
                0x0002a890                net_buf_alloc_len
 .text.net_buf_unref
                0x0002a98c       0x3c zephyr/lib/net_buf/liblib__net_buf.a(buf.c.obj)
                0x0002a98c                net_buf_unref
 .text.nordicsemi_nrf52_init
                0x0002a9c8       0x38 zephyr/soc/soc/nrf52840/libsoc__nordic.a(soc.c.obj)
 .text.arch_busy_wait
                0x0002aa00       0x24 zephyr/soc/soc/nrf52840/libsoc__nordic.a(soc.c.obj)
                0x0002aa00                arch_busy_wait
 .text.gppi_init
                0x0002aa24       0x20 zephyr/soc/soc/nrf52840/libsoc__nordic.a(gppi_init.c.obj)
 .text.bt_uuid_to_uuid
                0x0002aa44       0x68 zephyr/subsys/bluetooth/host/libsubsys__bluetooth__host.a(uuid.c.obj)
 .text.hci_rx_pool_destroy
                0x0002aaac       0x34 zephyr/subsys/bluetooth/host/libsubsys__bluetooth__host.a(buf.c.obj)
 .text.bt_buf_get_rx
                0x0002aae0       0x30 zephyr/subsys/bluetooth/host/libsubsys__bluetooth__host.a(buf.c.obj)
                0x0002aae0                bt_buf_get_rx
 .text.bt_buf_get_evt
                0x0002ab10       0x3c zephyr/subsys/bluetooth/host/libsubsys__bluetooth__host.a(buf.c.obj)
                0x0002ab10                bt_buf_get_evt
 .text.bt_tx_processor_init
                0x0002ab4c       0x30 zephyr/subsys/bluetooth/host/libsubsys__bluetooth__host.a(hci_core.c.obj)
 .text.hci_cmd_done
                0x0002ab7c       0xfc zephyr/subsys/bluetooth/host/libsubsys__bluetooth__host.a(hci_core.c.obj)
 .text.hci_reset_complete
                0x0002ac78       0x2c zephyr/subsys/bluetooth/host/libsubsys__bluetooth__host.a(hci_core.c.obj)
 .text.bt_hci_cmd_alloc
                0x0002aca4       0x50 zephyr/subsys/bluetooth/host/libsubsys__bluetooth__host.a(hci_core.c.obj)
                0x0002aca4                bt_hci_cmd_alloc
 .text.bt_send  0x0002acf4       0x14 zephyr/subsys/bluetooth/host/libsubsys__bluetooth__host.a(hci_core.c.obj)
                0x0002acf4                bt_send
 .text.bt_finalize_init
                0x0002ad08        0xc zephyr/subsys/bluetooth/host/libsubsys__bluetooth__host.a(hci_core.c.obj)
                0x0002ad08                bt_finalize_init
 .text.bt_get_name
                0x0002ad14        0x8 zephyr/subsys/bluetooth/host/libsubsys__bluetooth__host.a(hci_core.c.obj)
                0x0002ad14                bt_get_name
 .text.bt_tx_irq_raise
                0x0002ad1c       0x10 zephyr/subsys/bluetooth/host/libsubsys__bluetooth__host.a(hci_core.c.obj)
                0x0002ad1c                bt_tx_irq_raise
 .text.bt_hci_cmd_send
                0x0002ad2c       0x90 zephyr/subsys/bluetooth/host/libsubsys__bluetooth__host.a(hci_core.c.obj)
                0x0002ad2c                bt_hci_cmd_send
 .text.bt_hci_cmd_send_sync
                0x0002adbc      0x10c zephyr/subsys/bluetooth/host/libsubsys__bluetooth__host.a(hci_core.c.obj)
                0x0002adbc                bt_hci_cmd_send_sync
 .text.bt_init  0x0002aec8      0x364 zephyr/subsys/bluetooth/host/libsubsys__bluetooth__host.a(hci_core.c.obj)
 .text.init_work
                0x0002b22c       0x18 zephyr/subsys/bluetooth/host/libsubsys__bluetooth__host.a(hci_core.c.obj)
 .text.tx_processor
                0x0002b244       0xc0 zephyr/subsys/bluetooth/host/libsubsys__bluetooth__host.a(hci_core.c.obj)
 .text.bt_hci_evt_create
                0x0002b304       0x50 zephyr/subsys/bluetooth/host/libsubsys__bluetooth__host.a(hci_common.c.obj)
                0x0002b304                bt_hci_evt_create
 .text.id_find  0x0002b354       0x30 zephyr/subsys/bluetooth/host/libsubsys__bluetooth__host.a(id.c.obj)
 .text.set_random_address
                0x0002b384       0x58 zephyr/subsys/bluetooth/host/libsubsys__bluetooth__host.a(id.c.obj)
 .text.id_create.constprop.0
                0x0002b3dc       0x70 zephyr/subsys/bluetooth/host/libsubsys__bluetooth__host.a(id.c.obj)
 .text.bt_id_create
                0x0002b44c       0xa4 zephyr/subsys/bluetooth/host/libsubsys__bluetooth__host.a(id.c.obj)
                0x0002b44c                bt_id_create
 .text.bt_id_read_public_addr
                0x0002b4f0       0x6c zephyr/subsys/bluetooth/host/libsubsys__bluetooth__host.a(id.c.obj)
                0x0002b4f0                bt_id_read_public_addr
 .text.bt_setup_public_id_addr
                0x0002b55c       0x20 zephyr/subsys/bluetooth/host/libsubsys__bluetooth__host.a(id.c.obj)
                0x0002b55c                bt_setup_public_id_addr
 .text.bt_setup_random_id_addr
                0x0002b57c       0xac zephyr/subsys/bluetooth/host/libsubsys__bluetooth__host.a(id.c.obj)
                0x0002b57c                bt_setup_random_id_addr
 .text.bt_id_init
                0x0002b628       0x30 zephyr/subsys/bluetooth/host/libsubsys__bluetooth__host.a(id.c.obj)
                0x0002b628                bt_id_init
 .text.notify_connected
                0x0002b658       0x40 zephyr/subsys/bluetooth/host/libsubsys__bluetooth__host.a(conn.c.obj)
 .text.frag_destroy
                0x0002b698       0x20 zephyr/subsys/bluetooth/host/libsubsys__bluetooth__host.a(conn.c.obj)
 .text.conn_tx_destroy
                0x0002b6b8       0x2c zephyr/subsys/bluetooth/host/libsubsys__bluetooth__host.a(conn.c.obj)
 .text.recycled_work_handler
                0x0002b6e4       0x54 zephyr/subsys/bluetooth/host/libsubsys__bluetooth__host.a(conn.c.obj)
 .text.tx_notify_process
                0x0002b738       0x58 zephyr/subsys/bluetooth/host/libsubsys__bluetooth__host.a(conn.c.obj)
 .text.bt_conn_tx_notify
                0x0002b790       0x48 zephyr/subsys/bluetooth/host/libsubsys__bluetooth__host.a(conn.c.obj)
                0x0002b790                bt_conn_tx_notify
 .text.bt_conn_unref
                0x0002b7d8       0x58 zephyr/subsys/bluetooth/host/libsubsys__bluetooth__host.a(conn.c.obj)
                0x0002b7d8                bt_conn_unref
 .text.bt_conn_data_ready
                0x0002b830       0x54 zephyr/subsys/bluetooth/host/libsubsys__bluetooth__host.a(conn.c.obj)
                0x0002b830                bt_conn_data_ready
 .text.bt_conn_set_state
                0x0002b884       0xf0 zephyr/subsys/bluetooth/host/libsubsys__bluetooth__host.a(conn.c.obj)
                0x0002b884                bt_conn_set_state
 .text.bt_conn_index
                0x0002b974       0x18 zephyr/subsys/bluetooth/host/libsubsys__bluetooth__host.a(conn.c.obj)
                0x0002b974                bt_conn_index
 .text.bt_conn_create_pdu_timeout
                0x0002b98c       0x4c zephyr/subsys/bluetooth/host/libsubsys__bluetooth__host.a(conn.c.obj)
                0x0002b98c                bt_conn_create_pdu_timeout
 .text.bt_conn_tx_processor
                0x0002b9d8      0x2d8 zephyr/subsys/bluetooth/host/libsubsys__bluetooth__host.a(conn.c.obj)
                0x0002b9d8                bt_conn_tx_processor
 .text.bt_conn_lookup_addr_le
                0x0002bcb0       0x34 zephyr/subsys/bluetooth/host/libsubsys__bluetooth__host.a(conn.c.obj)
                0x0002bcb0                bt_conn_lookup_addr_le
 .text.bt_conn_lookup_state_le
                0x0002bce4       0x44 zephyr/subsys/bluetooth/host/libsubsys__bluetooth__host.a(conn.c.obj)
                0x0002bce4                bt_conn_lookup_state_le
 .text.bt_conn_init
                0x0002bd28       0x4c zephyr/subsys/bluetooth/host/libsubsys__bluetooth__host.a(conn.c.obj)
                0x0002bd28                bt_conn_init
 .text.l2cap_accept
                0x0002bd74       0x1c zephyr/subsys/bluetooth/host/libsubsys__bluetooth__host.a(l2cap.c.obj)
 .text.bt_l2cap_create_pdu_timeout
                0x0002bd90       0x34 zephyr/subsys/bluetooth/host/libsubsys__bluetooth__host.a(l2cap.c.obj)
                0x0002bd90                bt_l2cap_create_pdu_timeout
 .text.att_op_get_type
                0x0002bdc4       0x74 zephyr/subsys/bluetooth/host/libsubsys__bluetooth__host.a(att.c.obj)
 .text.chan_send
                0x0002be38       0xb0 zephyr/subsys/bluetooth/host/libsubsys__bluetooth__host.a(att.c.obj)
 .text.bt_att_chan_create_pdu
                0x0002bee8       0x98 zephyr/subsys/bluetooth/host/libsubsys__bluetooth__host.a(att.c.obj)
 .text.bt_att_released
                0x0002bf80        0xc zephyr/subsys/bluetooth/host/libsubsys__bluetooth__host.a(att.c.obj)
 .text.att_create_rsp_pdu
                0x0002bf8c       0x48 zephyr/subsys/bluetooth/host/libsubsys__bluetooth__host.a(att.c.obj)
 .text.att_tx_destroy
                0x0002bfd4       0x50 zephyr/subsys/bluetooth/host/libsubsys__bluetooth__host.a(att.c.obj)
 .text.att_find_info_req
                0x0002c024       0x6c zephyr/subsys/bluetooth/host/libsubsys__bluetooth__host.a(att.c.obj)
 .text.bt_att_connected
                0x0002c090       0x40 zephyr/subsys/bluetooth/host/libsubsys__bluetooth__host.a(att.c.obj)
 .text.att_read_rsp
                0x0002c0d0       0x90 zephyr/subsys/bluetooth/host/libsubsys__bluetooth__host.a(att.c.obj)
 .text.att_read_mult_req
                0x0002c160       0x94 zephyr/subsys/bluetooth/host/libsubsys__bluetooth__host.a(att.c.obj)
 .text.att_read_mult_vl_req
                0x0002c1f4       0x94 zephyr/subsys/bluetooth/host/libsubsys__bluetooth__host.a(att.c.obj)
 .text.att_find_type_req
                0x0002c288       0xc0 zephyr/subsys/bluetooth/host/libsubsys__bluetooth__host.a(att.c.obj)
 .text.att_read_type_req
                0x0002c348      0x114 zephyr/subsys/bluetooth/host/libsubsys__bluetooth__host.a(att.c.obj)
 .text.att_read_group_req
                0x0002c45c       0xf0 zephyr/subsys/bluetooth/host/libsubsys__bluetooth__host.a(att.c.obj)
 .text.att_write_rsp.constprop.0
                0x0002c54c       0xc0 zephyr/subsys/bluetooth/host/libsubsys__bluetooth__host.a(att.c.obj)
 .text.bt_att_recv
                0x0002c60c       0x94 zephyr/subsys/bluetooth/host/libsubsys__bluetooth__host.a(att.c.obj)
 .text.read_group_cb
                0x0002c6a0       0xb8 zephyr/subsys/bluetooth/host/libsubsys__bluetooth__host.a(att.c.obj)
 .text.read_type_cb
                0x0002c758       0xc0 zephyr/subsys/bluetooth/host/libsubsys__bluetooth__host.a(att.c.obj)
 .text.bt_att_accept
                0x0002c818       0xcc zephyr/subsys/bluetooth/host/libsubsys__bluetooth__host.a(att.c.obj)
 .text.att_tx_destroy_work_handler
                0x0002c8e4      0x12c zephyr/subsys/bluetooth/host/libsubsys__bluetooth__host.a(att.c.obj)
 .text.bt_att_req_alloc
                0x0002ca10       0x58 zephyr/subsys/bluetooth/host/libsubsys__bluetooth__host.a(att.c.obj)
                0x0002ca10                bt_att_req_alloc
 .text.bt_att_req_free
                0x0002ca68       0x20 zephyr/subsys/bluetooth/host/libsubsys__bluetooth__host.a(att.c.obj)
                0x0002ca68                bt_att_req_free
 .text.att_handle_rsp.isra.0
                0x0002ca88       0x6c zephyr/subsys/bluetooth/host/libsubsys__bluetooth__host.a(att.c.obj)
 .text.bt_att_disconnected
                0x0002caf4       0xc8 zephyr/subsys/bluetooth/host/libsubsys__bluetooth__host.a(att.c.obj)
 .text.bt_att_set_tx_meta_data
                0x0002cbbc       0x24 zephyr/subsys/bluetooth/host/libsubsys__bluetooth__host.a(att.c.obj)
                0x0002cbbc                bt_att_set_tx_meta_data
 .text.find_sc_cfg
                0x0002cbe0       0x24 zephyr/subsys/bluetooth/host/libsubsys__bluetooth__host.a(gatt.c.obj)
 .text.sc_save  0x0002cc04       0x60 zephyr/subsys/bluetooth/host/libsubsys__bluetooth__host.a(gatt.c.obj)
 .text.sc_indicate_rsp
                0x0002cc64       0x38 zephyr/subsys/bluetooth/host/libsubsys__bluetooth__host.a(gatt.c.obj)
 .text.disconnected_cb
                0x0002cc9c       0xa8 zephyr/subsys/bluetooth/host/libsubsys__bluetooth__host.a(gatt.c.obj)
 .text.find_ccc_cfg
                0x0002cd44       0x2c zephyr/subsys/bluetooth/host/libsubsys__bluetooth__host.a(gatt.c.obj)
 .text.bt_gatt_attr_write_ccc
                0x0002cd70       0xc0 zephyr/subsys/bluetooth/host/libsubsys__bluetooth__host.a(gatt.c.obj)
                0x0002cd70                bt_gatt_attr_write_ccc
 .text.bt_gatt_init
                0x0002ce30       0x80 zephyr/subsys/bluetooth/host/libsubsys__bluetooth__host.a(gatt.c.obj)
                0x0002ce30                bt_gatt_init
 .text.bt_gatt_attr_get_handle
                0x0002ceb0       0x60 zephyr/subsys/bluetooth/host/libsubsys__bluetooth__host.a(gatt.c.obj)
                0x0002ceb0                bt_gatt_attr_get_handle
 .text.bt_gatt_foreach_attr_type
                0x0002cf10       0xb4 zephyr/subsys/bluetooth/host/libsubsys__bluetooth__host.a(gatt.c.obj)
                0x0002cf10                bt_gatt_foreach_attr_type
 .text.bt_gatt_attr_next
                0x0002cfc4       0x24 zephyr/subsys/bluetooth/host/libsubsys__bluetooth__host.a(gatt.c.obj)
                0x0002cfc4                bt_gatt_attr_next
 .text.gatt_indicate
                0x0002cfe8       0xa0 zephyr/subsys/bluetooth/host/libsubsys__bluetooth__host.a(gatt.c.obj)
 .text.bt_gatt_indicate
                0x0002d088       0xf4 zephyr/subsys/bluetooth/host/libsubsys__bluetooth__host.a(gatt.c.obj)
                0x0002d088                bt_gatt_indicate
 .text.sc_process
                0x0002d17c       0x78 zephyr/subsys/bluetooth/host/libsubsys__bluetooth__host.a(gatt.c.obj)
 .text.update_ccc
                0x0002d1f4       0xa8 zephyr/subsys/bluetooth/host/libsubsys__bluetooth__host.a(gatt.c.obj)
 .text.notify_cb
                0x0002d29c       0xec zephyr/subsys/bluetooth/host/libsubsys__bluetooth__host.a(gatt.c.obj)
 .text.bt_gatt_connected
                0x0002d388       0x20 zephyr/subsys/bluetooth/host/libsubsys__bluetooth__host.a(gatt.c.obj)
                0x0002d388                bt_gatt_connected
 .text.bt_gatt_att_max_mtu_changed
                0x0002d3a8       0x40 zephyr/subsys/bluetooth/host/libsubsys__bluetooth__host.a(gatt.c.obj)
                0x0002d3a8                bt_gatt_att_max_mtu_changed
 .text.bt_gatt_disconnected
                0x0002d3e8       0x14 zephyr/subsys/bluetooth/host/libsubsys__bluetooth__host.a(gatt.c.obj)
                0x0002d3e8                bt_gatt_disconnected
 .text.gatt_gap_svc_validate
                0x0002d3fc       0x40 zephyr/subsys/bluetooth/host/libsubsys__bluetooth__host.a(gatt_gap_svc_validate.c.obj)
                0x0002d3fc                gatt_gap_svc_validate
 .text.bt_smp_accept
                0x0002d43c       0x1c zephyr/subsys/bluetooth/host/libsubsys__bluetooth__host.a(smp_null.c.obj)
 .text.mem_init
                0x0002d458       0x48 zephyr/subsys/bluetooth/controller/libsubsys__bluetooth__controller.a(mem.c.obj)
                0x0002d458                mem_init
 .text.mem_acquire
                0x0002d4a0       0x2c zephyr/subsys/bluetooth/controller/libsubsys__bluetooth__controller.a(mem.c.obj)
                0x0002d4a0                mem_acquire
 .text.mem_release
                0x0002d4cc       0x28 zephyr/subsys/bluetooth/controller/libsubsys__bluetooth__controller.a(mem.c.obj)
                0x0002d4cc                mem_release
 .text.mem_get  0x0002d4f4        0x8 zephyr/subsys/bluetooth/controller/libsubsys__bluetooth__controller.a(mem.c.obj)
                0x0002d4f4                mem_get
 .text.mem_index_get
                0x0002d4fc        0xc zephyr/subsys/bluetooth/controller/libsubsys__bluetooth__controller.a(mem.c.obj)
                0x0002d4fc                mem_index_get
 .text.mem_rcopy
                0x0002d508       0x1c zephyr/subsys/bluetooth/controller/libsubsys__bluetooth__controller.a(mem.c.obj)
                0x0002d508                mem_rcopy
 .text.mem_nz   0x0002d524       0x18 zephyr/subsys/bluetooth/controller/libsubsys__bluetooth__controller.a(mem.c.obj)
                0x0002d524                mem_nz
 .text.memq_init
                0x0002d53c        0x8 zephyr/subsys/bluetooth/controller/libsubsys__bluetooth__controller.a(memq.c.obj)
                0x0002d53c                memq_init
 .text.memq_deinit
                0x0002d544       0x14 zephyr/subsys/bluetooth/controller/libsubsys__bluetooth__controller.a(memq.c.obj)
                0x0002d544                memq_deinit
 .text.memq_enqueue
                0x0002d558       0x14 zephyr/subsys/bluetooth/controller/libsubsys__bluetooth__controller.a(memq.c.obj)
                0x0002d558                memq_enqueue
 .text.memq_peek
                0x0002d56c       0x10 zephyr/subsys/bluetooth/controller/libsubsys__bluetooth__controller.a(memq.c.obj)
                0x0002d56c                memq_peek
 .text.memq_dequeue
                0x0002d57c       0x20 zephyr/subsys/bluetooth/controller/libsubsys__bluetooth__controller.a(memq.c.obj)
                0x0002d57c                memq_dequeue
 .text.mayfly_init
                0x0002d59c       0x48 zephyr/subsys/bluetooth/controller/libsubsys__bluetooth__controller.a(mayfly.c.obj)
                0x0002d59c                mayfly_init
 .text.mayfly_enable
                0x0002d5e4       0x68 zephyr/subsys/bluetooth/controller/libsubsys__bluetooth__controller.a(mayfly.c.obj)
                0x0002d5e4                mayfly_enable
 .text.mayfly_enqueue
                0x0002d64c       0xc4 zephyr/subsys/bluetooth/controller/libsubsys__bluetooth__controller.a(mayfly.c.obj)
                0x0002d64c                mayfly_enqueue
 .text.mayfly_run
                0x0002d710      0x170 zephyr/subsys/bluetooth/controller/libsubsys__bluetooth__controller.a(mayfly.c.obj)
                0x0002d710                mayfly_run
 .text.util_ones_count_get
                0x0002d880       0x28 zephyr/subsys/bluetooth/controller/libsubsys__bluetooth__controller.a(util.c.obj)
                0x0002d880                util_ones_count_get
 .text.ticker_dequeue
                0x0002d8a8       0x64 zephyr/subsys/bluetooth/controller/libsubsys__bluetooth__controller.a(ticker.c.obj)
 .text.ticks_to_expire_prep
                0x0002d90c       0x48 zephyr/subsys/bluetooth/controller/libsubsys__bluetooth__controller.a(ticker.c.obj)
 .text.start_us.isra.0
                0x0002d954       0x9c zephyr/subsys/bluetooth/controller/libsubsys__bluetooth__controller.a(ticker.c.obj)
 .text.ticker_job_list_insert
                0x0002d9f0      0x1fc zephyr/subsys/bluetooth/controller/libsubsys__bluetooth__controller.a(ticker.c.obj)
 .text.ticker_worker
                0x0002dbec      0x3d4 zephyr/subsys/bluetooth/controller/libsubsys__bluetooth__controller.a(ticker.c.obj)
                0x0002dbec                ticker_worker
 .text.ticker_job
                0x0002dfc0      0x93c zephyr/subsys/bluetooth/controller/libsubsys__bluetooth__controller.a(ticker.c.obj)
                0x0002dfc0                ticker_job
 .text.ticker_init
                0x0002e8fc       0x64 zephyr/subsys/bluetooth/controller/libsubsys__bluetooth__controller.a(ticker.c.obj)
                0x0002e8fc                ticker_init
 .text.ticker_deinit
                0x0002e960       0x20 zephyr/subsys/bluetooth/controller/libsubsys__bluetooth__controller.a(ticker.c.obj)
                0x0002e960                ticker_deinit
 .text.ticker_trigger
                0x0002e980       0x24 zephyr/subsys/bluetooth/controller/libsubsys__bluetooth__controller.a(ticker.c.obj)
                0x0002e980                ticker_trigger
 .text.ticker_start
                0x0002e9a4       0x38 zephyr/subsys/bluetooth/controller/libsubsys__bluetooth__controller.a(ticker.c.obj)
                0x0002e9a4                ticker_start
 .text.ticker_start_ext
                0x0002e9dc       0x10 zephyr/subsys/bluetooth/controller/libsubsys__bluetooth__controller.a(ticker.c.obj)
                0x0002e9dc                ticker_start_ext
 .text.ticker_update_ext
                0x0002e9ec       0x9c zephyr/subsys/bluetooth/controller/libsubsys__bluetooth__controller.a(ticker.c.obj)
                0x0002e9ec                ticker_update_ext
 .text.ticker_update
                0x0002ea88       0x30 zephyr/subsys/bluetooth/controller/libsubsys__bluetooth__controller.a(ticker.c.obj)
                0x0002ea88                ticker_update
 .text.ticker_stop
                0x0002eab8       0x6c zephyr/subsys/bluetooth/controller/libsubsys__bluetooth__controller.a(ticker.c.obj)
                0x0002eab8                ticker_stop
 .text.ticker_stop_abs
                0x0002eb24       0x70 zephyr/subsys/bluetooth/controller/libsubsys__bluetooth__controller.a(ticker.c.obj)
                0x0002eb24                ticker_stop_abs
 .text.ticker_ticks_now_get
                0x0002eb94        0x4 zephyr/subsys/bluetooth/controller/libsubsys__bluetooth__controller.a(ticker.c.obj)
                0x0002eb94                ticker_ticks_now_get
 .text.ticker_ticks_diff_get
                0x0002eb98        0x8 zephyr/subsys/bluetooth/controller/libsubsys__bluetooth__controller.a(ticker.c.obj)
                0x0002eb98                ticker_ticks_diff_get
 .text.ll_feat_get
                0x0002eba0        0xc zephyr/subsys/bluetooth/controller/libsubsys__bluetooth__controller.a(ll_feat.c.obj)
                0x0002eba0                ll_feat_get
 .text.ll_tx_pwr_lvl_get
                0x0002ebac       0x20 zephyr/subsys/bluetooth/controller/libsubsys__bluetooth__controller.a(ll_tx_pwr.c.obj)
                0x0002ebac                ll_tx_pwr_lvl_get
 .text.ll_tx_pwr_get
                0x0002ebcc        0x8 zephyr/subsys/bluetooth/controller/libsubsys__bluetooth__controller.a(ll_tx_pwr.c.obj)
                0x0002ebcc                ll_tx_pwr_get
 .text.ll_addr_set
                0x0002ebd4       0x38 zephyr/subsys/bluetooth/controller/libsubsys__bluetooth__controller.a(ll_addr.c.obj)
                0x0002ebd4                ll_addr_set
 .text.ll_addr_get
                0x0002ec0c       0x1c zephyr/subsys/bluetooth/controller/libsubsys__bluetooth__controller.a(ll_addr.c.obj)
                0x0002ec0c                ll_addr_get
 .text.ll_addr_read
                0x0002ec28       0x28 zephyr/subsys/bluetooth/controller/libsubsys__bluetooth__controller.a(ll_addr.c.obj)
                0x0002ec28                ll_addr_read
 .text.perform_lll_reset
                0x0002ec50       0x40 zephyr/subsys/bluetooth/controller/libsubsys__bluetooth__controller.a(ull.c.obj)
 .text.ull_ticker_status_give
                0x0002ec90        0xc zephyr/subsys/bluetooth/controller/libsubsys__bluetooth__controller.a(ull.c.obj)
                0x0002ec90                ull_ticker_status_give
 .text.disabled_cb
                0x0002ec9c        0x4 zephyr/subsys/bluetooth/controller/libsubsys__bluetooth__controller.a(ull.c.obj)
 .text.tx_cmplt_get
                0x0002eca0       0xc0 zephyr/subsys/bluetooth/controller/libsubsys__bluetooth__controller.a(ull.c.obj)
 .text.rx_replenish
                0x0002ed60       0xe4 zephyr/subsys/bluetooth/controller/libsubsys__bluetooth__controller.a(ull.c.obj)
 .text.init_reset.isra.0
                0x0002ee44       0xe4 zephyr/subsys/bluetooth/controller/libsubsys__bluetooth__controller.a(ull.c.obj)
 .text.rx_demux
                0x0002ef28      0x208 zephyr/subsys/bluetooth/controller/libsubsys__bluetooth__controller.a(ull.c.obj)
 .text.ll_init  0x0002f130       0xb8 zephyr/subsys/bluetooth/controller/libsubsys__bluetooth__controller.a(ull.c.obj)
                0x0002f130                ll_init
 .text.ll_reset
                0x0002f1e8       0x94 zephyr/subsys/bluetooth/controller/libsubsys__bluetooth__controller.a(ull.c.obj)
                0x0002f1e8                ll_reset
 .text.ll_deinit
                0x0002f27c       0x18 zephyr/subsys/bluetooth/controller/libsubsys__bluetooth__controller.a(ull.c.obj)
                0x0002f27c                ll_deinit
 .text.ll_rx_get
                0x0002f294       0xc8 zephyr/subsys/bluetooth/controller/libsubsys__bluetooth__controller.a(ull.c.obj)
                0x0002f294                ll_rx_get
 .text.ll_rx_dequeue
                0x0002f35c       0xd8 zephyr/subsys/bluetooth/controller/libsubsys__bluetooth__controller.a(ull.c.obj)
                0x0002f35c                ll_rx_dequeue
 .text.ll_rx_mem_release
                0x0002f434       0xd8 zephyr/subsys/bluetooth/controller/libsubsys__bluetooth__controller.a(ull.c.obj)
                0x0002f434                ll_rx_mem_release
 .text.ll_rx_link_alloc
                0x0002f50c        0xc zephyr/subsys/bluetooth/controller/libsubsys__bluetooth__controller.a(ull.c.obj)
                0x0002f50c                ll_rx_link_alloc
 .text.ll_rx_link_release
                0x0002f518        0xc zephyr/subsys/bluetooth/controller/libsubsys__bluetooth__controller.a(ull.c.obj)
                0x0002f518                ll_rx_link_release
 .text.ll_rx_alloc
                0x0002f524        0xc zephyr/subsys/bluetooth/controller/libsubsys__bluetooth__controller.a(ull.c.obj)
                0x0002f524                ll_rx_alloc
 .text.ll_rx_release
                0x0002f530        0xc zephyr/subsys/bluetooth/controller/libsubsys__bluetooth__controller.a(ull.c.obj)
                0x0002f530                ll_rx_release
 .text.ll_rx_put
                0x0002f53c       0x18 zephyr/subsys/bluetooth/controller/libsubsys__bluetooth__controller.a(ull.c.obj)
                0x0002f53c                ll_rx_put
 .text.ll_rx_put_sched
                0x0002f554       0x28 zephyr/subsys/bluetooth/controller/libsubsys__bluetooth__controller.a(ull.c.obj)
                0x0002f554                ll_rx_put_sched
 .text.ll_pdu_rx_alloc_peek
                0x0002f57c       0x34 zephyr/subsys/bluetooth/controller/libsubsys__bluetooth__controller.a(ull.c.obj)
                0x0002f57c                ll_pdu_rx_alloc_peek
 .text.ll_pdu_rx_alloc
                0x0002f5b0       0x24 zephyr/subsys/bluetooth/controller/libsubsys__bluetooth__controller.a(ull.c.obj)
                0x0002f5b0                ll_pdu_rx_alloc
 .text.ll_tx_ack_put
                0x0002f5d4       0x3c zephyr/subsys/bluetooth/controller/libsubsys__bluetooth__controller.a(ull.c.obj)
                0x0002f5d4                ll_tx_ack_put
 .text.ull_ticker_status_take
                0x0002f610       0x24 zephyr/subsys/bluetooth/controller/libsubsys__bluetooth__controller.a(ull.c.obj)
                0x0002f610                ull_ticker_status_take
 .text.ull_disable_mark
                0x0002f634       0x18 zephyr/subsys/bluetooth/controller/libsubsys__bluetooth__controller.a(ull.c.obj)
                0x0002f634                ull_disable_mark
 .text.ull_disable_unmark
                0x0002f64c       0x18 zephyr/subsys/bluetooth/controller/libsubsys__bluetooth__controller.a(ull.c.obj)
                0x0002f64c                ull_disable_unmark
 .text.ull_disable_mark_get
                0x0002f664        0xc zephyr/subsys/bluetooth/controller/libsubsys__bluetooth__controller.a(ull.c.obj)
                0x0002f664                ull_disable_mark_get
 .text.ull_update_mark
                0x0002f670       0x18 zephyr/subsys/bluetooth/controller/libsubsys__bluetooth__controller.a(ull.c.obj)
                0x0002f670                ull_update_mark
 .text.ull_update_unmark
                0x0002f688       0x18 zephyr/subsys/bluetooth/controller/libsubsys__bluetooth__controller.a(ull.c.obj)
                0x0002f688                ull_update_unmark
 .text.ull_update_mark_get
                0x0002f6a0        0xc zephyr/subsys/bluetooth/controller/libsubsys__bluetooth__controller.a(ull.c.obj)
                0x0002f6a0                ull_update_mark_get
 .text.ull_disable
                0x0002f6ac       0x54 zephyr/subsys/bluetooth/controller/libsubsys__bluetooth__controller.a(ull.c.obj)
                0x0002f6ac                ull_disable
 .text.ull_ticker_stop_with_mark
                0x0002f700       0xa0 zephyr/subsys/bluetooth/controller/libsubsys__bluetooth__controller.a(ull.c.obj)
                0x0002f700                ull_ticker_stop_with_mark
 .text.ull_pdu_rx_alloc_peek
                0x0002f7a0       0x34 zephyr/subsys/bluetooth/controller/libsubsys__bluetooth__controller.a(ull.c.obj)
                0x0002f7a0                ull_pdu_rx_alloc_peek
 .text.ull_pdu_rx_alloc
                0x0002f7d4       0x24 zephyr/subsys/bluetooth/controller/libsubsys__bluetooth__controller.a(ull.c.obj)
                0x0002f7d4                ull_pdu_rx_alloc
 .text.ull_rx_put
                0x0002f7f8       0x20 zephyr/subsys/bluetooth/controller/libsubsys__bluetooth__controller.a(ull.c.obj)
                0x0002f7f8                ull_rx_put
 .text.ull_rx_sched
                0x0002f818       0x10 zephyr/subsys/bluetooth/controller/libsubsys__bluetooth__controller.a(ull.c.obj)
                0x0002f818                ull_rx_sched
 .text.ull_rx_put_sched
                0x0002f828       0x30 zephyr/subsys/bluetooth/controller/libsubsys__bluetooth__controller.a(ull.c.obj)
                0x0002f828                ull_rx_put_sched
 .text.ull_prepare_enqueue
                0x0002f858       0x74 zephyr/subsys/bluetooth/controller/libsubsys__bluetooth__controller.a(ull.c.obj)
                0x0002f858                ull_prepare_enqueue
 .text.ull_prepare_dequeue_get
                0x0002f8cc       0x1c zephyr/subsys/bluetooth/controller/libsubsys__bluetooth__controller.a(ull.c.obj)
                0x0002f8cc                ull_prepare_dequeue_get
 .text.ull_prepare_dequeue_iter
                0x0002f8e8       0x34 zephyr/subsys/bluetooth/controller/libsubsys__bluetooth__controller.a(ull.c.obj)
                0x0002f8e8                ull_prepare_dequeue_iter
 .text.ull_prepare_dequeue
                0x0002f91c      0x104 zephyr/subsys/bluetooth/controller/libsubsys__bluetooth__controller.a(ull.c.obj)
                0x0002f91c                ull_prepare_dequeue
 .text.ull_event_done_extra_get
                0x0002fa20       0x1c zephyr/subsys/bluetooth/controller/libsubsys__bluetooth__controller.a(ull.c.obj)
                0x0002fa20                ull_event_done_extra_get
 .text.ull_event_done
                0x0002fa3c       0x5c zephyr/subsys/bluetooth/controller/libsubsys__bluetooth__controller.a(ull.c.obj)
                0x0002fa3c                ull_event_done
 .text.lll_prepare
                0x0002fa98       0x20 zephyr/subsys/bluetooth/controller/libsubsys__bluetooth__controller.a(lll_common.c.obj)
                0x0002fa98                lll_prepare
 .text.lll_resume
                0x0002fab8       0x28 zephyr/subsys/bluetooth/controller/libsubsys__bluetooth__controller.a(lll_common.c.obj)
                0x0002fab8                lll_resume
 .text.bt_recv_prio
                0x0002fae0       0x20 zephyr/subsys/bluetooth/controller/libsubsys__bluetooth__controller.a(hci_driver.c.obj)
 .text.hci_driver_send
                0x0002fb00       0x84 zephyr/subsys/bluetooth/controller/libsubsys__bluetooth__controller.a(hci_driver.c.obj)
 .text.hci_driver_close
                0x0002fb84       0x28 zephyr/subsys/bluetooth/controller/libsubsys__bluetooth__controller.a(hci_driver.c.obj)
 .text.recv_thread
                0x0002fbac       0xec zephyr/subsys/bluetooth/controller/libsubsys__bluetooth__controller.a(hci_driver.c.obj)
 .text.prio_recv_thread
                0x0002fc98       0xcc zephyr/subsys/bluetooth/controller/libsubsys__bluetooth__controller.a(hci_driver.c.obj)
 .text.hci_driver_open
                0x0002fd64       0xb0 zephyr/subsys/bluetooth/controller/libsubsys__bluetooth__controller.a(hci_driver.c.obj)
 .text.hci_recv_fifo_reset
                0x0002fe14       0x20 zephyr/subsys/bluetooth/controller/libsubsys__bluetooth__controller.a(hci_driver.c.obj)
                0x0002fe14                hci_recv_fifo_reset
 .text.le_remote_feat_complete
                0x0002fe34       0x78 zephyr/subsys/bluetooth/controller/libsubsys__bluetooth__controller.a(hci.c.obj)
 .text.hci_vendor_cmd_handle_common
                0x0002feac      0x194 zephyr/subsys/bluetooth/controller/libsubsys__bluetooth__controller.a(hci.c.obj)
                0x0002feac                hci_vendor_cmd_handle_common
 .text.hci_cmd_handle
                0x00030040      0x718 zephyr/subsys/bluetooth/controller/libsubsys__bluetooth__controller.a(hci.c.obj)
                0x00030040                hci_cmd_handle
 .text.hci_acl_handle
                0x00030758       0xc0 zephyr/subsys/bluetooth/controller/libsubsys__bluetooth__controller.a(hci.c.obj)
                0x00030758                hci_acl_handle
 .text.hci_disconn_complete_encode
                0x00030818       0x40 zephyr/subsys/bluetooth/controller/libsubsys__bluetooth__controller.a(hci.c.obj)
                0x00030818                hci_disconn_complete_encode
 .text.hci_disconn_complete_process
                0x00030858       0x10 zephyr/subsys/bluetooth/controller/libsubsys__bluetooth__controller.a(hci.c.obj)
                0x00030858                hci_disconn_complete_process
 .text.hci_acl_encode
                0x00030868       0x50 zephyr/subsys/bluetooth/controller/libsubsys__bluetooth__controller.a(hci.c.obj)
                0x00030868                hci_acl_encode
 .text.hci_evt_encode
                0x000308b8      0x3f4 zephyr/subsys/bluetooth/controller/libsubsys__bluetooth__controller.a(hci.c.obj)
                0x000308b8                hci_evt_encode
 .text.hci_num_cmplt_encode
                0x00030cac       0x30 zephyr/subsys/bluetooth/controller/libsubsys__bluetooth__controller.a(hci.c.obj)
                0x00030cac                hci_num_cmplt_encode
 .text.hci_get_class
                0x00030cdc       0x2c zephyr/subsys/bluetooth/controller/libsubsys__bluetooth__controller.a(hci.c.obj)
                0x00030cdc                hci_get_class
 .text.hci_init
                0x00030d08       0x40 zephyr/subsys/bluetooth/controller/libsubsys__bluetooth__controller.a(hci.c.obj)
                0x00030d08                hci_init
 .text.ticker_stop_cb
                0x00030d48       0x4c zephyr/subsys/bluetooth/controller/libsubsys__bluetooth__controller.a(ull_adv.c.obj)
 .text.disabled_cb
                0x00030d94       0x50 zephyr/subsys/bluetooth/controller/libsubsys__bluetooth__controller.a(ull_adv.c.obj)
 .text.ticker_update_op_cb
                0x00030de4       0x44 zephyr/subsys/bluetooth/controller/libsubsys__bluetooth__controller.a(ull_adv.c.obj)
 .text.ticker_stop_op_cb
                0x00030e28       0x24 zephyr/subsys/bluetooth/controller/libsubsys__bluetooth__controller.a(ull_adv.c.obj)
 .text.adv_disable
                0x00030e4c       0x40 zephyr/subsys/bluetooth/controller/libsubsys__bluetooth__controller.a(ull_adv.c.obj)
 .text.conn_release.constprop.0
                0x00030e8c       0x54 zephyr/subsys/bluetooth/controller/libsubsys__bluetooth__controller.a(ull_adv.c.obj)
 .text.disable.constprop.0
                0x00030ee0       0xcc zephyr/subsys/bluetooth/controller/libsubsys__bluetooth__controller.a(ull_adv.c.obj)
 .text.adv_time_get.constprop.0
                0x00030fac       0x78 zephyr/subsys/bluetooth/controller/libsubsys__bluetooth__controller.a(ull_adv.c.obj)
 .text.ticker_cb
                0x00031024       0xe0 zephyr/subsys/bluetooth/controller/libsubsys__bluetooth__controller.a(ull_adv.c.obj)
 .text.init_reset.isra.0
                0x00031104       0x54 zephyr/subsys/bluetooth/controller/libsubsys__bluetooth__controller.a(ull_adv.c.obj)
 .text.ll_adv_params_set
                0x00031158      0x1b4 zephyr/subsys/bluetooth/controller/libsubsys__bluetooth__controller.a(ull_adv.c.obj)
                0x00031158                ll_adv_params_set
 .text.ull_adv_init
                0x0003130c        0xc zephyr/subsys/bluetooth/controller/libsubsys__bluetooth__controller.a(ull_adv.c.obj)
                0x0003130c                ull_adv_init
 .text.ull_adv_reset
                0x00031318        0xc zephyr/subsys/bluetooth/controller/libsubsys__bluetooth__controller.a(ull_adv.c.obj)
                0x00031318                ull_adv_reset
 .text.ull_adv_reset_finalize
                0x00031324       0x20 zephyr/subsys/bluetooth/controller/libsubsys__bluetooth__controller.a(ull_adv.c.obj)
                0x00031324                ull_adv_reset_finalize
 .text.ull_adv_handle_get
                0x00031344       0x18 zephyr/subsys/bluetooth/controller/libsubsys__bluetooth__controller.a(ull_adv.c.obj)
                0x00031344                ull_adv_handle_get
 .text.ull_adv_lll_handle_get
                0x0003135c       0x1c zephyr/subsys/bluetooth/controller/libsubsys__bluetooth__controller.a(ull_adv.c.obj)
                0x0003135c                ull_adv_lll_handle_get
 .text.ull_adv_is_enabled
                0x00031378       0x18 zephyr/subsys/bluetooth/controller/libsubsys__bluetooth__controller.a(ull_adv.c.obj)
                0x00031378                ull_adv_is_enabled
 .text.ull_adv_data_set
                0x00031390       0xc8 zephyr/subsys/bluetooth/controller/libsubsys__bluetooth__controller.a(ull_adv.c.obj)
                0x00031390                ull_adv_data_set
 .text.ll_adv_data_set
                0x00031458       0x10 zephyr/subsys/bluetooth/controller/libsubsys__bluetooth__controller.a(ull_adv.c.obj)
                0x00031458                ll_adv_data_set
 .text.ull_scan_rsp_set
                0x00031468       0xcc zephyr/subsys/bluetooth/controller/libsubsys__bluetooth__controller.a(ull_adv.c.obj)
                0x00031468                ull_scan_rsp_set
 .text.ll_adv_scan_rsp_set
                0x00031534       0x10 zephyr/subsys/bluetooth/controller/libsubsys__bluetooth__controller.a(ull_adv.c.obj)
                0x00031534                ll_adv_scan_rsp_set
 .text.disabled_cb
                0x00031544       0x1c zephyr/subsys/bluetooth/controller/libsubsys__bluetooth__controller.a(ull_conn.c.obj)
 .text.conn_setup_adv_scan_disabled_cb
                0x00031560       0x18 zephyr/subsys/bluetooth/controller/libsubsys__bluetooth__controller.a(ull_conn.c.obj)
 .text.tx_lll_flush
                0x00031578       0xa0 zephyr/subsys/bluetooth/controller/libsubsys__bluetooth__controller.a(ull_conn.c.obj)
 .text.ticker_start_conn_op_cb
                0x00031618       0x18 zephyr/subsys/bluetooth/controller/libsubsys__bluetooth__controller.a(ull_conn.c.obj)
 .text.ticker_stop_conn_op_cb
                0x00031630       0x18 zephyr/subsys/bluetooth/controller/libsubsys__bluetooth__controller.a(ull_conn.c.obj)
 .text.ticker_stop_op_cb
                0x00031648       0x28 zephyr/subsys/bluetooth/controller/libsubsys__bluetooth__controller.a(ull_conn.c.obj)
 .text.ticker_update_conn_op_cb
                0x00031670       0x28 zephyr/subsys/bluetooth/controller/libsubsys__bluetooth__controller.a(ull_conn.c.obj)
 .text.init_reset.isra.0
                0x00031698       0x6c zephyr/subsys/bluetooth/controller/libsubsys__bluetooth__controller.a(ull_conn.c.obj)
 .text.conn_disable
                0x00031704       0x54 zephyr/subsys/bluetooth/controller/libsubsys__bluetooth__controller.a(ull_conn.c.obj)
 .text.ll_conn_acquire
                0x00031758        0xc zephyr/subsys/bluetooth/controller/libsubsys__bluetooth__controller.a(ull_conn.c.obj)
                0x00031758                ll_conn_acquire
 .text.ll_conn_release
                0x00031764        0xc zephyr/subsys/bluetooth/controller/libsubsys__bluetooth__controller.a(ull_conn.c.obj)
                0x00031764                ll_conn_release
 .text.ll_conn_handle_get
                0x00031770       0x10 zephyr/subsys/bluetooth/controller/libsubsys__bluetooth__controller.a(ull_conn.c.obj)
                0x00031770                ll_conn_handle_get
 .text.ll_conn_get
                0x00031780       0x18 zephyr/subsys/bluetooth/controller/libsubsys__bluetooth__controller.a(ull_conn.c.obj)
                0x00031780                ll_conn_get
 .text.ll_connected_get
                0x00031798       0x24 zephyr/subsys/bluetooth/controller/libsubsys__bluetooth__controller.a(ull_conn.c.obj)
                0x00031798                ll_connected_get
 .text.ll_tx_mem_acquire
                0x000317bc        0xc zephyr/subsys/bluetooth/controller/libsubsys__bluetooth__controller.a(ull_conn.c.obj)
                0x000317bc                ll_tx_mem_acquire
 .text.ll_tx_mem_release
                0x000317c8        0xc zephyr/subsys/bluetooth/controller/libsubsys__bluetooth__controller.a(ull_conn.c.obj)
                0x000317c8                ll_tx_mem_release
 .text.ll_tx_mem_enqueue
                0x000317d4       0x94 zephyr/subsys/bluetooth/controller/libsubsys__bluetooth__controller.a(ull_conn.c.obj)
                0x000317d4                ll_tx_mem_enqueue
 .text.ll_conn_update
                0x00031868       0x88 zephyr/subsys/bluetooth/controller/libsubsys__bluetooth__controller.a(ull_conn.c.obj)
                0x00031868                ll_conn_update
 .text.ll_chm_get
                0x000318f0       0x48 zephyr/subsys/bluetooth/controller/libsubsys__bluetooth__controller.a(ull_conn.c.obj)
                0x000318f0                ll_chm_get
 .text.ll_terminate_ind_send
                0x00031938       0x6c zephyr/subsys/bluetooth/controller/libsubsys__bluetooth__controller.a(ull_conn.c.obj)
                0x00031938                ll_terminate_ind_send
 .text.ll_feature_req_send
                0x000319a4       0x44 zephyr/subsys/bluetooth/controller/libsubsys__bluetooth__controller.a(ull_conn.c.obj)
                0x000319a4                ll_feature_req_send
 .text.ll_version_ind_send
                0x000319e8       0x44 zephyr/subsys/bluetooth/controller/libsubsys__bluetooth__controller.a(ull_conn.c.obj)
                0x000319e8                ll_version_ind_send
 .text.ll_phy_get
                0x00031a2c       0x40 zephyr/subsys/bluetooth/controller/libsubsys__bluetooth__controller.a(ull_conn.c.obj)
                0x00031a2c                ll_phy_get
 .text.ll_phy_default_set
                0x00031a6c       0x14 zephyr/subsys/bluetooth/controller/libsubsys__bluetooth__controller.a(ull_conn.c.obj)
                0x00031a6c                ll_phy_default_set
 .text.ll_phy_req_send
                0x00031a80       0x68 zephyr/subsys/bluetooth/controller/libsubsys__bluetooth__controller.a(ull_conn.c.obj)
                0x00031a80                ll_phy_req_send
 .text.ll_apto_get
                0x00031ae8       0x64 zephyr/subsys/bluetooth/controller/libsubsys__bluetooth__controller.a(ull_conn.c.obj)
                0x00031ae8                ll_apto_get
 .text.ll_apto_set
                0x00031b4c       0x60 zephyr/subsys/bluetooth/controller/libsubsys__bluetooth__controller.a(ull_conn.c.obj)
                0x00031b4c                ll_apto_set
 .text.ull_conn_init
                0x00031bac        0xc zephyr/subsys/bluetooth/controller/libsubsys__bluetooth__controller.a(ull_conn.c.obj)
                0x00031bac                ull_conn_init
 .text.ull_conn_reset
                0x00031bb8       0x88 zephyr/subsys/bluetooth/controller/libsubsys__bluetooth__controller.a(ull_conn.c.obj)
                0x00031bb8                ull_conn_reset
 .text.ull_conn_default_phy_tx_get
                0x00031c40        0xc zephyr/subsys/bluetooth/controller/libsubsys__bluetooth__controller.a(ull_conn.c.obj)
                0x00031c40                ull_conn_default_phy_tx_get
 .text.ull_conn_default_phy_rx_get
                0x00031c4c        0xc zephyr/subsys/bluetooth/controller/libsubsys__bluetooth__controller.a(ull_conn.c.obj)
                0x00031c4c                ull_conn_default_phy_rx_get
 .text.ull_conn_setup
                0x00031c58       0x38 zephyr/subsys/bluetooth/controller/libsubsys__bluetooth__controller.a(ull_conn.c.obj)
                0x00031c58                ull_conn_setup
 .text.ull_conn_rx
                0x00031c90       0x78 zephyr/subsys/bluetooth/controller/libsubsys__bluetooth__controller.a(ull_conn.c.obj)
                0x00031c90                ull_conn_rx
 .text.ull_conn_llcp
                0x00031d08       0x3c zephyr/subsys/bluetooth/controller/libsubsys__bluetooth__controller.a(ull_conn.c.obj)
                0x00031d08                ull_conn_llcp
 .text.ull_conn_tx_demux
                0x00031d44       0x7c zephyr/subsys/bluetooth/controller/libsubsys__bluetooth__controller.a(ull_conn.c.obj)
                0x00031d44                ull_conn_tx_demux
 .text.conn_cleanup
                0x00031dc0       0xd4 zephyr/subsys/bluetooth/controller/libsubsys__bluetooth__controller.a(ull_conn.c.obj)
 .text.tx_demux
                0x00031e94       0x48 zephyr/subsys/bluetooth/controller/libsubsys__bluetooth__controller.a(ull_conn.c.obj)
 .text.ull_conn_tx_lll_enqueue
                0x00031edc       0x54 zephyr/subsys/bluetooth/controller/libsubsys__bluetooth__controller.a(ull_conn.c.obj)
                0x00031edc                ull_conn_tx_lll_enqueue
 .text.ull_conn_link_tx_release
                0x00031f30        0xc zephyr/subsys/bluetooth/controller/libsubsys__bluetooth__controller.a(ull_conn.c.obj)
                0x00031f30                ull_conn_link_tx_release
 .text.ull_conn_ack_last_idx_get
                0x00031f3c        0xc zephyr/subsys/bluetooth/controller/libsubsys__bluetooth__controller.a(ull_conn.c.obj)
                0x00031f3c                ull_conn_ack_last_idx_get
 .text.ull_conn_ack_peek
                0x00031f48       0x30 zephyr/subsys/bluetooth/controller/libsubsys__bluetooth__controller.a(ull_conn.c.obj)
                0x00031f48                ull_conn_ack_peek
 .text.ull_conn_ack_by_last_peek
                0x00031f78       0x24 zephyr/subsys/bluetooth/controller/libsubsys__bluetooth__controller.a(ull_conn.c.obj)
                0x00031f78                ull_conn_ack_by_last_peek
 .text.ull_conn_ack_dequeue
                0x00031f9c       0x2c zephyr/subsys/bluetooth/controller/libsubsys__bluetooth__controller.a(ull_conn.c.obj)
                0x00031f9c                ull_conn_ack_dequeue
 .text.ull_conn_lll_ack_enqueue
                0x00031fc8       0x3c zephyr/subsys/bluetooth/controller/libsubsys__bluetooth__controller.a(ull_conn.c.obj)
                0x00031fc8                ull_conn_lll_ack_enqueue
 .text.ull_conn_tx_ack
                0x00032004       0x9c zephyr/subsys/bluetooth/controller/libsubsys__bluetooth__controller.a(ull_conn.c.obj)
                0x00032004                ull_conn_tx_ack
 .text.ull_conn_lll_max_tx_octets_get
                0x000320a0        0x4 zephyr/subsys/bluetooth/controller/libsubsys__bluetooth__controller.a(ull_conn.c.obj)
                0x000320a0                ull_conn_lll_max_tx_octets_get
 .text.ull_pdu_data_init
                0x000320a4        0x4 zephyr/subsys/bluetooth/controller/libsubsys__bluetooth__controller.a(ull_conn.c.obj)
                0x000320a4                ull_pdu_data_init
 .text.ull_conn_pause_rx_data
                0x000320a8       0x10 zephyr/subsys/bluetooth/controller/libsubsys__bluetooth__controller.a(ull_conn.c.obj)
                0x000320a8                ull_conn_pause_rx_data
 .text.ull_conn_resume_rx_data
                0x000320b8       0x10 zephyr/subsys/bluetooth/controller/libsubsys__bluetooth__controller.a(ull_conn.c.obj)
                0x000320b8                ull_conn_resume_rx_data
 .text.ull_conn_event_counter_at_prepare
                0x000320c8       0x10 zephyr/subsys/bluetooth/controller/libsubsys__bluetooth__controller.a(ull_conn.c.obj)
                0x000320c8                ull_conn_event_counter_at_prepare
 .text.ull_conn_event_counter
                0x000320d8       0x1c zephyr/subsys/bluetooth/controller/libsubsys__bluetooth__controller.a(ull_conn.c.obj)
                0x000320d8                ull_conn_event_counter
 .text.ull_conn_chan_map_set
                0x000320f4       0x24 zephyr/subsys/bluetooth/controller/libsubsys__bluetooth__controller.a(ull_conn.c.obj)
                0x000320f4                ull_conn_chan_map_set
 .text.ull_conn_lll_tx_queue_is_empty
                0x00032118       0x14 zephyr/subsys/bluetooth/controller/libsubsys__bluetooth__controller.a(ull_conn.c.obj)
                0x00032118                ull_conn_lll_tx_queue_is_empty
 .text.rp_enc_send_enc_rsp.part.0
                0x0003212c       0x78 zephyr/subsys/bluetooth/controller/libsubsys__bluetooth__controller.a(ull_llcp_enc.c.obj)
 .text.rp_enc_send_start_enc_req.constprop.0
                0x000321a4       0xd0 zephyr/subsys/bluetooth/controller/libsubsys__bluetooth__controller.a(ull_llcp_enc.c.obj)
 .text.rp_enc_execute_fsm
                0x00032274      0x2b8 zephyr/subsys/bluetooth/controller/libsubsys__bluetooth__controller.a(ull_llcp_enc.c.obj)
 .text.llcp_rp_enc_rx
                0x0003252c       0x40 zephyr/subsys/bluetooth/controller/libsubsys__bluetooth__controller.a(ull_llcp_enc.c.obj)
                0x0003252c                llcp_rp_enc_rx
 .text.llcp_rp_enc_ltk_req_reply
                0x0003256c       0x1c zephyr/subsys/bluetooth/controller/libsubsys__bluetooth__controller.a(ull_llcp_enc.c.obj)
                0x0003256c                llcp_rp_enc_ltk_req_reply
 .text.llcp_rp_enc_ltk_req_neg_reply
                0x00032588       0x28 zephyr/subsys/bluetooth/controller/libsubsys__bluetooth__controller.a(ull_llcp_enc.c.obj)
                0x00032588                llcp_rp_enc_ltk_req_neg_reply
 .text.llcp_rp_enc_ltk_req_reply_allowed
                0x000325b0       0x10 zephyr/subsys/bluetooth/controller/libsubsys__bluetooth__controller.a(ull_llcp_enc.c.obj)
                0x000325b0                llcp_rp_enc_ltk_req_reply_allowed
 .text.llcp_rp_enc_run
                0x000325c0        0x8 zephyr/subsys/bluetooth/controller/libsubsys__bluetooth__controller.a(ull_llcp_enc.c.obj)
                0x000325c0                llcp_rp_enc_run
 .text.pu_check_update_ind
                0x000325c8       0x58 zephyr/subsys/bluetooth/controller/libsubsys__bluetooth__controller.a(ull_llcp_phy.c.obj)
 .text.pu_ntf   0x00032620       0x60 zephyr/subsys/bluetooth/controller/libsubsys__bluetooth__controller.a(ull_llcp_phy.c.obj)
 .text.lp_pu_send_phy_req.constprop.0.isra.0
                0x00032680       0xc8 zephyr/subsys/bluetooth/controller/libsubsys__bluetooth__controller.a(ull_llcp_phy.c.obj)
 .text.rp_pu_send_phy_rsp.isra.0
                0x00032748       0x78 zephyr/subsys/bluetooth/controller/libsubsys__bluetooth__controller.a(ull_llcp_phy.c.obj)
 .text.rp_pu_execute_fsm
                0x000327c0      0x208 zephyr/subsys/bluetooth/controller/libsubsys__bluetooth__controller.a(ull_llcp_phy.c.obj)
 .text.llcp_lp_pu_rx
                0x000329c8      0x13c zephyr/subsys/bluetooth/controller/libsubsys__bluetooth__controller.a(ull_llcp_phy.c.obj)
                0x000329c8                llcp_lp_pu_rx
 .text.llcp_lp_pu_run
                0x00032b04       0xd4 zephyr/subsys/bluetooth/controller/libsubsys__bluetooth__controller.a(ull_llcp_phy.c.obj)
                0x00032b04                llcp_lp_pu_run
 .text.llcp_lp_pu_tx_ack
                0x00032bd8       0x68 zephyr/subsys/bluetooth/controller/libsubsys__bluetooth__controller.a(ull_llcp_phy.c.obj)
                0x00032bd8                llcp_lp_pu_tx_ack
 .text.llcp_lp_pu_tx_ntf
                0x00032c40       0x38 zephyr/subsys/bluetooth/controller/libsubsys__bluetooth__controller.a(ull_llcp_phy.c.obj)
                0x00032c40                llcp_lp_pu_tx_ntf
 .text.llcp_rp_pu_rx
                0x00032c78       0x3c zephyr/subsys/bluetooth/controller/libsubsys__bluetooth__controller.a(ull_llcp_phy.c.obj)
                0x00032c78                llcp_rp_pu_rx
 .text.llcp_rp_pu_run
                0x00032cb4        0x8 zephyr/subsys/bluetooth/controller/libsubsys__bluetooth__controller.a(ull_llcp_phy.c.obj)
                0x00032cb4                llcp_rp_pu_run
 .text.llcp_rp_pu_tx_ack
                0x00032cbc        0x8 zephyr/subsys/bluetooth/controller/libsubsys__bluetooth__controller.a(ull_llcp_phy.c.obj)
                0x00032cbc                llcp_rp_pu_tx_ack
 .text.llcp_rp_pu_tx_ntf
                0x00032cc4        0x8 zephyr/subsys/bluetooth/controller/libsubsys__bluetooth__controller.a(ull_llcp_phy.c.obj)
                0x00032cc4                llcp_rp_pu_tx_ntf
 .text.ull_tx_q_init
                0x00032ccc       0x10 zephyr/subsys/bluetooth/controller/libsubsys__bluetooth__controller.a(ull_tx_queue.c.obj)
                0x00032ccc                ull_tx_q_init
 .text.ull_tx_q_pause_data
                0x00032cdc        0x8 zephyr/subsys/bluetooth/controller/libsubsys__bluetooth__controller.a(ull_tx_queue.c.obj)
                0x00032cdc                ull_tx_q_pause_data
 .text.ull_tx_q_resume_data
                0x00032ce4       0x30 zephyr/subsys/bluetooth/controller/libsubsys__bluetooth__controller.a(ull_tx_queue.c.obj)
                0x00032ce4                ull_tx_q_resume_data
 .text.ull_tx_q_enqueue_data
                0x00032d14       0x28 zephyr/subsys/bluetooth/controller/libsubsys__bluetooth__controller.a(ull_tx_queue.c.obj)
                0x00032d14                ull_tx_q_enqueue_data
 .text.ull_tx_q_enqueue_ctrl
                0x00032d3c       0x14 zephyr/subsys/bluetooth/controller/libsubsys__bluetooth__controller.a(ull_tx_queue.c.obj)
                0x00032d3c                ull_tx_q_enqueue_ctrl
 .text.ull_tx_q_peek
                0x00032d50        0x4 zephyr/subsys/bluetooth/controller/libsubsys__bluetooth__controller.a(ull_tx_queue.c.obj)
                0x00032d50                ull_tx_q_peek
 .text.ull_tx_q_dequeue
                0x00032d54       0x14 zephyr/subsys/bluetooth/controller/libsubsys__bluetooth__controller.a(ull_tx_queue.c.obj)
                0x00032d54                ull_tx_q_dequeue
 .text.pdu_validate_conn_update_ind
                0x00032d68       0x10 zephyr/subsys/bluetooth/controller/libsubsys__bluetooth__controller.a(ull_llcp.c.obj)
 .text.pdu_validate_chan_map_ind
                0x00032d78       0x10 zephyr/subsys/bluetooth/controller/libsubsys__bluetooth__controller.a(ull_llcp.c.obj)
 .text.pdu_validate_terminate_ind
                0x00032d88       0x10 zephyr/subsys/bluetooth/controller/libsubsys__bluetooth__controller.a(ull_llcp.c.obj)
 .text.pdu_validate_enc_req
                0x00032d98       0x10 zephyr/subsys/bluetooth/controller/libsubsys__bluetooth__controller.a(ull_llcp.c.obj)
 .text.pdu_validate_start_enc_rsp
                0x00032da8       0x10 zephyr/subsys/bluetooth/controller/libsubsys__bluetooth__controller.a(ull_llcp.c.obj)
 .text.pdu_validate_feature_req
                0x00032db8       0x10 zephyr/subsys/bluetooth/controller/libsubsys__bluetooth__controller.a(ull_llcp.c.obj)
 .text.pdu_validate_version_ind
                0x00032dc8       0x10 zephyr/subsys/bluetooth/controller/libsubsys__bluetooth__controller.a(ull_llcp.c.obj)
 .text.pdu_validate_conn_param_req
                0x00032dd8       0x10 zephyr/subsys/bluetooth/controller/libsubsys__bluetooth__controller.a(ull_llcp.c.obj)
 .text.pdu_validate_reject_ext_ind
                0x00032de8       0x10 zephyr/subsys/bluetooth/controller/libsubsys__bluetooth__controller.a(ull_llcp.c.obj)
 .text.pdu_validate_phy_upd_ind
                0x00032df8       0x10 zephyr/subsys/bluetooth/controller/libsubsys__bluetooth__controller.a(ull_llcp.c.obj)
 .text.create_procedure
                0x00032e08       0x38 zephyr/subsys/bluetooth/controller/libsubsys__bluetooth__controller.a(ull_llcp.c.obj)
 .text.pdu_validate_unknown_rsp
                0x00032e40       0x10 zephyr/subsys/bluetooth/controller/libsubsys__bluetooth__controller.a(ull_llcp.c.obj)
 .text.pdu_validate_reject_ind
                0x00032e50       0x10 zephyr/subsys/bluetooth/controller/libsubsys__bluetooth__controller.a(ull_llcp.c.obj)
 .text.pdu_validate_clock_accuracy_rsp
                0x00032e60       0x10 zephyr/subsys/bluetooth/controller/libsubsys__bluetooth__controller.a(ull_llcp.c.obj)
 .text.pdu_validate_pause_enc_req
                0x00032e70       0x10 zephyr/subsys/bluetooth/controller/libsubsys__bluetooth__controller.a(ull_llcp.c.obj)
 .text.pdu_validate_ping_req
                0x00032e80       0x10 zephyr/subsys/bluetooth/controller/libsubsys__bluetooth__controller.a(ull_llcp.c.obj)
 .text.pdu_validate_ping_rsp
                0x00032e90       0x10 zephyr/subsys/bluetooth/controller/libsubsys__bluetooth__controller.a(ull_llcp.c.obj)
 .text.pdu_validate_length_rsp
                0x00032ea0       0x10 zephyr/subsys/bluetooth/controller/libsubsys__bluetooth__controller.a(ull_llcp.c.obj)
 .text.pdu_validate_conn_param_rsp
                0x00032eb0       0x10 zephyr/subsys/bluetooth/controller/libsubsys__bluetooth__controller.a(ull_llcp.c.obj)
 .text.pdu_validate_phy_req
                0x00032ec0       0x10 zephyr/subsys/bluetooth/controller/libsubsys__bluetooth__controller.a(ull_llcp.c.obj)
 .text.pdu_validate_phy_rsp
                0x00032ed0       0x10 zephyr/subsys/bluetooth/controller/libsubsys__bluetooth__controller.a(ull_llcp.c.obj)
 .text.llcp_proc_ctx_release
                0x00032ee0       0x10 zephyr/subsys/bluetooth/controller/libsubsys__bluetooth__controller.a(ull_llcp.c.obj)
                0x00032ee0                llcp_proc_ctx_release
 .text.llcp_tx_alloc_peek
                0x00032ef0       0x10 zephyr/subsys/bluetooth/controller/libsubsys__bluetooth__controller.a(ull_llcp.c.obj)
                0x00032ef0                llcp_tx_alloc_peek
 .text.llcp_tx_alloc
                0x00032f00       0x18 zephyr/subsys/bluetooth/controller/libsubsys__bluetooth__controller.a(ull_llcp.c.obj)
                0x00032f00                llcp_tx_alloc
 .text.llcp_ntf_alloc_is_available
                0x00032f18       0x10 zephyr/subsys/bluetooth/controller/libsubsys__bluetooth__controller.a(ull_llcp.c.obj)
                0x00032f18                llcp_ntf_alloc_is_available
 .text.llcp_ntf_alloc
                0x00032f28        0x4 zephyr/subsys/bluetooth/controller/libsubsys__bluetooth__controller.a(ull_llcp.c.obj)
                0x00032f28                llcp_ntf_alloc
 .text.llcp_tx_enqueue
                0x00032f2c        0x8 zephyr/subsys/bluetooth/controller/libsubsys__bluetooth__controller.a(ull_llcp.c.obj)
                0x00032f2c                llcp_tx_enqueue
 .text.llcp_tx_pause_data
                0x00032f34       0x28 zephyr/subsys/bluetooth/controller/libsubsys__bluetooth__controller.a(ull_llcp.c.obj)
                0x00032f34                llcp_tx_pause_data
 .text.llcp_tx_resume_data
                0x00032f5c       0x18 zephyr/subsys/bluetooth/controller/libsubsys__bluetooth__controller.a(ull_llcp.c.obj)
                0x00032f5c                llcp_tx_resume_data
 .text.llcp_rx_node_retain
                0x00032f74       0x1c zephyr/subsys/bluetooth/controller/libsubsys__bluetooth__controller.a(ull_llcp.c.obj)
                0x00032f74                llcp_rx_node_retain
 .text.llcp_rx_node_release
                0x00032f90       0x20 zephyr/subsys/bluetooth/controller/libsubsys__bluetooth__controller.a(ull_llcp.c.obj)
                0x00032f90                llcp_rx_node_release
 .text.llcp_nodes_release
                0x00032fb0       0x34 zephyr/subsys/bluetooth/controller/libsubsys__bluetooth__controller.a(ull_llcp.c.obj)
                0x00032fb0                llcp_nodes_release
 .text.llcp_create_remote_procedure
                0x00032fe4       0x3c zephyr/subsys/bluetooth/controller/libsubsys__bluetooth__controller.a(ull_llcp.c.obj)
                0x00032fe4                llcp_create_remote_procedure
 .text.ull_cp_init
                0x00033020       0x38 zephyr/subsys/bluetooth/controller/libsubsys__bluetooth__controller.a(ull_llcp.c.obj)
                0x00033020                ull_cp_init
 .text.ull_llcp_init
                0x00033058       0x6c zephyr/subsys/bluetooth/controller/libsubsys__bluetooth__controller.a(ull_llcp.c.obj)
                0x00033058                ull_llcp_init
 .text.ull_cp_release_tx
                0x000330c4        0xc zephyr/subsys/bluetooth/controller/libsubsys__bluetooth__controller.a(ull_llcp.c.obj)
                0x000330c4                ull_cp_release_tx
 .text.ull_cp_prt_elapse
                0x000330d0       0x58 zephyr/subsys/bluetooth/controller/libsubsys__bluetooth__controller.a(ull_llcp.c.obj)
                0x000330d0                ull_cp_prt_elapse
 .text.ull_cp_prt_reload_set
                0x00033128       0x14 zephyr/subsys/bluetooth/controller/libsubsys__bluetooth__controller.a(ull_llcp.c.obj)
                0x00033128                ull_cp_prt_reload_set
 .text.ull_cp_run
                0x0003313c       0x14 zephyr/subsys/bluetooth/controller/libsubsys__bluetooth__controller.a(ull_llcp.c.obj)
                0x0003313c                ull_cp_run
 .text.ull_cp_state_set
                0x00033150       0x28 zephyr/subsys/bluetooth/controller/libsubsys__bluetooth__controller.a(ull_llcp.c.obj)
                0x00033150                ull_cp_state_set
 .text.ull_cp_release_nodes
                0x00033178       0x40 zephyr/subsys/bluetooth/controller/libsubsys__bluetooth__controller.a(ull_llcp.c.obj)
                0x00033178                ull_cp_release_nodes
 .text.ull_cp_min_used_chans
                0x000331b8       0x3c zephyr/subsys/bluetooth/controller/libsubsys__bluetooth__controller.a(ull_llcp.c.obj)
                0x000331b8                ull_cp_min_used_chans
 .text.ull_cp_le_ping
                0x000331f4       0x24 zephyr/subsys/bluetooth/controller/libsubsys__bluetooth__controller.a(ull_llcp.c.obj)
                0x000331f4                ull_cp_le_ping
 .text.ull_cp_feature_exchange
                0x00033218       0x30 zephyr/subsys/bluetooth/controller/libsubsys__bluetooth__controller.a(ull_llcp.c.obj)
                0x00033218                ull_cp_feature_exchange
 .text.ull_cp_version_exchange
                0x00033248       0x24 zephyr/subsys/bluetooth/controller/libsubsys__bluetooth__controller.a(ull_llcp.c.obj)
                0x00033248                ull_cp_version_exchange
 .text.ull_cp_phy_update
                0x0003326c       0x50 zephyr/subsys/bluetooth/controller/libsubsys__bluetooth__controller.a(ull_llcp.c.obj)
                0x0003326c                ull_cp_phy_update
 .text.ull_cp_terminate
                0x000332bc       0x34 zephyr/subsys/bluetooth/controller/libsubsys__bluetooth__controller.a(ull_llcp.c.obj)
                0x000332bc                ull_cp_terminate
 .text.ull_cp_chan_map_update_pending
                0x000332f0       0x24 zephyr/subsys/bluetooth/controller/libsubsys__bluetooth__controller.a(ull_llcp.c.obj)
                0x000332f0                ull_cp_chan_map_update_pending
 .text.ull_cp_ltk_req_reply
                0x00033314       0x4c zephyr/subsys/bluetooth/controller/libsubsys__bluetooth__controller.a(ull_llcp.c.obj)
                0x00033314                ull_cp_ltk_req_reply
 .text.ull_cp_ltk_req_neq_reply
                0x00033360       0x30 zephyr/subsys/bluetooth/controller/libsubsys__bluetooth__controller.a(ull_llcp.c.obj)
                0x00033360                ull_cp_ltk_req_neq_reply
 .text.ull_cp_conn_update
                0x00033390       0xd4 zephyr/subsys/bluetooth/controller/libsubsys__bluetooth__controller.a(ull_llcp.c.obj)
                0x00033390                ull_cp_conn_update
 .text.ull_cp_conn_param_req_reply
                0x00033464       0x20 zephyr/subsys/bluetooth/controller/libsubsys__bluetooth__controller.a(ull_llcp.c.obj)
                0x00033464                ull_cp_conn_param_req_reply
 .text.ull_cp_conn_param_req_neg_reply
                0x00033484       0x24 zephyr/subsys/bluetooth/controller/libsubsys__bluetooth__controller.a(ull_llcp.c.obj)
                0x00033484                ull_cp_conn_param_req_neg_reply
 .text.ull_cp_remote_cpr_pending
                0x000334a8       0x18 zephyr/subsys/bluetooth/controller/libsubsys__bluetooth__controller.a(ull_llcp.c.obj)
                0x000334a8                ull_cp_remote_cpr_pending
 .text.ull_cp_tx_ack
                0x000334c0       0x3c zephyr/subsys/bluetooth/controller/libsubsys__bluetooth__controller.a(ull_llcp.c.obj)
                0x000334c0                ull_cp_tx_ack
 .text.ull_cp_tx_ntf
                0x000334fc       0x28 zephyr/subsys/bluetooth/controller/libsubsys__bluetooth__controller.a(ull_llcp.c.obj)
                0x000334fc                ull_cp_tx_ntf
 .text.ull_cp_rx
                0x00033524      0x184 zephyr/subsys/bluetooth/controller/libsubsys__bluetooth__controller.a(ull_llcp.c.obj)
                0x00033524                ull_cp_rx
 .text.lp_comm_ntf
                0x000336a8       0x74 zephyr/subsys/bluetooth/controller/libsubsys__bluetooth__controller.a(ull_llcp_common.c.obj)
 .text.lp_comm_tx
                0x0003371c       0xb4 zephyr/subsys/bluetooth/controller/libsubsys__bluetooth__controller.a(ull_llcp_common.c.obj)
 .text.rp_comm_tx_proxy.constprop.0
                0x000337d0       0x90 zephyr/subsys/bluetooth/controller/libsubsys__bluetooth__controller.a(ull_llcp_common.c.obj)
 .text.rp_comm_send_rsp.isra.0
                0x00033860       0x58 zephyr/subsys/bluetooth/controller/libsubsys__bluetooth__controller.a(ull_llcp_common.c.obj)
 .text.lp_comm_complete.isra.0
                0x000338b8       0x9c zephyr/subsys/bluetooth/controller/libsubsys__bluetooth__controller.a(ull_llcp_common.c.obj)
 .text.lp_comm_send_req.constprop.0.isra.0
                0x00033954      0x108 zephyr/subsys/bluetooth/controller/libsubsys__bluetooth__controller.a(ull_llcp_common.c.obj)
 .text.llcp_lp_comm_tx_ack
                0x00033a5c       0x24 zephyr/subsys/bluetooth/controller/libsubsys__bluetooth__controller.a(ull_llcp_common.c.obj)
                0x00033a5c                llcp_lp_comm_tx_ack
 .text.llcp_lp_comm_rx
                0x00033a80       0x70 zephyr/subsys/bluetooth/controller/libsubsys__bluetooth__controller.a(ull_llcp_common.c.obj)
                0x00033a80                llcp_lp_comm_rx
 .text.llcp_lp_comm_run
                0x00033af0       0x44 zephyr/subsys/bluetooth/controller/libsubsys__bluetooth__controller.a(ull_llcp_common.c.obj)
                0x00033af0                llcp_lp_comm_run
 .text.llcp_rp_comm_rx
                0x00033b34       0x6c zephyr/subsys/bluetooth/controller/libsubsys__bluetooth__controller.a(ull_llcp_common.c.obj)
                0x00033b34                llcp_rp_comm_rx
 .text.llcp_rp_comm_run
                0x00033ba0       0x50 zephyr/subsys/bluetooth/controller/libsubsys__bluetooth__controller.a(ull_llcp_common.c.obj)
                0x00033ba0                llcp_rp_comm_run
 .text.lr_dequeue
                0x00033bf0       0x6c zephyr/subsys/bluetooth/controller/libsubsys__bluetooth__controller.a(ull_llcp_local.c.obj)
 .text.llcp_lr_check_done.part.0
                0x00033c5c       0x68 zephyr/subsys/bluetooth/controller/libsubsys__bluetooth__controller.a(ull_llcp_local.c.obj)
 .text.llcp_lr_enqueue
                0x00033cc4       0x60 zephyr/subsys/bluetooth/controller/libsubsys__bluetooth__controller.a(ull_llcp_local.c.obj)
                0x00033cc4                llcp_lr_enqueue
 .text.llcp_lr_peek
                0x00033d24       0x40 zephyr/subsys/bluetooth/controller/libsubsys__bluetooth__controller.a(ull_llcp_local.c.obj)
                0x00033d24                llcp_lr_peek
 .text.lr_act_run
                0x00033d64       0x58 zephyr/subsys/bluetooth/controller/libsubsys__bluetooth__controller.a(ull_llcp_local.c.obj)
 .text.llcp_lr_ispaused
                0x00033dbc       0x10 zephyr/subsys/bluetooth/controller/libsubsys__bluetooth__controller.a(ull_llcp_local.c.obj)
                0x00033dbc                llcp_lr_ispaused
 .text.llcp_lr_pause
                0x00033dcc        0x8 zephyr/subsys/bluetooth/controller/libsubsys__bluetooth__controller.a(ull_llcp_local.c.obj)
                0x00033dcc                llcp_lr_pause
 .text.llcp_lr_resume
                0x00033dd4        0x8 zephyr/subsys/bluetooth/controller/libsubsys__bluetooth__controller.a(ull_llcp_local.c.obj)
                0x00033dd4                llcp_lr_resume
 .text.llcp_lr_prt_restart
                0x00033ddc        0xc zephyr/subsys/bluetooth/controller/libsubsys__bluetooth__controller.a(ull_llcp_local.c.obj)
                0x00033ddc                llcp_lr_prt_restart
 .text.llcp_lr_prt_restart_with_value
                0x00033de8        0x8 zephyr/subsys/bluetooth/controller/libsubsys__bluetooth__controller.a(ull_llcp_local.c.obj)
                0x00033de8                llcp_lr_prt_restart_with_value
 .text.llcp_lr_prt_stop
                0x00033df0        0x8 zephyr/subsys/bluetooth/controller/libsubsys__bluetooth__controller.a(ull_llcp_local.c.obj)
                0x00033df0                llcp_lr_prt_stop
 .text.llcp_lr_rx
                0x00033df8       0x6c zephyr/subsys/bluetooth/controller/libsubsys__bluetooth__controller.a(ull_llcp_local.c.obj)
                0x00033df8                llcp_lr_rx
 .text.llcp_lr_tx_ack
                0x00033e64       0x44 zephyr/subsys/bluetooth/controller/libsubsys__bluetooth__controller.a(ull_llcp_local.c.obj)
                0x00033e64                llcp_lr_tx_ack
 .text.llcp_lr_tx_ntf
                0x00033ea8       0x24 zephyr/subsys/bluetooth/controller/libsubsys__bluetooth__controller.a(ull_llcp_local.c.obj)
                0x00033ea8                llcp_lr_tx_ntf
 .text.llcp_lr_init
                0x00033ecc       0x10 zephyr/subsys/bluetooth/controller/libsubsys__bluetooth__controller.a(ull_llcp_local.c.obj)
                0x00033ecc                llcp_lr_init
 .text.llcp_lr_run
                0x00033edc       0x48 zephyr/subsys/bluetooth/controller/libsubsys__bluetooth__controller.a(ull_llcp_local.c.obj)
                0x00033edc                llcp_lr_run
 .text.llcp_lr_complete
                0x00033f24       0x48 zephyr/subsys/bluetooth/controller/libsubsys__bluetooth__controller.a(ull_llcp_local.c.obj)
                0x00033f24                llcp_lr_complete
 .text.llcp_lr_connect
                0x00033f6c       0x1c zephyr/subsys/bluetooth/controller/libsubsys__bluetooth__controller.a(ull_llcp_local.c.obj)
                0x00033f6c                llcp_lr_connect
 .text.llcp_lr_disconnect
                0x00033f88       0x88 zephyr/subsys/bluetooth/controller/libsubsys__bluetooth__controller.a(ull_llcp_local.c.obj)
                0x00033f88                llcp_lr_disconnect
 .text.llcp_lr_terminate
                0x00034010       0x3c zephyr/subsys/bluetooth/controller/libsubsys__bluetooth__controller.a(ull_llcp_local.c.obj)
                0x00034010                llcp_lr_terminate
 .text.llcp_pdu_encode_ping_req
                0x0003404c       0x14 zephyr/subsys/bluetooth/controller/libsubsys__bluetooth__controller.a(ull_llcp_pdu.c.obj)
                0x0003404c                llcp_pdu_encode_ping_req
 .text.llcp_pdu_encode_ping_rsp
                0x00034060       0x14 zephyr/subsys/bluetooth/controller/libsubsys__bluetooth__controller.a(ull_llcp_pdu.c.obj)
                0x00034060                llcp_pdu_encode_ping_rsp
 .text.llcp_pdu_encode_unknown_rsp
                0x00034074       0x1c zephyr/subsys/bluetooth/controller/libsubsys__bluetooth__controller.a(ull_llcp_pdu.c.obj)
                0x00034074                llcp_pdu_encode_unknown_rsp
 .text.llcp_pdu_decode_unknown_rsp
                0x00034090        0x8 zephyr/subsys/bluetooth/controller/libsubsys__bluetooth__controller.a(ull_llcp_pdu.c.obj)
                0x00034090                llcp_pdu_decode_unknown_rsp
 .text.llcp_ntf_encode_unknown_rsp
                0x00034098       0x1c zephyr/subsys/bluetooth/controller/libsubsys__bluetooth__controller.a(ull_llcp_pdu.c.obj)
                0x00034098                llcp_ntf_encode_unknown_rsp
 .text.llcp_pdu_encode_feature_req
                0x000340b4       0x48 zephyr/subsys/bluetooth/controller/libsubsys__bluetooth__controller.a(ull_llcp_pdu.c.obj)
                0x000340b4                llcp_pdu_encode_feature_req
 .text.llcp_pdu_encode_feature_rsp
                0x000340fc       0x44 zephyr/subsys/bluetooth/controller/libsubsys__bluetooth__controller.a(ull_llcp_pdu.c.obj)
                0x000340fc                llcp_pdu_encode_feature_rsp