Archive member included to satisfy reference by file (symbol)

app/libapp.a(main.c.obj)      (--whole-archive)
zephyr/libzephyr.a(validate_libc.c.obj)
                              (--whole-archive)
zephyr/libzephyr.a(heap.c.obj)
                              (--whole-archive)
zephyr/libzephyr.a(cbprintf_packaged.c.obj)
                              (--whole-archive)
zephyr/libzephyr.a(clock.c.obj)
                              (--whole-archive)
zephyr/libzephyr.a(printk.c.obj)
                              (--whole-archive)
zephyr/libzephyr.a(sem.c.obj)
                              (--whole-archive)
zephyr/libzephyr.a(thread_entry.c.obj)
                              (--whole-archive)
zephyr/libzephyr.a(cbprintf_complete.c.obj)
                              (--whole-archive)
zephyr/libzephyr.a(assert.c.obj)
                              (--whole-archive)
zephyr/libzephyr.a(dec.c.obj)
                              (--whole-archive)
zephyr/libzephyr.a(hex.c.obj)
                              (--whole-archive)
zephyr/libzephyr.a(rb.c.obj)  (--whole-archive)
zephyr/libzephyr.a(set.c.obj)
                              (--whole-archive)
zephyr/libzephyr.a(timeutil.c.obj)
                              (--whole-archive)
zephyr/libzephyr.a(bitarray.c.obj)
                              (--whole-archive)
zephyr/libzephyr.a(bitmask.c.obj)
                              (--whole-archive)
zephyr/libzephyr.a(getopt.c.obj)
                              (--whole-archive)
zephyr/libzephyr.a(getopt_common.c.obj)
                              (--whole-archive)
zephyr/libzephyr.a(onoff.c.obj)
                              (--whole-archive)
zephyr/libzephyr.a(notify.c.obj)
                              (--whole-archive)
zephyr/libzephyr.a(ring_buffer.c.obj)
                              (--whole-archive)
zephyr/libzephyr.a(last_section_id.c.obj)
                              (--whole-archive)
zephyr/libzephyr.a(uuid.c.obj)
                              (--whole-archive)
zephyr/libzephyr.a(configs.c.obj)
                              (--whole-archive)
zephyr/libzephyr.a(mem_attr.c.obj)
                              (--whole-archive)
zephyr/libzephyr.a(tracing_none.c.obj)
                              (--whole-archive)
zephyr/libzephyr.a(usb_device.c.obj)
                              (--whole-archive)
zephyr/libzephyr.a(usb_descriptor.c.obj)
                              (--whole-archive)
zephyr/libzephyr.a(usb_transfer.c.obj)
                              (--whole-archive)
zephyr/libzephyr.a(cdc_acm.c.obj)
                              (--whole-archive)
zephyr/libzephyr.a(usb_work_q.c.obj)
                              (--whole-archive)
zephyr/libzephyr.a(gap_svc.c.obj)
                              (--whole-archive)
zephyr/arch/common/libarch__common.a(sw_isr_common.c.obj)
                              (--whole-archive)
zephyr/arch/common/libarch__common.a(init.c.obj)
                              (--whole-archive)
zephyr/arch/common/libarch__common.a(xip.c.obj)
                              (--whole-archive)
zephyr/arch/arch/arm/core/libarch__arm__core.a(fatal.c.obj)
                              (--whole-archive)
zephyr/arch/arch/arm/core/libarch__arm__core.a(nmi.c.obj)
                              (--whole-archive)
zephyr/arch/arch/arm/core/libarch__arm__core.a(nmi_on_reset.S.obj)
                              (--whole-archive)
zephyr/arch/arch/arm/core/libarch__arm__core.a(tls.c.obj)
                              (--whole-archive)
zephyr/arch/arch/arm/core/cortex_m/libarch__arm__core__cortex_m.a(fault.c.obj)
                              (--whole-archive)
zephyr/arch/arch/arm/core/cortex_m/libarch__arm__core__cortex_m.a(fault_s.S.obj)
                              (--whole-archive)
zephyr/arch/arch/arm/core/cortex_m/libarch__arm__core__cortex_m.a(fpu.c.obj)
                              (--whole-archive)
zephyr/arch/arch/arm/core/cortex_m/libarch__arm__core__cortex_m.a(reset.S.obj)
                              (--whole-archive)
zephyr/arch/arch/arm/core/cortex_m/libarch__arm__core__cortex_m.a(scb.c.obj)
                              (--whole-archive)
zephyr/arch/arch/arm/core/cortex_m/libarch__arm__core__cortex_m.a(vector_table.S.obj)
                              (--whole-archive)
zephyr/arch/arch/arm/core/cortex_m/libarch__arm__core__cortex_m.a(svc.S.obj)
                              (--whole-archive)
zephyr/arch/arch/arm/core/cortex_m/libarch__arm__core__cortex_m.a(irq_manage.c.obj)
                              (--whole-archive)
zephyr/arch/arch/arm/core/cortex_m/libarch__arm__core__cortex_m.a(prep_c.c.obj)
                              (--whole-archive)
zephyr/arch/arch/arm/core/cortex_m/libarch__arm__core__cortex_m.a(thread.c.obj)
                              (--whole-archive)
zephyr/arch/arch/arm/core/cortex_m/libarch__arm__core__cortex_m.a(cpu_idle.c.obj)
                              (--whole-archive)
zephyr/arch/arch/arm/core/cortex_m/libarch__arm__core__cortex_m.a(exc_exit.c.obj)
[...]
Memory Configuration

Name             Origin             Length             Attributes
FLASH            0x00027000         0x000c5000         xr
RAM              0x20000000         0x00040000         xw
IDT_LIST         0xffff7fff         0x00008000         xw
*default*        0x00000000         0xffffffff

Linker script and memory map

                0x0003c5fc                        vfprintf = __l_vfprintf
                0x00000000                        vfscanf = __l_vfscanf
LOAD zephyr/CMakeFiles/zephyr_pre0.dir/misc/empty_file.c.obj
LOAD zephyr/CMakeFiles/offsets.dir/./arch/arm/core/offsets/offsets.c.obj
LOAD app/libapp.a
LOAD zephyr/libzephyr.a
LOAD zephyr/arch/common/libarch__common.a
LOAD zephyr/arch/arch/arm/core/libarch__arm__core.a
LOAD zephyr/arch/arch/arm/core/cortex_m/libarch__arm__core__cortex_m.a
LOAD zephyr/arch/arch/arm/core/mpu/libarch__arm__core__mpu.a
LOAD zephyr/lib/libc/picolibc/liblib__libc__picolibc.a
LOAD zephyr/lib/libc/common/liblib__libc__common.a
LOAD zephyr/lib/posix/c_lib_ext/liblib__posix__c_lib_ext.a
LOAD zephyr/lib/net_buf/liblib__net_buf.a
LOAD zephyr/soc/soc/nrf52840/libsoc__nordic.a
LOAD zephyr/subsys/random/libsubsys__random.a
LOAD zephyr/subsys/bluetooth/common/libsubsys__bluetooth__common.a
LOAD zephyr/subsys/bluetooth/host/libsubsys__bluetooth__host.a
LOAD zephyr/subsys/bluetooth/controller/libsubsys__bluetooth__controller.a
LOAD zephyr/subsys/bluetooth/controller/ll_sw/nordic/libsubsys__bluetooth__controller__ll_sw__nordic.a
LOAD zephyr/drivers/usb/device/libdrivers__usb__device.a
LOAD zephyr/drivers/usb/common/nrf_usbd_common/libdrivers__usb__common__nrf_usbd_common.a
LOAD zephyr/drivers/clock_control/libdrivers__clock_control.a
LOAD zephyr/drivers/console/libdrivers__console.a
LOAD zephyr/drivers/entropy/libdrivers__entropy.a
LOAD zephyr/drivers/gpio/libdrivers__gpio.a
LOAD zephyr/drivers/hwinfo/libdrivers__hwinfo.a
LOAD zephyr/drivers/pinctrl/libdrivers__pinctrl.a
LOAD zephyr/drivers/sensor/nordic/temp/libdrivers__sensor__nordic__temp.a
LOAD zephyr/drivers/sensor/nordic/qdec_nrfx/libdrivers__sensor__nordic__qdec_nrfx.a
LOAD zephyr/drivers/serial/libdrivers__serial.a
LOAD zephyr/drivers/timer/libdrivers__timer.a
LOAD modules/hal_nordic/nrfx/libnrfx.a
LOAD zephyr/kernel/libkernel.a
LOAD zephyr/arch/common/libisr_tables.a
LOAD D:/Users/ORESANJO/Downloads/Zephyrus/tools/zephyr-sdk/gnu/arm-zephyr-eabi/bin/../lib/gcc/arm-zephyr-eabi/14.3.0/../../../../arm-zephyr-eabi/lib/thumb/v7e-m/nofp/space\libc.a
LOAD D:/Users/ORESANJO/Downloads/Zephyrus/tools/zephyr-sdk/gnu/arm-zephyr-eabi/bin/../lib/gcc/arm-zephyr-eabi/14.3.0/thumb/v7e-m/nofp/space\libgcc.a
                0x00000020                        _region_min_align = 0x20

.rel.plt        0x00027000        0x0
 *(SORT_BY_ALIGNMENT(.rel.plt))
                [!provide]                        PROVIDE (__rel_iplt_start = .)
 *(SORT_BY_ALIGNMENT(.rel.iplt))
 .rel.iplt      0x00027000        0x0 app/libapp.a(main.c.obj)
                [!provide]                        PROVIDE (__rel_iplt_end = .)

.rela.plt       0x00000000        0x0
 *(SORT_BY_ALIGNMENT(.rela.plt))
                [!provide]                        PROVIDE (__rela_iplt_start = .)
 *(SORT_BY_ALIGNMENT(.rela.iplt))
                [!provide]                        PROVIDE (__rela_iplt_end = .)

.rel.dyn
 *(SORT_BY_ALIGNMENT(.rel.*))

.rela.dyn
 *(SORT_BY_ALIGNMENT(.rela.*))

/DISCARD/
 *(SORT_BY_ALIGNMENT(.plt))

/DISCARD/
 *(SORT_BY_ALIGNMENT(.iplt))
                0x00027000                        __rom_region_start = 0x27000

rom_start       0x00027000      0x100
                0x00027000                        __rom_start_address = .
 FILL mask 0x00
                0x00027000                        . = (. + (0x0 - (. - __rom_start_address)))
                0x00027000                        . = ALIGN (0x4)
                0x00027000                        . = ALIGN (0x80)
                0x00027000                        . = ALIGN (0x100)
                0x00027000                        _vector_start = .
 *(SORT_BY_ALIGNMENT(.exc_vector_table))
 *(SORT_BY_ALIGNMENT(.exc_vector_table.*))
 .exc_vector_table._vector_table_section
                0x00027000       0x40 zephyr/arch/arch/arm/core/cortex_m/libarch__arm__core__cortex_m.a(vector_table.S.obj)
                0x00027000                _vector_table
 *(SORT_BY_ALIGNMENT(.vectors))
                0x00027100                        _vector_end = .
                0x00027040                        . = ALIGN (0x4)
 *(SORT_BY_ALIGNMENT(.gnu.linkonce.irq_vector_table*))
 .gnu.linkonce.irq_vector_table
                0x00027040       0xc0 zephyr/arch/common/libisr_tables.a(isr_tables.c.obj)
                0x00027040                _irq_vector_table
                0x00027100                        _vector_end = .

text            0x00027100    0x19188
                0x00027100                        __text_region_start = .
 *(SORT_BY_ALIGNMENT(.text))
 .text          0x00027100       0x30 D:/Users/ORESANJO/Downloads/Zephyrus/tools/zephyr-sdk/gnu/arm-zephyr-eabi/bin/../lib/gcc/arm-zephyr-eabi/14.3.0/thumb/v7e-m/nofp/space\libgcc.a(_aeabi_uldivmod.o)
                0x00027100                __aeabi_uldivmod
 .text          0x00027130        0x4 D:/Users/ORESANJO/Downloads/Zephyrus/tools/zephyr-sdk/gnu/arm-zephyr-eabi/bin/../lib/gcc/arm-zephyr-eabi/14.3.0/thumb/v7e-m/nofp/space\libgcc.a(_dvmd_tls.o)
                0x00027130                __aeabi_idiv0
                0x00027130                __aeabi_ldiv0
 .text          0x00027134       0x10 D:/Users/ORESANJO/Downloads/Zephyrus/tools/zephyr-sdk/gnu/arm-zephyr-eabi/bin/../lib/gcc/arm-zephyr-eabi/14.3.0/../../../../arm-zephyr-eabi/lib/thumb/v7e-m/nofp/space\libc.a(strlen.S.o)
                0x00027134                strlen
 .text          0x00027144      0x2bc D:/Users/ORESANJO/Downloads/Zephyrus/tools/zephyr-sdk/gnu/arm-zephyr-eabi/bin/../lib/gcc/arm-zephyr-eabi/14.3.0/thumb/v7e-m/nofp/space\libgcc.a(_udivmoddi4.o)
                0x00027144                __udivmoddi4
 *(SORT_BY_ALIGNMENT(.text.*))
 .text.ull_drift_ticks_get
                0x00027400       0x90 zephyr/subsys/bluetooth/controller/libsubsys__bluetooth__controller.a(ull.c.obj)
                0x00027400                ull_drift_ticks_get
 .text.ll_adv_enable
                0x00027490      0x340 zephyr/subsys/bluetooth/controller/libsubsys__bluetooth__controller.a(ull_adv.c.obj)
                0x00027490                ll_adv_enable
 .text.ull_adv_time_update
                0x000277d0       0xb4 zephyr/subsys/bluetooth/controller/libsubsys__bluetooth__controller.a(ull_adv.c.obj)
                0x000277d0                ull_adv_time_update
 *fill*         0x00027884        0x4 
 .text.ull_conn_update_ticker.constprop.0
                0x00027888       0xf8 zephyr/subsys/bluetooth/controller/libsubsys__bluetooth__controller.a(ull_conn.c.obj)
 .text.ull_conn_done
                0x00027980      0x3bc zephyr/subsys/bluetooth/controller/libsubsys__bluetooth__controller.a(ull_conn.c.obj)
                0x00027980                ull_conn_done
 *fill*         0x00027d3c        0x4 
 .text.ull_conn_update_parameters
                0x00027d40      0x29c zephyr/subsys/bluetooth/controller/libsubsys__bluetooth__controller.a(ull_conn.c.obj)
                0x00027d40                ull_conn_update_parameters
 *fill*         0x00027fdc        0x4 
 .text.ull_periph_setup
                0x00027fe0      0x3f4 zephyr/subsys/bluetooth/controller/libsubsys__bluetooth__controller.a(ull_peripheral.c.obj)
                0x00027fe0                ull_periph_setup
 *fill*         0x000283d4        0x4 
 .text.prepare_cb
                0x000283d8      0x130 zephyr/subsys/bluetooth/controller/ll_sw/nordic/libsubsys__bluetooth__controller__ll_sw__nordic.a(lll_adv.c.obj)
 .text.prepare_cb
                0x00028508      0x24c zephyr/subsys/bluetooth/controller/ll_sw/nordic/libsubsys__bluetooth__controller__ll_sw__nordic.a(lll_peripheral.c.obj)
 .text.main     0x00028754       0xb4 app/libapp.a(main.c.obj)
                0x00028754                main
 .text.char_out
                0x00028808        0xc zephyr/libzephyr.a(printk.c.obj)
 .text.__printk_hook_install
                0x00028814        0xc zephyr/libzephyr.a(printk.c.obj)
                0x00028814                __printk_hook_install
 .text.vprintk  0x00028820       0x30 zephyr/libzephyr.a(printk.c.obj)
                0x00028820                vprintk
 .text.z_thread_entry
                0x00028850       0x34 zephyr/libzephyr.a(thread_entry.c.obj)
                0x00028850                z_thread_entry
 .text.process_event
                0x00028884      0x1e8 zephyr/libzephyr.a(onoff.c.obj)
 .text.mem_attr_get_regions
                0x00028a6c        0xc zephyr/libzephyr.a(mem_attr.c.obj)
                0x00028a6c                mem_attr_get_regions
 .text.class_handler
                0x00028a78       0x44 zephyr/libzephyr.a(usb_device.c.obj)
 .text.custom_handler
                0x00028abc       0x64 zephyr/libzephyr.a(usb_device.c.obj)
 .text.vendor_handler
                0x00028b20       0x3c zephyr/libzephyr.a(usb_device.c.obj)
 .text.disable_endpoint
                0x00028b5c       0x2c zephyr/libzephyr.a(usb_device.c.obj)
 .text.usb_reset_alt_setting
                0x00028b88       0x10 zephyr/libzephyr.a(usb_device.c.obj)
 .text.is_ep_valid.part.0
                0x00028b98       0x38 zephyr/libzephyr.a(usb_device.c.obj)
 .text.usb_halt_endpoint_req
                0x00028bd0       0x54 zephyr/libzephyr.a(usb_device.c.obj)
 .text.usb_handle_request.constprop.0
                0x00028c24       0x2c zephyr/libzephyr.a(usb_device.c.obj)
 .text.forward_status_cb
                0x00028c50       0xac zephyr/libzephyr.a(usb_device.c.obj)
 .text.set_endpoint
                0x00028cfc       0x84 zephyr/libzephyr.a(usb_device.c.obj)
 .text.usb_handle_standard_request
                0x00028d80      0x2f8 zephyr/libzephyr.a(usb_device.c.obj)
 .text.usb_data_to_host
                0x00029078       0x60 zephyr/libzephyr.a(usb_device.c.obj)
 .text.usb_handle_control_transfer
                0x000290d8       0xdc zephyr/libzephyr.a(usb_device.c.obj)
 .text.usb_set_config
                0x000291b4       0x2c zephyr/libzephyr.a(usb_device.c.obj)
                0x000291b4                usb_set_config
 .text.usb_enable
                0x000291e0      0x134 zephyr/libzephyr.a(usb_device.c.obj)
                0x000291e0                usb_enable
 .text.usb_update_sn_string_descriptor
                0x00029314       0x88 zephyr/libzephyr.a(usb_descriptor.c.obj)
                0x00029314                usb_update_sn_string_descriptor
 .text.usb_get_device_descriptor
                0x0002939c      0x1e4 zephyr/libzephyr.a(usb_descriptor.c.obj)
                0x0002939c                usb_get_device_descriptor
 .text.usb_ep_get_transfer
                0x00029580       0x2c zephyr/libzephyr.a(usb_transfer.c.obj)
 .text.usb_transfer_work
                0x000295ac      0x100 zephyr/libzephyr.a(usb_transfer.c.obj)
 .text.usb_transfer_ep_callback
                0x000296ac       0x5c zephyr/libzephyr.a(usb_transfer.c.obj)
                0x000296ac                usb_transfer_ep_callback
 .text.usb_transfer
                0x00029708       0xe0 zephyr/libzephyr.a(usb_transfer.c.obj)
                0x00029708                usb_transfer
 .text.usb_cancel_transfer
                0x000297e8       0x3c zephyr/libzephyr.a(usb_transfer.c.obj)
                0x000297e8                usb_cancel_transfer
 .text.usb_cancel_transfers
                0x00029824       0x44 zephyr/libzephyr.a(usb_transfer.c.obj)
                0x00029824                usb_cancel_transfers
 .text.usb_transfer_init
                0x00029868       0x30 zephyr/libzephyr.a(usb_transfer.c.obj)
                0x00029868                usb_transfer_init
 .text.cdc_acm_irq_rx_enable
                0x00029898       0x20 zephyr/libzephyr.a(cdc_acm.c.obj)
 .text.cdc_acm_irq_tx_enable
                0x000298b8       0x20 zephyr/libzephyr.a(cdc_acm.c.obj)
 .text.cdc_acm_fifo_fill
                0x000298d8       0x3c zephyr/libzephyr.a(cdc_acm.c.obj)
 .text.cdc_acm_write_cb
                0x00029914       0x54 zephyr/libzephyr.a(cdc_acm.c.obj)
 .text.cdc_acm_class_handle_req
                0x00029968       0x64 zephyr/libzephyr.a(cdc_acm.c.obj)
                0x00029968                cdc_acm_class_handle_req
 .text.cdc_acm_int_in
                0x000299cc       0x18 zephyr/libzephyr.a(cdc_acm.c.obj)
 .text.cdc_acm_reset_port
                0x000299e4       0x3c zephyr/libzephyr.a(cdc_acm.c.obj)
 .text.cdc_acm_init
                0x00029a20       0x48 zephyr/libzephyr.a(cdc_acm.c.obj)
 .text.cdc_acm_send_notification.isra.0
                0x00029a68       0x44 zephyr/libzephyr.a(cdc_acm.c.obj)
 .text.cdc_acm_poll_out
                0x00029aac       0x84 zephyr/libzephyr.a(cdc_acm.c.obj)
 .text.tx_work_handler
                0x00029b30       0x78 zephyr/libzephyr.a(cdc_acm.c.obj)
 .text.cdc_acm_read_cb
                0x00029ba8       0x74 zephyr/libzephyr.a(cdc_acm.c.obj)
 .text.cdc_acm_dev_status_cb
                0x00029c1c       0x84 zephyr/libzephyr.a(cdc_acm.c.obj)
 .text.z_usb_work_q_init
                0x00029ca0       0x30 zephyr/libzephyr.a(usb_work_q.c.obj)
 .text.read_ppcp
                0x00029cd0       0x2c zephyr/libzephyr.a(gap_svc.c.obj)
 .text.arch_bss_zero
                0x00029cfc       0x18 zephyr/arch/common/libarch__common.a(init.c.obj)
                0x00029cfc                arch_bss_zero
 .text.arch_data_copy
                0x00029d14       0x38 zephyr/arch/common/libarch__common.a(xip.c.obj)
                0x00029d14                arch_data_copy
 .text.z_arm_fatal_error
                0x00029d4c       0x60 zephyr/arch/arch/arm/core/libarch__arm__core.a(fatal.c.obj)
                0x00029d4c                z_arm_fatal_error
 .text.z_SysNmiOnReset
                0x00029dac        0x8 zephyr/arch/arch/arm/core/libarch__arm__core.a(nmi_on_reset.S.obj)
                0x00029dac                z_SysNmiOnReset
 .text.arch_tls_stack_setup
                0x00029db4       0x40 zephyr/arch/arch/arm/core/libarch__arm__core.a(tls.c.obj)
                0x00029db4                arch_tls_stack_setup
 .text.mem_manage_fault
                0x00029df4       0xf0 zephyr/arch/arch/arm/core/cortex_m/libarch__arm__core__cortex_m.a(fault.c.obj)
 .text.usage_fault.isra.0
                0x00029ee4       0x98 zephyr/arch/arch/arm/core/cortex_m/libarch__arm__core__cortex_m.a(fault.c.obj)
 .text.bus_fault.isra.0
                0x00029f7c       0xb8 zephyr/arch/arch/arm/core/cortex_m/libarch__arm__core__cortex_m.a(fault.c.obj)
 .text.z_arm_fault
                0x0002a034      0x1a8 zephyr/arch/arch/arm/core/cortex_m/libarch__arm__core__cortex_m.a(fault.c.obj)
                0x0002a034                z_arm_fault
 .text.z_arm_fault_init
                0x0002a1dc       0x18 zephyr/arch/arch/arm/core/cortex_m/libarch__arm__core__cortex_m.a(fault.c.obj)
                0x0002a1dc                z_arm_fault_init
 .text.__fault  0x0002a1f4       0x14 zephyr/arch/arch/arm/core/cortex_m/libarch__arm__core__cortex_m.a(fault_s.S.obj)
                0x0002a1f4                z_arm_usage_fault
                0x0002a1f4                z_arm_mpu_fault
                0x0002a1f4                z_arm_exc_spurious
                0x0002a1f4                z_arm_debug_monitor
                0x0002a1f4                z_arm_hard_fault
                0x0002a1f4                z_arm_bus_fault
 .text._reset_section
                0x0002a208       0x38 zephyr/arch/arch/arm/core/cortex_m/libarch__arm__core__cortex_m.a(reset.S.obj)
                0x0002a208                __start
                0x0002a208                z_arm_reset
 .text.z_arm_svc
                0x0002a240       0x24 zephyr/arch/arch/arm/core/cortex_m/libarch__arm__core__cortex_m.a(svc.S.obj)
                0x0002a240                z_arm_svc
 .text.arm_irq_enable
                0x0002a264       0x1c zephyr/arch/arch/arm/core/cortex_m/libarch__arm__core__cortex_m.a(irq_manage.c.obj)
                0x0002a264                arm_irq_enable
 .text.arm_irq_disable
                0x0002a280       0x28 zephyr/arch/arch/arm/core/cortex_m/libarch__arm__core__cortex_m.a(irq_manage.c.obj)
                0x0002a280                arm_irq_disable
 .text.arm_irq_is_enabled
                0x0002a2a8       0x1c zephyr/arch/arch/arm/core/cortex_m/libarch__arm__core__cortex_m.a(irq_manage.c.obj)
                0x0002a2a8                arm_irq_is_enabled
 .text.arm_irq_priority_set
                0x0002a2c4       0x30 zephyr/arch/arch/arm/core/cortex_m/libarch__arm__core__cortex_m.a(irq_manage.c.obj)
                0x0002a2c4                arm_irq_priority_set
 .text.relocate_vector_table
                0x0002a2f4       0x1c zephyr/arch/arch/arm/core/cortex_m/libarch__arm__core__cortex_m.a(prep_c.c.obj)
                0x0002a2f4                relocate_vector_table
 .text.z_prep_c
                0x0002a310       0x38 zephyr/arch/arch/arm/core/cortex_m/libarch__arm__core__cortex_m.a(prep_c.c.obj)
                0x0002a310                z_prep_c
 .text.arch_new_thread
                0x0002a348       0x38 zephyr/arch/arch/arm/core/cortex_m/libarch__arm__core__cortex_m.a(thread.c.obj)
                0x0002a348                arch_new_thread
 .text.z_check_thread_stack_fail
                0x0002a380       0x2c zephyr/arch/arch/arm/core/cortex_m/libarch__arm__core__cortex_m.a(thread.c.obj)
                0x0002a380                z_check_thread_stack_fail
 .text.arch_switch_to_main_thread
                0x0002a3ac       0x3c zephyr/arch/arch/arm/core/cortex_m/libarch__arm__core__cortex_m.a(thread.c.obj)
                0x0002a3ac                arch_switch_to_main_thread
 .text.z_arm_cpu_idle_init
                0x0002a3e8        0xc zephyr/arch/arch/arm/core/cortex_m/libarch__arm__core__cortex_m.a(cpu_idle.c.obj)
                0x0002a3e8                z_arm_cpu_idle_init
 .text._HandlerModeExit
                0x0002a3f4       0x20 zephyr/arch/arch/arm/core/cortex_m/libarch__arm__core__cortex_m.a(exc_exit.c.obj)
                0x0002a3f4                z_arm_int_exit
                0x0002a3f4                z_arm_exc_exit
 .text.z_impl_k_thread_abort
                0x0002a414       0x2c zephyr/arch/arch/arm/core/cortex_m/libarch__arm__core__cortex_m.a(thread_abort.c.obj)
                0x0002a414                z_impl_k_thread_abort
 .text.z_arm_pendsv
                0x0002a440       0x60 zephyr/arch/arch/arm/core/cortex_m/libarch__arm__core__cortex_m.a(swap_helper.S.obj)
                0x0002a440                z_arm_pendsv
 .text.z_arm_interrupt_init
                0x0002a4a0       0x18 zephyr/arch/arch/arm/core/cortex_m/libarch__arm__core__cortex_m.a(irq_init.c.obj)
                0x0002a4a0                z_arm_interrupt_init
 .text._isr_wrapper
                0x0002a4b8       0x24 zephyr/arch/arch/arm/core/cortex_m/libarch__arm__core__cortex_m.a(isr_wrapper.c.obj)
                0x0002a4b8                _isr_wrapper
 .text.__aeabi_read_tp
                0x0002a4dc        0xc zephyr/arch/arch/arm/core/cortex_m/libarch__arm__core__cortex_m.a(__aeabi_read_tp.S.obj)
                0x0002a4dc                __aeabi_read_tp
 .text.z_arm_configure_static_mpu_regions
                0x0002a4e8       0x18 zephyr/arch/arch/arm/core/mpu/libarch__arm__core__mpu.a(arm_core_mpu.c.obj)
                0x0002a4e8                z_arm_configure_static_mpu_regions
 .text.z_arm_configure_dynamic_mpu_regions
                0x0002a500       0x20 zephyr/arch/arch/arm/core/mpu/libarch__arm__core__mpu.a(arm_core_mpu.c.obj)
                0x0002a500                z_arm_configure_dynamic_mpu_regions
 .text.region_init
                0x0002a520       0x28 zephyr/arch/arch/arm/core/mpu/libarch__arm__core__mpu.a(arm_mpu.c.obj)
 .text.mpu_configure_regions
                0x0002a548       0x6c zephyr/arch/arch/arm/core/mpu/libarch__arm__core__mpu.a(arm_mpu.c.obj)
 .text.arm_core_mpu_enable
                0x0002a5b4       0x18 zephyr/arch/arch/arm/core/mpu/libarch__arm__core__mpu.a(arm_mpu.c.obj)
                0x0002a5b4                arm_core_mpu_enable
 .text.arm_core_mpu_disable
                0x0002a5cc       0x14 zephyr/arch/arch/arm/core/mpu/libarch__arm__core__mpu.a(arm_mpu.c.obj)
                0x0002a5cc                arm_core_mpu_disable
 .text.arm_core_mpu_configure_static_mpu_regions
                0x0002a5e0       0x14 zephyr/arch/arch/arm/core/mpu/libarch__arm__core__mpu.a(arm_mpu.c.obj)
                0x0002a5e0                arm_core_mpu_configure_static_mpu_regions
 .text.arm_core_mpu_configure_dynamic_mpu_regions
                0x0002a5f4       0x38 zephyr/arch/arch/arm/core/mpu/libarch__arm__core__mpu.a(arm_mpu.c.obj)
                0x0002a5f4                arm_core_mpu_configure_dynamic_mpu_regions
 .text.z_arm_mpu_init
                0x0002a62c      0x184 zephyr/arch/arch/arm/core/mpu/libarch__arm__core__mpu.a(arm_mpu.c.obj)
                0x0002a62c                z_arm_mpu_init
 .text.z_impl_zephyr_fputc
                0x0002a7b0       0x10 zephyr/lib/libc/picolibc/liblib__libc__picolibc.a(stdio.c.obj)
                0x0002a7b0                z_impl_zephyr_fputc
 .text.__stdout_hook_install
                0x0002a7c0       0x18 zephyr/lib/libc/picolibc/liblib__libc__picolibc.a(stdio.c.obj)
                0x0002a7c0                __stdout_hook_install
 .text.malloc_prepare
                0x0002a7d8       0x24 zephyr/lib/libc/common/liblib__libc__common.a(malloc.c.obj)
 .text.net_buf_destroy
                0x0002a7fc       0x38 zephyr/lib/net_buf/liblib__net_buf.a(buf.c.obj)
 .text.net_buf_pool_get
                0x0002a834       0x10 zephyr/lib/net_buf/liblib__net_buf.a(buf.c.obj)
                0x0002a834                net_buf_pool_get
 .text.net_buf_id
                0x0002a844       0x20 zephyr/lib/net_buf/liblib__net_buf.a(buf.c.obj)
                0x0002a844                net_buf_id
 .text.fixed_data_alloc
                0x0002a864       0x24 zephyr/lib/net_buf/liblib__net_buf.a(buf.c.obj)
 .text.net_buf_alloc_len
                0x0002a888       0xfc zephyr/lib/net_buf/liblib__net_buf.a(buf.c.obj)
                0x0002a888                net_buf_alloc_len
 .text.net_buf_unref
                0x0002a984       0x3c zephyr/lib/net_buf/liblib__net_buf.a(buf.c.obj)
                0x0002a984                net_buf_unref
 .text.nordicsemi_nrf52_init
                0x0002a9c0       0x38 zephyr/soc/soc/nrf52840/libsoc__nordic.a(soc.c.obj)
 .text.arch_busy_wait
                0x0002a9f8       0x24 zephyr/soc/soc/nrf52840/libsoc__nordic.a(soc.c.obj)
                0x0002a9f8                arch_busy_wait
 .text.gppi_init
                0x0002aa1c       0x20 zephyr/soc/soc/nrf52840/libsoc__nordic.a(gppi_init.c.obj)
 .text.bt_uuid_to_uuid
                0x0002aa3c       0x68 zephyr/subsys/bluetooth/host/libsubsys__bluetooth__host.a(uuid.c.obj)
 .text.hci_rx_pool_destroy
                0x0002aaa4       0x34 zephyr/subsys/bluetooth/host/libsubsys__bluetooth__host.a(buf.c.obj)
 .text.bt_buf_get_rx
                0x0002aad8       0x30 zephyr/subsys/bluetooth/host/libsubsys__bluetooth__host.a(buf.c.obj)
                0x0002aad8                bt_buf_get_rx
 .text.bt_buf_get_evt
                0x0002ab08       0x3c zephyr/subsys/bluetooth/host/libsubsys__bluetooth__host.a(buf.c.obj)
                0x0002ab08                bt_buf_get_evt
 .text.bt_tx_processor_init
                0x0002ab44       0x30 zephyr/subsys/bluetooth/host/libsubsys__bluetooth__host.a(hci_core.c.obj)
 .text.hci_cmd_done
                0x0002ab74       0xfc zephyr/subsys/bluetooth/host/libsubsys__bluetooth__host.a(hci_core.c.obj)
 .text.hci_reset_complete
                0x0002ac70       0x2c zephyr/subsys/bluetooth/host/libsubsys__bluetooth__host.a(hci_core.c.obj)
 .text.bt_hci_cmd_alloc
                0x0002ac9c       0x50 zephyr/subsys/bluetooth/host/libsubsys__bluetooth__host.a(hci_core.c.obj)
                0x0002ac9c                bt_hci_cmd_alloc
 .text.bt_send  0x0002acec       0x14 zephyr/subsys/bluetooth/host/libsubsys__bluetooth__host.a(hci_core.c.obj)
                0x0002acec                bt_send
 .text.bt_finalize_init
                0x0002ad00        0xc zephyr/subsys/bluetooth/host/libsubsys__bluetooth__host.a(hci_core.c.obj)
                0x0002ad00                bt_finalize_init
 .text.bt_get_name
                0x0002ad0c        0x8 zephyr/subsys/bluetooth/host/libsubsys__bluetooth__host.a(hci_core.c.obj)
                0x0002ad0c                bt_get_name
 .text.bt_tx_irq_raise
                0x0002ad14       0x10 zephyr/subsys/bluetooth/host/libsubsys__bluetooth__host.a(hci_core.c.obj)
                0x0002ad14                bt_tx_irq_raise
 .text.bt_hci_cmd_send
                0x0002ad24       0x90 zephyr/subsys/bluetooth/host/libsubsys__bluetooth__host.a(hci_core.c.obj)
                0x0002ad24                bt_hci_cmd_send
 .text.bt_hci_cmd_send_sync
                0x0002adb4      0x10c zephyr/subsys/bluetooth/host/libsubsys__bluetooth__host.a(hci_core.c.obj)
                0x0002adb4                bt_hci_cmd_send_sync
 .text.bt_init  0x0002aec0      0x364 zephyr/subsys/bluetooth/host/libsubsys__bluetooth__host.a(hci_core.c.obj)
 .text.init_work
                0x0002b224       0x18 zephyr/subsys/bluetooth/host/libsubsys__bluetooth__host.a(hci_core.c.obj)
 .text.tx_processor
                0x0002b23c       0xc0 zephyr/subsys/bluetooth/host/libsubsys__bluetooth__host.a(hci_core.c.obj)
 .text.bt_hci_evt_create
                0x0002b2fc       0x50 zephyr/subsys/bluetooth/host/libsubsys__bluetooth__host.a(hci_common.c.obj)
                0x0002b2fc                bt_hci_evt_create
 .text.id_find  0x0002b34c       0x30 zephyr/subsys/bluetooth/host/libsubsys__bluetooth__host.a(id.c.obj)
 .text.set_random_address
                0x0002b37c       0x58 zephyr/subsys/bluetooth/host/libsubsys__bluetooth__host.a(id.c.obj)
 .text.id_create.constprop.0
                0x0002b3d4       0x70 zephyr/subsys/bluetooth/host/libsubsys__bluetooth__host.a(id.c.obj)
 .text.bt_id_create
                0x0002b444       0xa4 zephyr/subsys/bluetooth/host/libsubsys__bluetooth__host.a(id.c.obj)
                0x0002b444                bt_id_create
 .text.bt_id_read_public_addr
                0x0002b4e8       0x6c zephyr/subsys/bluetooth/host/libsubsys__bluetooth__host.a(id.c.obj)
                0x0002b4e8                bt_id_read_public_addr
 .text.bt_setup_public_id_addr
                0x0002b554       0x20 zephyr/subsys/bluetooth/host/libsubsys__bluetooth__host.a(id.c.obj)
                0x0002b554                bt_setup_public_id_addr
 .text.bt_setup_random_id_addr
                0x0002b574       0xac zephyr/subsys/bluetooth/host/libsubsys__bluetooth__host.a(id.c.obj)
                0x0002b574                bt_setup_random_id_addr
 .text.bt_id_init
                0x0002b620       0x30 zephyr/subsys/bluetooth/host/libsubsys__bluetooth__host.a(id.c.obj)
                0x0002b620                bt_id_init
 .text.notify_connected
                0x0002b650       0x40 zephyr/subsys/bluetooth/host/libsubsys__bluetooth__host.a(conn.c.obj)
 .text.frag_destroy
                0x0002b690       0x20 zephyr/subsys/bluetooth/host/libsubsys__bluetooth__host.a(conn.c.obj)
 .text.conn_tx_destroy
                0x0002b6b0       0x2c zephyr/subsys/bluetooth/host/libsubsys__bluetooth__host.a(conn.c.obj)
 .text.recycled_work_handler
                0x0002b6dc       0x54 zephyr/subsys/bluetooth/host/libsubsys__bluetooth__host.a(conn.c.obj)
 .text.tx_notify_process
                0x0002b730       0x58 zephyr/subsys/bluetooth/host/libsubsys__bluetooth__host.a(conn.c.obj)
 .text.bt_conn_tx_notify
                0x0002b788       0x48 zephyr/subsys/bluetooth/host/libsubsys__bluetooth__host.a(conn.c.obj)
                0x0002b788                bt_conn_tx_notify
 .text.bt_conn_unref
                0x0002b7d0       0x58 zephyr/subsys/bluetooth/host/libsubsys__bluetooth__host.a(conn.c.obj)
                0x0002b7d0                bt_conn_unref
 .text.bt_conn_data_ready
                0x0002b828       0x54 zephyr/subsys/bluetooth/host/libsubsys__bluetooth__host.a(conn.c.obj)
                0x0002b828                bt_conn_data_ready
 .text.bt_conn_set_state
                0x0002b87c       0xf0 zephyr/subsys/bluetooth/host/libsubsys__bluetooth__host.a(conn.c.obj)
                0x0002b87c                bt_conn_set_state
 .text.bt_conn_index
                0x0002b96c       0x18 zephyr/subsys/bluetooth/host/libsubsys__bluetooth__host.a(conn.c.obj)
                0x0002b96c                bt_conn_index
 .text.bt_conn_create_pdu_timeout
                0x0002b984       0x4c zephyr/subsys/bluetooth/host/libsubsys__bluetooth__host.a(conn.c.obj)
                0x0002b984                bt_conn_create_pdu_timeout
 .text.bt_conn_tx_processor
                0x0002b9d0      0x2d8 zephyr/subsys/bluetooth/host/libsubsys__bluetooth__host.a(conn.c.obj)
                0x0002b9d0                bt_conn_tx_processor
 .text.bt_conn_lookup_addr_le
                0x0002bca8       0x34 zephyr/subsys/bluetooth/host/libsubsys__bluetooth__host.a(conn.c.obj)
                0x0002bca8                bt_conn_lookup_addr_le
 .text.bt_conn_lookup_state_le
                0x0002bcdc       0x44 zephyr/subsys/bluetooth/host/libsubsys__bluetooth__host.a(conn.c.obj)
                0x0002bcdc                bt_conn_lookup_state_le
 .text.bt_conn_init
                0x0002bd20       0x4c zephyr/subsys/bluetooth/host/libsubsys__bluetooth__host.a(conn.c.obj)
                0x0002bd20                bt_conn_init
 .text.l2cap_accept
                0x0002bd6c       0x1c zephyr/subsys/bluetooth/host/libsubsys__bluetooth__host.a(l2cap.c.obj)
 .text.bt_l2cap_create_pdu_timeout
                0x0002bd88       0x34 zephyr/subsys/bluetooth/host/libsubsys__bluetooth__host.a(l2cap.c.obj)
                0x0002bd88                bt_l2cap_create_pdu_timeout
 .text.att_op_get_type
                0x0002bdbc       0x74 zephyr/subsys/bluetooth/host/libsubsys__bluetooth__host.a(att.c.obj)
 .text.chan_send
                0x0002be30       0xb0 zephyr/subsys/bluetooth/host/libsubsys__bluetooth__host.a(att.c.obj)
 .text.bt_att_chan_create_pdu
                0x0002bee0       0x98 zephyr/subsys/bluetooth/host/libsubsys__bluetooth__host.a(att.c.obj)
 .text.bt_att_released
                0x0002bf78        0xc zephyr/subsys/bluetooth/host/libsubsys__bluetooth__host.a(att.c.obj)
 .text.att_create_rsp_pdu
                0x0002bf84       0x48 zephyr/subsys/bluetooth/host/libsubsys__bluetooth__host.a(att.c.obj)
 .text.att_tx_destroy
                0x0002bfcc       0x50 zephyr/subsys/bluetooth/host/libsubsys__bluetooth__host.a(att.c.obj)
 .text.att_find_info_req
                0x0002c01c       0x6c zephyr/subsys/bluetooth/host/libsubsys__bluetooth__host.a(att.c.obj)
 .text.bt_att_connected
                0x0002c088       0x40 zephyr/subsys/bluetooth/host/libsubsys__bluetooth__host.a(att.c.obj)
 .text.att_read_rsp
                0x0002c0c8       0x90 zephyr/subsys/bluetooth/host/libsubsys__bluetooth__host.a(att.c.obj)
 .text.att_read_mult_req
                0x0002c158       0x94 zephyr/subsys/bluetooth/host/libsubsys__bluetooth__host.a(att.c.obj)
 .text.att_read_mult_vl_req
                0x0002c1ec       0x94 zephyr/subsys/bluetooth/host/libsubsys__bluetooth__host.a(att.c.obj)
 .text.att_find_type_req
                0x0002c280       0xc0 zephyr/subsys/bluetooth/host/libsubsys__bluetooth__host.a(att.c.obj)
 .text.att_read_type_req
                0x0002c340      0x114 zephyr/subsys/bluetooth/host/libsubsys__bluetooth__host.a(att.c.obj)
 .text.att_read_group_req
                0x0002c454       0xf0 zephyr/subsys/bluetooth/host/libsubsys__bluetooth__host.a(att.c.obj)
 .text.att_write_rsp.constprop.0
                0x0002c544       0xc0 zephyr/subsys/bluetooth/host/libsubsys__bluetooth__host.a(att.c.obj)
 .text.bt_att_recv
                0x0002c604       0x94 zephyr/subsys/bluetooth/host/libsubsys__bluetooth__host.a(att.c.obj)
 .text.read_group_cb
                0x0002c698       0xb8 zephyr/subsys/bluetooth/host/libsubsys__bluetooth__host.a(att.c.obj)
 .text.read_type_cb
                0x0002c750       0xc0 zephyr/subsys/bluetooth/host/libsubsys__bluetooth__host.a(att.c.obj)
 .text.bt_att_accept
                0x0002c810       0xcc zephyr/subsys/bluetooth/host/libsubsys__bluetooth__host.a(att.c.obj)
 .text.att_tx_destroy_work_handler
                0x0002c8dc      0x12c zephyr/subsys/bluetooth/host/libsubsys__bluetooth__host.a(att.c.obj)
 .text.bt_att_req_alloc
                0x0002ca08       0x58 zephyr/subsys/bluetooth/host/libsubsys__bluetooth__host.a(att.c.obj)
                0x0002ca08                bt_att_req_alloc
 .text.bt_att_req_free
                0x0002ca60       0x20 zephyr/subsys/bluetooth/host/libsubsys__bluetooth__host.a(att.c.obj)
                0x0002ca60                bt_att_req_free
 .text.att_handle_rsp.isra.0
                0x0002ca80       0x6c zephyr/subsys/bluetooth/host/libsubsys__bluetooth__host.a(att.c.obj)
 .text.bt_att_disconnected
                0x0002caec       0xc8 zephyr/subsys/bluetooth/host/libsubsys__bluetooth__host.a(att.c.obj)
 .text.bt_att_set_tx_meta_data
                0x0002cbb4       0x24 zephyr/subsys/bluetooth/host/libsubsys__bluetooth__host.a(att.c.obj)
                0x0002cbb4                bt_att_set_tx_meta_data
 .text.find_sc_cfg
                0x0002cbd8       0x24 zephyr/subsys/bluetooth/host/libsubsys__bluetooth__host.a(gatt.c.obj)
 .text.sc_save  0x0002cbfc       0x60 zephyr/subsys/bluetooth/host/libsubsys__bluetooth__host.a(gatt.c.obj)
 .text.sc_indicate_rsp
                0x0002cc5c       0x38 zephyr/subsys/bluetooth/host/libsubsys__bluetooth__host.a(gatt.c.obj)
 .text.disconnected_cb
                0x0002cc94       0xa8 zephyr/subsys/bluetooth/host/libsubsys__bluetooth__host.a(gatt.c.obj)
 .text.find_ccc_cfg
                0x0002cd3c       0x2c zephyr/subsys/bluetooth/host/libsubsys__bluetooth__host.a(gatt.c.obj)
 .text.bt_gatt_attr_write_ccc
                0x0002cd68       0xc0 zephyr/subsys/bluetooth/host/libsubsys__bluetooth__host.a(gatt.c.obj)
                0x0002cd68                bt_gatt_attr_write_ccc
 .text.bt_gatt_init
                0x0002ce28       0x80 zephyr/subsys/bluetooth/host/libsubsys__bluetooth__host.a(gatt.c.obj)
                0x0002ce28                bt_gatt_init
 .text.bt_gatt_attr_get_handle
                0x0002cea8       0x60 zephyr/subsys/bluetooth/host/libsubsys__bluetooth__host.a(gatt.c.obj)
                0x0002cea8                bt_gatt_attr_get_handle
 .text.bt_gatt_foreach_attr_type
                0x0002cf08       0xb4 zephyr/subsys/bluetooth/host/libsubsys__bluetooth__host.a(gatt.c.obj)
                0x0002cf08                bt_gatt_foreach_attr_type
 .text.bt_gatt_attr_next
                0x0002cfbc       0x24 zephyr/subsys/bluetooth/host/libsubsys__bluetooth__host.a(gatt.c.obj)
                0x0002cfbc                bt_gatt_attr_next
 .text.gatt_indicate
                0x0002cfe0       0xa0 zephyr/subsys/bluetooth/host/libsubsys__bluetooth__host.a(gatt.c.obj)
 .text.bt_gatt_indicate
                0x0002d080       0xf4 zephyr/subsys/bluetooth/host/libsubsys__bluetooth__host.a(gatt.c.obj)
                0x0002d080                bt_gatt_indicate
 .text.sc_process
                0x0002d174       0x78 zephyr/subsys/bluetooth/host/libsubsys__bluetooth__host.a(gatt.c.obj)
 .text.update_ccc
                0x0002d1ec       0xa8 zephyr/subsys/bluetooth/host/libsubsys__bluetooth__host.a(gatt.c.obj)
 .text.notify_cb
                0x0002d294       0xec zephyr/subsys/bluetooth/host/libsubsys__bluetooth__host.a(gatt.c.obj)
 .text.bt_gatt_connected
                0x0002d380       0x20 zephyr/subsys/bluetooth/host/libsubsys__bluetooth__host.a(gatt.c.obj)
                0x0002d380                bt_gatt_connected
 .text.bt_gatt_att_max_mtu_changed
                0x0002d3a0       0x40 zephyr/subsys/bluetooth/host/libsubsys__bluetooth__host.a(gatt.c.obj)
                0x0002d3a0                bt_gatt_att_max_mtu_changed
 .text.bt_gatt_disconnected
                0x0002d3e0       0x14 zephyr/subsys/bluetooth/host/libsubsys__bluetooth__host.a(gatt.c.obj)
                0x0002d3e0                bt_gatt_disconnected
 .text.gatt_gap_svc_validate
                0x0002d3f4       0x40 zephyr/subsys/bluetooth/host/libsubsys__bluetooth__host.a(gatt_gap_svc_validate.c.obj)
                0x0002d3f4                gatt_gap_svc_validate
 .text.bt_smp_accept
                0x0002d434       0x1c zephyr/subsys/bluetooth/host/libsubsys__bluetooth__host.a(smp_null.c.obj)
 .text.mem_init
                0x0002d450       0x48 zephyr/subsys/bluetooth/controller/libsubsys__bluetooth__controller.a(mem.c.obj)
                0x0002d450                mem_init
 .text.mem_acquire
                0x0002d498       0x2c zephyr/subsys/bluetooth/controller/libsubsys__bluetooth__controller.a(mem.c.obj)
                0x0002d498                mem_acquire
 .text.mem_release
                0x0002d4c4       0x28 zephyr/subsys/bluetooth/controller/libsubsys__bluetooth__controller.a(mem.c.obj)
                0x0002d4c4                mem_release
 .text.mem_get  0x0002d4ec        0x8 zephyr/subsys/bluetooth/controller/libsubsys__bluetooth__controller.a(mem.c.obj)
                0x0002d4ec                mem_get
 .text.mem_index_get
                0x0002d4f4        0xc zephyr/subsys/bluetooth/controller/libsubsys__bluetooth__controller.a(mem.c.obj)
                0x0002d4f4                mem_index_get
 .text.mem_rcopy
                0x0002d500       0x1c zephyr/subsys/bluetooth/controller/libsubsys__bluetooth__controller.a(mem.c.obj)
                0x0002d500                mem_rcopy
 .text.mem_nz   0x0002d51c       0x18 zephyr/subsys/bluetooth/controller/libsubsys__bluetooth__controller.a(mem.c.obj)
                0x0002d51c                mem_nz
 .text.memq_init
                0x0002d534        0x8 zephyr/subsys/bluetooth/controller/libsubsys__bluetooth__controller.a(memq.c.obj)
                0x0002d534                memq_init
 .text.memq_deinit
                0x0002d53c       0x14 zephyr/subsys/bluetooth/controller/libsubsys__bluetooth__controller.a(memq.c.obj)
                0x0002d53c                memq_deinit
 .text.memq_enqueue
                0x0002d550       0x14 zephyr/subsys/bluetooth/controller/libsubsys__bluetooth__controller.a(memq.c.obj)
                0x0002d550                memq_enqueue
 .text.memq_peek
                0x0002d564       0x10 zephyr/subsys/bluetooth/controller/libsubsys__bluetooth__controller.a(memq.c.obj)
                0x0002d564                memq_peek
 .text.memq_dequeue
                0x0002d574       0x20 zephyr/subsys/bluetooth/controller/libsubsys__bluetooth__controller.a(memq.c.obj)
                0x0002d574                memq_dequeue
 .text.mayfly_init
                0x0002d594       0x48 zephyr/subsys/bluetooth/controller/libsubsys__bluetooth__controller.a(mayfly.c.obj)
                0x0002d594                mayfly_init
 .text.mayfly_enable
                0x0002d5dc       0x68 zephyr/subsys/bluetooth/controller/libsubsys__bluetooth__controller.a(mayfly.c.obj)
                0x0002d5dc                mayfly_enable
 .text.mayfly_enqueue
                0x0002d644       0xc4 zephyr/subsys/bluetooth/controller/libsubsys__bluetooth__controller.a(mayfly.c.obj)
                0x0002d644                mayfly_enqueue
 .text.mayfly_run
                0x0002d708      0x170 zephyr/subsys/bluetooth/controller/libsubsys__bluetooth__controller.a(mayfly.c.obj)
                0x0002d708                mayfly_run
 .text.util_ones_count_get
                0x0002d878       0x28 zephyr/subsys/bluetooth/controller/libsubsys__bluetooth__controller.a(util.c.obj)
                0x0002d878                util_ones_count_get
 .text.ticker_dequeue
                0x0002d8a0       0x64 zephyr/subsys/bluetooth/controller/libsubsys__bluetooth__controller.a(ticker.c.obj)
 .text.ticks_to_expire_prep
                0x0002d904       0x48 zephyr/subsys/bluetooth/controller/libsubsys__bluetooth__controller.a(ticker.c.obj)
 .text.start_us.isra.0
                0x0002d94c       0x9c zephyr/subsys/bluetooth/controller/libsubsys__bluetooth__controller.a(ticker.c.obj)
 .text.ticker_job_list_insert
                0x0002d9e8      0x1fc zephyr/subsys/bluetooth/controller/libsubsys__bluetooth__controller.a(ticker.c.obj)
 .text.ticker_worker
                0x0002dbe4      0x3d4 zephyr/subsys/bluetooth/controller/libsubsys__bluetooth__controller.a(ticker.c.obj)
                0x0002dbe4                ticker_worker
 .text.ticker_job
                0x0002dfb8      0x93c zephyr/subsys/bluetooth/controller/libsubsys__bluetooth__controller.a(ticker.c.obj)
                0x0002dfb8                ticker_job
 .text.ticker_init
                0x0002e8f4       0x64 zephyr/subsys/bluetooth/controller/libsubsys__bluetooth__controller.a(ticker.c.obj)
                0x0002e8f4                ticker_init
 .text.ticker_deinit
                0x0002e958       0x20 zephyr/subsys/bluetooth/controller/libsubsys__bluetooth__controller.a(ticker.c.obj)
                0x0002e958                ticker_deinit
 .text.ticker_trigger
                0x0002e978       0x24 zephyr/subsys/bluetooth/controller/libsubsys__bluetooth__controller.a(ticker.c.obj)
                0x0002e978                ticker_trigger
 .text.ticker_start
                0x0002e99c       0x38 zephyr/subsys/bluetooth/controller/libsubsys__bluetooth__controller.a(ticker.c.obj)
                0x0002e99c                ticker_start
 .text.ticker_start_ext
                0x0002e9d4       0x10 zephyr/subsys/bluetooth/controller/libsubsys__bluetooth__controller.a(ticker.c.obj)
                0x0002e9d4                ticker_start_ext
 .text.ticker_update_ext
                0x0002e9e4       0x9c zephyr/subsys/bluetooth/controller/libsubsys__bluetooth__controller.a(ticker.c.obj)
                0x0002e9e4                ticker_update_ext
 .text.ticker_update
                0x0002ea80       0x30 zephyr/subsys/bluetooth/controller/libsubsys__bluetooth__controller.a(ticker.c.obj)
                0x0002ea80                ticker_update
 .text.ticker_stop
                0x0002eab0       0x6c zephyr/subsys/bluetooth/controller/libsubsys__bluetooth__controller.a(ticker.c.obj)
                0x0002eab0                ticker_stop
 .text.ticker_stop_abs
                0x0002eb1c       0x70 zephyr/subsys/bluetooth/controller/libsubsys__bluetooth__controller.a(ticker.c.obj)
                0x0002eb1c                ticker_stop_abs
 .text.ticker_ticks_now_get
                0x0002eb8c        0x4 zephyr/subsys/bluetooth/controller/libsubsys__bluetooth__controller.a(ticker.c.obj)
                0x0002eb8c                ticker_ticks_now_get
 .text.ticker_ticks_diff_get
                0x0002eb90        0x8 zephyr/subsys/bluetooth/controller/libsubsys__bluetooth__controller.a(ticker.c.obj)
                0x0002eb90                ticker_ticks_diff_get
 .text.ll_feat_get
                0x0002eb98        0xc zephyr/subsys/bluetooth/controller/libsubsys__bluetooth__controller.a(ll_feat.c.obj)
                0x0002eb98                ll_feat_get
 .text.ll_tx_pwr_lvl_get
                0x0002eba4       0x20 zephyr/subsys/bluetooth/controller/libsubsys__bluetooth__controller.a(ll_tx_pwr.c.obj)
                0x0002eba4                ll_tx_pwr_lvl_get
 .text.ll_tx_pwr_get
                0x0002ebc4        0x8 zephyr/subsys/bluetooth/controller/libsubsys__bluetooth__controller.a(ll_tx_pwr.c.obj)
                0x0002ebc4                ll_tx_pwr_get
 .text.ll_addr_set
                0x0002ebcc       0x38 zephyr/subsys/bluetooth/controller/libsubsys__bluetooth__controller.a(ll_addr.c.obj)
                0x0002ebcc                ll_addr_set
 .text.ll_addr_get
                0x0002ec04       0x1c zephyr/subsys/bluetooth/controller/libsubsys__bluetooth__controller.a(ll_addr.c.obj)
                0x0002ec04                ll_addr_get
 .text.ll_addr_read
                0x0002ec20       0x28 zephyr/subsys/bluetooth/controller/libsubsys__bluetooth__controller.a(ll_addr.c.obj)
                0x0002ec20                ll_addr_read
 .text.perform_lll_reset
                0x0002ec48       0x40 zephyr/subsys/bluetooth/controller/libsubsys__bluetooth__controller.a(ull.c.obj)
 .text.ull_ticker_status_give
                0x0002ec88        0xc zephyr/subsys/bluetooth/controller/libsubsys__bluetooth__controller.a(ull.c.obj)
                0x0002ec88                ull_ticker_status_give
 .text.disabled_cb
                0x0002ec94        0x4 zephyr/subsys/bluetooth/controller/libsubsys__bluetooth__controller.a(ull.c.obj)
 .text.tx_cmplt_get
                0x0002ec98       0xc0 zephyr/subsys/bluetooth/controller/libsubsys__bluetooth__controller.a(ull.c.obj)
 .text.rx_replenish
                0x0002ed58       0xe4 zephyr/subsys/bluetooth/controller/libsubsys__bluetooth__controller.a(ull.c.obj)
 .text.init_reset.isra.0
                0x0002ee3c       0xe4 zephyr/subsys/bluetooth/controller/libsubsys__bluetooth__controller.a(ull.c.obj)
 .text.rx_demux
                0x0002ef20      0x208 zephyr/subsys/bluetooth/controller/libsubsys__bluetooth__controller.a(ull.c.obj)
 .text.ll_init  0x0002f128       0xb8 zephyr/subsys/bluetooth/controller/libsubsys__bluetooth__controller.a(ull.c.obj)
                0x0002f128                ll_init
 .text.ll_reset
                0x0002f1e0       0x94 zephyr/subsys/bluetooth/controller/libsubsys__bluetooth__controller.a(ull.c.obj)
                0x0002f1e0                ll_reset
 .text.ll_deinit
                0x0002f274       0x18 zephyr/subsys/bluetooth/controller/libsubsys__bluetooth__controller.a(ull.c.obj)
                0x0002f274                ll_deinit
 .text.ll_rx_get
                0x0002f28c       0xc8 zephyr/subsys/bluetooth/controller/libsubsys__bluetooth__controller.a(ull.c.obj)
                0x0002f28c                ll_rx_get
 .text.ll_rx_dequeue
                0x0002f354       0xd8 zephyr/subsys/bluetooth/controller/libsubsys__bluetooth__controller.a(ull.c.obj)
                0x0002f354                ll_rx_dequeue
 .text.ll_rx_mem_release
                0x0002f42c       0xd8 zephyr/subsys/bluetooth/controller/libsubsys__bluetooth__controller.a(ull.c.obj)
                0x0002f42c                ll_rx_mem_release
 .text.ll_rx_link_alloc
                0x0002f504        0xc zephyr/subsys/bluetooth/controller/libsubsys__bluetooth__controller.a(ull.c.obj)
                0x0002f504                ll_rx_link_alloc
 .text.ll_rx_link_release
                0x0002f510        0xc zephyr/subsys/bluetooth/controller/libsubsys__bluetooth__controller.a(ull.c.obj)
                0x0002f510                ll_rx_link_release
 .text.ll_rx_alloc
                0x0002f51c        0xc zephyr/subsys/bluetooth/controller/libsubsys__bluetooth__controller.a(ull.c.obj)
                0x0002f51c                ll_rx_alloc
 .text.ll_rx_release
                0x0002f528        0xc zephyr/subsys/bluetooth/controller/libsubsys__bluetooth__controller.a(ull.c.obj)
                0x0002f528                ll_rx_release
 .text.ll_rx_put
                0x0002f534       0x18 zephyr/subsys/bluetooth/controller/libsubsys__bluetooth__controller.a(ull.c.obj)
                0x0002f534                ll_rx_put
 .text.ll_rx_put_sched
                0x0002f54c       0x28 zephyr/subsys/bluetooth/controller/libsubsys__bluetooth__controller.a(ull.c.obj)
                0x0002f54c                ll_rx_put_sched
 .text.ll_pdu_rx_alloc_peek
                0x0002f574       0x34 zephyr/subsys/bluetooth/controller/libsubsys__bluetooth__controller.a(ull.c.obj)
                0x0002f574                ll_pdu_rx_alloc_peek
 .text.ll_pdu_rx_alloc
                0x0002f5a8       0x24 zephyr/subsys/bluetooth/controller/libsubsys__bluetooth__controller.a(ull.c.obj)
                0x0002f5a8                ll_pdu_rx_alloc
 .text.ll_tx_ack_put
                0x0002f5cc       0x3c zephyr/subsys/bluetooth/controller/libsubsys__bluetooth__controller.a(ull.c.obj)
                0x0002f5cc                ll_tx_ack_put
 .text.ull_ticker_status_take
                0x0002f608       0x24 zephyr/subsys/bluetooth/controller/libsubsys__bluetooth__controller.a(ull.c.obj)
                0x0002f608                ull_ticker_status_take
 .text.ull_disable_mark
                0x0002f62c       0x18 zephyr/subsys/bluetooth/controller/libsubsys__bluetooth__controller.a(ull.c.obj)
                0x0002f62c                ull_disable_mark
 .text.ull_disable_unmark
                0x0002f644       0x18 zephyr/subsys/bluetooth/controller/libsubsys__bluetooth__controller.a(ull.c.obj)
                0x0002f644                ull_disable_unmark
 .text.ull_disable_mark_get
                0x0002f65c        0xc zephyr/subsys/bluetooth/controller/libsubsys__bluetooth__controller.a(ull.c.obj)
                0x0002f65c                ull_disable_mark_get
 .text.ull_update_mark
                0x0002f668       0x18 zephyr/subsys/bluetooth/controller/libsubsys__bluetooth__controller.a(ull.c.obj)
                0x0002f668                ull_update_mark
 .text.ull_update_unmark
                0x0002f680       0x18 zephyr/subsys/bluetooth/controller/libsubsys__bluetooth__controller.a(ull.c.obj)
                0x0002f680                ull_update_unmark
 .text.ull_update_mark_get
                0x0002f698        0xc zephyr/subsys/bluetooth/controller/libsubsys__bluetooth__controller.a(ull.c.obj)
                0x0002f698                ull_update_mark_get
 .text.ull_disable
                0x0002f6a4       0x54 zephyr/subsys/bluetooth/controller/libsubsys__bluetooth__controller.a(ull.c.obj)
                0x0002f6a4                ull_disable
 .text.ull_ticker_stop_with_mark
                0x0002f6f8       0xa0 zephyr/subsys/bluetooth/controller/libsubsys__bluetooth__controller.a(ull.c.obj)
                0x0002f6f8                ull_ticker_stop_with_mark
 .text.ull_pdu_rx_alloc_peek
                0x0002f798       0x34 zephyr/subsys/bluetooth/controller/libsubsys__bluetooth__controller.a(ull.c.obj)
                0x0002f798                ull_pdu_rx_alloc_peek
 .text.ull_pdu_rx_alloc
                0x0002f7cc       0x24 zephyr/subsys/bluetooth/controller/libsubsys__bluetooth__controller.a(ull.c.obj)
                0x0002f7cc                ull_pdu_rx_alloc
 .text.ull_rx_put
                0x0002f7f0       0x20 zephyr/subsys/bluetooth/controller/libsubsys__bluetooth__controller.a(ull.c.obj)
                0x0002f7f0                ull_rx_put
 .text.ull_rx_sched
                0x0002f810       0x10 zephyr/subsys/bluetooth/controller/libsubsys__bluetooth__controller.a(ull.c.obj)
                0x0002f810                ull_rx_sched
 .text.ull_rx_put_sched
                0x0002f820       0x30 zephyr/subsys/bluetooth/controller/libsubsys__bluetooth__controller.a(ull.c.obj)
                0x0002f820                ull_rx_put_sched
 .text.ull_prepare_enqueue
                0x0002f850       0x74 zephyr/subsys/bluetooth/controller/libsubsys__bluetooth__controller.a(ull.c.obj)
                0x0002f850                ull_prepare_enqueue
 .text.ull_prepare_dequeue_get
                0x0002f8c4       0x1c zephyr/subsys/bluetooth/controller/libsubsys__bluetooth__controller.a(ull.c.obj)
                0x0002f8c4                ull_prepare_dequeue_get
 .text.ull_prepare_dequeue_iter
                0x0002f8e0       0x34 zephyr/subsys/bluetooth/controller/libsubsys__bluetooth__controller.a(ull.c.obj)
                0x0002f8e0                ull_prepare_dequeue_iter
 .text.ull_prepare_dequeue
                0x0002f914      0x104 zephyr/subsys/bluetooth/controller/libsubsys__bluetooth__controller.a(ull.c.obj)
                0x0002f914                ull_prepare_dequeue
 .text.ull_event_done_extra_get
                0x0002fa18       0x1c zephyr/subsys/bluetooth/controller/libsubsys__bluetooth__controller.a(ull.c.obj)
                0x0002fa18                ull_event_done_extra_get
 .text.ull_event_done
                0x0002fa34       0x5c zephyr/subsys/bluetooth/controller/libsubsys__bluetooth__controller.a(ull.c.obj)
                0x0002fa34                ull_event_done
 .text.lll_prepare
                0x0002fa90       0x20 zephyr/subsys/bluetooth/controller/libsubsys__bluetooth__controller.a(lll_common.c.obj)
                0x0002fa90                lll_prepare
 .text.lll_resume
                0x0002fab0       0x28 zephyr/subsys/bluetooth/controller/libsubsys__bluetooth__controller.a(lll_common.c.obj)
                0x0002fab0                lll_resume
 .text.bt_recv_prio
                0x0002fad8       0x20 zephyr/subsys/bluetooth/controller/libsubsys__bluetooth__controller.a(hci_driver.c.obj)
 .text.hci_driver_send
                0x0002faf8       0x84 zephyr/subsys/bluetooth/controller/libsubsys__bluetooth__controller.a(hci_driver.c.obj)
 .text.hci_driver_close
                0x0002fb7c       0x28 zephyr/subsys/bluetooth/controller/libsubsys__bluetooth__controller.a(hci_driver.c.obj)
 .text.recv_thread
                0x0002fba4       0xec zephyr/subsys/bluetooth/controller/libsubsys__bluetooth__controller.a(hci_driver.c.obj)
 .text.prio_recv_thread
                0x0002fc90       0xcc zephyr/subsys/bluetooth/controller/libsubsys__bluetooth__controller.a(hci_driver.c.obj)
 .text.hci_driver_open
                0x0002fd5c       0xb0 zephyr/subsys/bluetooth/controller/libsubsys__bluetooth__controller.a(hci_driver.c.obj)
 .text.hci_recv_fifo_reset
                0x0002fe0c       0x20 zephyr/subsys/bluetooth/controller/libsubsys__bluetooth__controller.a(hci_driver.c.obj)
                0x0002fe0c                hci_recv_fifo_reset
 .text.le_remote_feat_complete
                0x0002fe2c       0x78 zephyr/subsys/bluetooth/controller/libsubsys__bluetooth__controller.a(hci.c.obj)
 .text.hci_vendor_cmd_handle_common
                0x0002fea4      0x194 zephyr/subsys/bluetooth/controller/libsubsys__bluetooth__controller.a(hci.c.obj)
                0x0002fea4                hci_vendor_cmd_handle_common
 .text.hci_cmd_handle
                0x00030038      0x718 zephyr/subsys/bluetooth/controller/libsubsys__bluetooth__controller.a(hci.c.obj)
                0x00030038                hci_cmd_handle
 .text.hci_acl_handle
                0x00030750       0xc0 zephyr/subsys/bluetooth/controller/libsubsys__bluetooth__controller.a(hci.c.obj)
                0x00030750                hci_acl_handle
 .text.hci_disconn_complete_encode
                0x00030810       0x40 zephyr/subsys/bluetooth/controller/libsubsys__bluetooth__controller.a(hci.c.obj)
                0x00030810                hci_disconn_complete_encode
 .text.hci_disconn_complete_process
                0x00030850       0x10 zephyr/subsys/bluetooth/controller/libsubsys__bluetooth__controller.a(hci.c.obj)
                0x00030850                hci_disconn_complete_process
 .text.hci_acl_encode
                0x00030860       0x50 zephyr/subsys/bluetooth/controller/libsubsys__bluetooth__controller.a(hci.c.obj)
                0x00030860                hci_acl_encode
 .text.hci_evt_encode
                0x000308b0      0x3f4 zephyr/subsys/bluetooth/controller/libsubsys__bluetooth__controller.a(hci.c.obj)
                0x000308b0                hci_evt_encode
 .text.hci_num_cmplt_encode
                0x00030ca4       0x30 zephyr/subsys/bluetooth/controller/libsubsys__bluetooth__controller.a(hci.c.obj)
                0x00030ca4                hci_num_cmplt_encode
 .text.hci_get_class
                0x00030cd4       0x2c zephyr/subsys/bluetooth/controller/libsubsys__bluetooth__controller.a(hci.c.obj)
                0x00030cd4                hci_get_class
 .text.hci_init
                0x00030d00       0x40 zephyr/subsys/bluetooth/controller/libsubsys__bluetooth__controller.a(hci.c.obj)
                0x00030d00                hci_init
 .text.ticker_stop_cb
                0x00030d40       0x4c zephyr/subsys/bluetooth/controller/libsubsys__bluetooth__controller.a(ull_adv.c.obj)
 .text.disabled_cb
                0x00030d8c       0x50 zephyr/subsys/bluetooth/controller/libsubsys__bluetooth__controller.a(ull_adv.c.obj)
 .text.ticker_update_op_cb
                0x00030ddc       0x44 zephyr/subsys/bluetooth/controller/libsubsys__bluetooth__controller.a(ull_adv.c.obj)
 .text.ticker_stop_op_cb
                0x00030e20       0x24 zephyr/subsys/bluetooth/controller/libsubsys__bluetooth__controller.a(ull_adv.c.obj)
 .text.adv_disable
                0x00030e44       0x40 zephyr/subsys/bluetooth/controller/libsubsys__bluetooth__controller.a(ull_adv.c.obj)
 .text.conn_release.constprop.0
                0x00030e84       0x54 zephyr/subsys/bluetooth/controller/libsubsys__bluetooth__controller.a(ull_adv.c.obj)
 .text.disable.constprop.0
                0x00030ed8       0xcc zephyr/subsys/bluetooth/controller/libsubsys__bluetooth__controller.a(ull_adv.c.obj)
 .text.adv_time_get.constprop.0
                0x00030fa4       0x78 zephyr/subsys/bluetooth/controller/libsubsys__bluetooth__controller.a(ull_adv.c.obj)
 .text.ticker_cb
                0x0003101c       0xe0 zephyr/subsys/bluetooth/controller/libsubsys__bluetooth__controller.a(ull_adv.c.obj)
 .text.init_reset.isra.0
                0x000310fc       0x54 zephyr/subsys/bluetooth/controller/libsubsys__bluetooth__controller.a(ull_adv.c.obj)
 .text.ll_adv_params_set
                0x00031150      0x1b4 zephyr/subsys/bluetooth/controller/libsubsys__bluetooth__controller.a(ull_adv.c.obj)
                0x00031150                ll_adv_params_set
 .text.ull_adv_init
                0x00031304        0xc zephyr/subsys/bluetooth/controller/libsubsys__bluetooth__controller.a(ull_adv.c.obj)
                0x00031304                ull_adv_init
 .text.ull_adv_reset
                0x00031310        0xc zephyr/subsys/bluetooth/controller/libsubsys__bluetooth__controller.a(ull_adv.c.obj)
                0x00031310                ull_adv_reset
 .text.ull_adv_reset_finalize
                0x0003131c       0x20 zephyr/subsys/bluetooth/controller/libsubsys__bluetooth__controller.a(ull_adv.c.obj)
                0x0003131c                ull_adv_reset_finalize
 .text.ull_adv_handle_get
                0x0003133c       0x18 zephyr/subsys/bluetooth/controller/libsubsys__bluetooth__controller.a(ull_adv.c.obj)
                0x0003133c                ull_adv_handle_get
 .text.ull_adv_lll_handle_get
                0x00031354       0x1c zephyr/subsys/bluetooth/controller/libsubsys__bluetooth__controller.a(ull_adv.c.obj)
                0x00031354                ull_adv_lll_handle_get
 .text.ull_adv_is_enabled
                0x00031370       0x18 zephyr/subsys/bluetooth/controller/libsubsys__bluetooth__controller.a(ull_adv.c.obj)
                0x00031370                ull_adv_is_enabled
 .text.ull_adv_data_set
                0x00031388       0xc8 zephyr/subsys/bluetooth/controller/libsubsys__bluetooth__controller.a(ull_adv.c.obj)
                0x00031388                ull_adv_data_set
 .text.ll_adv_data_set
                0x00031450       0x10 zephyr/subsys/bluetooth/controller/libsubsys__bluetooth__controller.a(ull_adv.c.obj)
                0x00031450                ll_adv_data_set
 .text.ull_scan_rsp_set
                0x00031460       0xcc zephyr/subsys/bluetooth/controller/libsubsys__bluetooth__controller.a(ull_adv.c.obj)
                0x00031460                ull_scan_rsp_set
 .text.ll_adv_scan_rsp_set
                0x0003152c       0x10 zephyr/subsys/bluetooth/controller/libsubsys__bluetooth__controller.a(ull_adv.c.obj)
                0x0003152c                ll_adv_scan_rsp_set
 .text.disabled_cb
                0x0003153c       0x1c zephyr/subsys/bluetooth/controller/libsubsys__bluetooth__controller.a(ull_conn.c.obj)
 .text.conn_setup_adv_scan_disabled_cb
                0x00031558       0x18 zephyr/subsys/bluetooth/controller/libsubsys__bluetooth__controller.a(ull_conn.c.obj)
 .text.tx_lll_flush
                0x00031570       0xa0 zephyr/subsys/bluetooth/controller/libsubsys__bluetooth__controller.a(ull_conn.c.obj)
 .text.ticker_start_conn_op_cb
                0x00031610       0x18 zephyr/subsys/bluetooth/controller/libsubsys__bluetooth__controller.a(ull_conn.c.obj)
 .text.ticker_stop_conn_op_cb
                0x00031628       0x18 zephyr/subsys/bluetooth/controller/libsubsys__bluetooth__controller.a(ull_conn.c.obj)
 .text.ticker_stop_op_cb
                0x00031640       0x28 zephyr/subsys/bluetooth/controller/libsubsys__bluetooth__controller.a(ull_conn.c.obj)
 .text.ticker_update_conn_op_cb
                0x00031668       0x28 zephyr/subsys/bluetooth/controller/libsubsys__bluetooth__controller.a(ull_conn.c.obj)
 .text.init_reset.isra.0
                0x00031690       0x6c zephyr/subsys/bluetooth/controller/libsubsys__bluetooth__controller.a(ull_conn.c.obj)
 .text.conn_disable
                0x000316fc       0x54 zephyr/subsys/bluetooth/controller/libsubsys__bluetooth__controller.a(ull_conn.c.obj)
 .text.ll_conn_acquire
                0x00031750        0xc zephyr/subsys/bluetooth/controller/libsubsys__bluetooth__controller.a(ull_conn.c.obj)
                0x00031750                ll_conn_acquire
 .text.ll_conn_release
                0x0003175c        0xc zephyr/subsys/bluetooth/controller/libsubsys__bluetooth__controller.a(ull_conn.c.obj)
                0x0003175c                ll_conn_release
 .text.ll_conn_handle_get
                0x00031768       0x10 zephyr/subsys/bluetooth/controller/libsubsys__bluetooth__controller.a(ull_conn.c.obj)
                0x00031768                ll_conn_handle_get
 .text.ll_conn_get
                0x00031778       0x18 zephyr/subsys/bluetooth/controller/libsubsys__bluetooth__controller.a(ull_conn.c.obj)
                0x00031778                ll_conn_get
 .text.ll_connected_get
                0x00031790       0x24 zephyr/subsys/bluetooth/controller/libsubsys__bluetooth__controller.a(ull_conn.c.obj)
                0x00031790                ll_connected_get
 .text.ll_tx_mem_acquire
                0x000317b4        0xc zephyr/subsys/bluetooth/controller/libsubsys__bluetooth__controller.a(ull_conn.c.obj)
                0x000317b4                ll_tx_mem_acquire
 .text.ll_tx_mem_release
                0x000317c0        0xc zephyr/subsys/bluetooth/controller/libsubsys__bluetooth__controller.a(ull_conn.c.obj)
                0x000317c0                ll_tx_mem_release
 .text.ll_tx_mem_enqueue
                0x000317cc       0x94 zephyr/subsys/bluetooth/controller/libsubsys__bluetooth__controller.a(ull_conn.c.obj)
                0x000317cc                ll_tx_mem_enqueue
 .text.ll_conn_update
                0x00031860       0x88 zephyr/subsys/bluetooth/controller/libsubsys__bluetooth__controller.a(ull_conn.c.obj)
                0x00031860                ll_conn_update
 .text.ll_chm_get
                0x000318e8       0x48 zephyr/subsys/bluetooth/controller/libsubsys__bluetooth__controller.a(ull_conn.c.obj)
                0x000318e8                ll_chm_get
 .text.ll_terminate_ind_send
                0x00031930       0x6c zephyr/subsys/bluetooth/controller/libsubsys__bluetooth__controller.a(ull_conn.c.obj)
                0x00031930                ll_terminate_ind_send
 .text.ll_feature_req_send
                0x0003199c       0x44 zephyr/subsys/bluetooth/controller/libsubsys__bluetooth__controller.a(ull_conn.c.obj)
                0x0003199c                ll_feature_req_send
 .text.ll_version_ind_send
                0x000319e0       0x44 zephyr/subsys/bluetooth/controller/libsubsys__bluetooth__controller.a(ull_conn.c.obj)
                0x000319e0                ll_version_ind_send
 .text.ll_phy_get
                0x00031a24       0x40 zephyr/subsys/bluetooth/controller/libsubsys__bluetooth__controller.a(ull_conn.c.obj)
                0x00031a24                ll_phy_get
 .text.ll_phy_default_set
                0x00031a64       0x14 zephyr/subsys/bluetooth/controller/libsubsys__bluetooth__controller.a(ull_conn.c.obj)
                0x00031a64                ll_phy_default_set
 .text.ll_phy_req_send
                0x00031a78       0x68 zephyr/subsys/bluetooth/controller/libsubsys__bluetooth__controller.a(ull_conn.c.obj)
                0x00031a78                ll_phy_req_send
 .text.ll_apto_get
                0x00031ae0       0x64 zephyr/subsys/bluetooth/controller/libsubsys__bluetooth__controller.a(ull_conn.c.obj)
                0x00031ae0                ll_apto_get
 .text.ll_apto_set
                0x00031b44       0x60 zephyr/subsys/bluetooth/controller/libsubsys__bluetooth__controller.a(ull_conn.c.obj)
                0x00031b44                ll_apto_set
 .text.ull_conn_init
                0x00031ba4        0xc zephyr/subsys/bluetooth/controller/libsubsys__bluetooth__controller.a(ull_conn.c.obj)
                0x00031ba4                ull_conn_init
 .text.ull_conn_reset
                0x00031bb0       0x88 zephyr/subsys/bluetooth/controller/libsubsys__bluetooth__controller.a(ull_conn.c.obj)
                0x00031bb0                ull_conn_reset
 .text.ull_conn_default_phy_tx_get
                0x00031c38        0xc zephyr/subsys/bluetooth/controller/libsubsys__bluetooth__controller.a(ull_conn.c.obj)
                0x00031c38                ull_conn_default_phy_tx_get
 .text.ull_conn_default_phy_rx_get
                0x00031c44        0xc zephyr/subsys/bluetooth/controller/libsubsys__bluetooth__controller.a(ull_conn.c.obj)
                0x00031c44                ull_conn_default_phy_rx_get
 .text.ull_conn_setup
                0x00031c50       0x38 zephyr/subsys/bluetooth/controller/libsubsys__bluetooth__controller.a(ull_conn.c.obj)
                0x00031c50                ull_conn_setup
 .text.ull_conn_rx
                0x00031c88       0x78 zephyr/subsys/bluetooth/controller/libsubsys__bluetooth__controller.a(ull_conn.c.obj)
                0x00031c88                ull_conn_rx
 .text.ull_conn_llcp
                0x00031d00       0x3c zephyr/subsys/bluetooth/controller/libsubsys__bluetooth__controller.a(ull_conn.c.obj)
                0x00031d00                ull_conn_llcp
 .text.ull_conn_tx_demux
                0x00031d3c       0x7c zephyr/subsys/bluetooth/controller/libsubsys__bluetooth__controller.a(ull_conn.c.obj)
                0x00031d3c                ull_conn_tx_demux
 .text.conn_cleanup
                0x00031db8       0xd4 zephyr/subsys/bluetooth/controller/libsubsys__bluetooth__controller.a(ull_conn.c.obj)
 .text.tx_demux
                0x00031e8c       0x48 zephyr/subsys/bluetooth/controller/libsubsys__bluetooth__controller.a(ull_conn.c.obj)
 .text.ull_conn_tx_lll_enqueue
                0x00031ed4       0x54 zephyr/subsys/bluetooth/controller/libsubsys__bluetooth__controller.a(ull_conn.c.obj)
                0x00031ed4                ull_conn_tx_lll_enqueue
 .text.ull_conn_link_tx_release
                0x00031f28        0xc zephyr/subsys/bluetooth/controller/libsubsys__bluetooth__controller.a(ull_conn.c.obj)
                0x00031f28                ull_conn_link_tx_release
 .text.ull_conn_ack_last_idx_get
                0x00031f34        0xc zephyr/subsys/bluetooth/controller/libsubsys__bluetooth__controller.a(ull_conn.c.obj)
                0x00031f34                ull_conn_ack_last_idx_get
 .text.ull_conn_ack_peek
                0x00031f40       0x30 zephyr/subsys/bluetooth/controller/libsubsys__bluetooth__controller.a(ull_conn.c.obj)
                0x00031f40                ull_conn_ack_peek
 .text.ull_conn_ack_by_last_peek
                0x00031f70       0x24 zephyr/subsys/bluetooth/controller/libsubsys__bluetooth__controller.a(ull_conn.c.obj)
                0x00031f70                ull_conn_ack_by_last_peek
 .text.ull_conn_ack_dequeue
                0x00031f94       0x2c zephyr/subsys/bluetooth/controller/libsubsys__bluetooth__controller.a(ull_conn.c.obj)
                0x00031f94                ull_conn_ack_dequeue
 .text.ull_conn_lll_ack_enqueue
                0x00031fc0       0x3c zephyr/subsys/bluetooth/controller/libsubsys__bluetooth__controller.a(ull_conn.c.obj)
                0x00031fc0                ull_conn_lll_ack_enqueue
 .text.ull_conn_tx_ack
                0x00031ffc       0x9c zephyr/subsys/bluetooth/controller/libsubsys__bluetooth__controller.a(ull_conn.c.obj)
                0x00031ffc                ull_conn_tx_ack
 .text.ull_conn_lll_max_tx_octets_get
                0x00032098        0x4 zephyr/subsys/bluetooth/controller/libsubsys__bluetooth__controller.a(ull_conn.c.obj)
                0x00032098                ull_conn_lll_max_tx_octets_get
 .text.ull_pdu_data_init
                0x0003209c        0x4 zephyr/subsys/bluetooth/controller/libsubsys__bluetooth__controller.a(ull_conn.c.obj)
                0x0003209c                ull_pdu_data_init
 .text.ull_conn_pause_rx_data
                0x000320a0       0x10 zephyr/subsys/bluetooth/controller/libsubsys__bluetooth__controller.a(ull_conn.c.obj)
                0x000320a0                ull_conn_pause_rx_data
 .text.ull_conn_resume_rx_data
                0x000320b0       0x10 zephyr/subsys/bluetooth/controller/libsubsys__bluetooth__controller.a(ull_conn.c.obj)
                0x000320b0                ull_conn_resume_rx_data
 .text.ull_conn_event_counter_at_prepare
                0x000320c0       0x10 zephyr/subsys/bluetooth/controller/libsubsys__bluetooth__controller.a(ull_conn.c.obj)
                0x000320c0                ull_conn_event_counter_at_prepare
 .text.ull_conn_event_counter
                0x000320d0       0x1c zephyr/subsys/bluetooth/controller/libsubsys__bluetooth__controller.a(ull_conn.c.obj)
                0x000320d0                ull_conn_event_counter
 .text.ull_conn_chan_map_set
                0x000320ec       0x24 zephyr/subsys/bluetooth/controller/libsubsys__bluetooth__controller.a(ull_conn.c.obj)
                0x000320ec                ull_conn_chan_map_set
 .text.ull_conn_lll_tx_queue_is_empty
                0x00032110       0x14 zephyr/subsys/bluetooth/controller/libsubsys__bluetooth__controller.a(ull_conn.c.obj)
                0x00032110                ull_conn_lll_tx_queue_is_empty
 .text.rp_enc_send_enc_rsp.part.0
                0x00032124       0x78 zephyr/subsys/bluetooth/controller/libsubsys__bluetooth__controller.a(ull_llcp_enc.c.obj)
 .text.rp_enc_send_start_enc_req.constprop.0
                0x0003219c       0xd0 zephyr/subsys/bluetooth/controller/libsubsys__bluetooth__controller.a(ull_llcp_enc.c.obj)
 .text.rp_enc_execute_fsm
                0x0003226c      0x2b8 zephyr/subsys/bluetooth/controller/libsubsys__bluetooth__controller.a(ull_llcp_enc.c.obj)
 .text.llcp_rp_enc_rx
                0x00032524       0x40 zephyr/subsys/bluetooth/controller/libsubsys__bluetooth__controller.a(ull_llcp_enc.c.obj)
                0x00032524                llcp_rp_enc_rx
 .text.llcp_rp_enc_ltk_req_reply
                0x00032564       0x1c zephyr/subsys/bluetooth/controller/libsubsys__bluetooth__controller.a(ull_llcp_enc.c.obj)
                0x00032564                llcp_rp_enc_ltk_req_reply
 .text.llcp_rp_enc_ltk_req_neg_reply
                0x00032580       0x28 zephyr/subsys/bluetooth/controller/libsubsys__bluetooth__controller.a(ull_llcp_enc.c.obj)
                0x00032580                llcp_rp_enc_ltk_req_neg_reply
 .text.llcp_rp_enc_ltk_req_reply_allowed
                0x000325a8       0x10 zephyr/subsys/bluetooth/controller/libsubsys__bluetooth__controller.a(ull_llcp_enc.c.obj)
                0x000325a8                llcp_rp_enc_ltk_req_reply_allowed
 .text.llcp_rp_enc_run
                0x000325b8        0x8 zephyr/subsys/bluetooth/controller/libsubsys__bluetooth__controller.a(ull_llcp_enc.c.obj)
                0x000325b8                llcp_rp_enc_run
 .text.pu_check_update_ind
                0x000325c0       0x58 zephyr/subsys/bluetooth/controller/libsubsys__bluetooth__controller.a(ull_llcp_phy.c.obj)
 .text.pu_ntf   0x00032618       0x60 zephyr/subsys/bluetooth/controller/libsubsys__bluetooth__controller.a(ull_llcp_phy.c.obj)
 .text.lp_pu_send_phy_req.constprop.0.isra.0
                0x00032678       0xc8 zephyr/subsys/bluetooth/controller/libsubsys__bluetooth__controller.a(ull_llcp_phy.c.obj)
 .text.rp_pu_send_phy_rsp.isra.0
                0x00032740       0x78 zephyr/subsys/bluetooth/controller/libsubsys__bluetooth__controller.a(ull_llcp_phy.c.obj)
 .text.rp_pu_execute_fsm
                0x000327b8      0x208 zephyr/subsys/bluetooth/controller/libsubsys__bluetooth__controller.a(ull_llcp_phy.c.obj)
 .text.llcp_lp_pu_rx
                0x000329c0      0x13c zephyr/subsys/bluetooth/controller/libsubsys__bluetooth__controller.a(ull_llcp_phy.c.obj)
                0x000329c0                llcp_lp_pu_rx
 .text.llcp_lp_pu_run
                0x00032afc       0xd4 zephyr/subsys/bluetooth/controller/libsubsys__bluetooth__controller.a(ull_llcp_phy.c.obj)
                0x00032afc                llcp_lp_pu_run
 .text.llcp_lp_pu_tx_ack
                0x00032bd0       0x68 zephyr/subsys/bluetooth/controller/libsubsys__bluetooth__controller.a(ull_llcp_phy.c.obj)
                0x00032bd0                llcp_lp_pu_tx_ack
 .text.llcp_lp_pu_tx_ntf
                0x00032c38       0x38 zephyr/subsys/bluetooth/controller/libsubsys__bluetooth__controller.a(ull_llcp_phy.c.obj)
                0x00032c38                llcp_lp_pu_tx_ntf
 .text.llcp_rp_pu_rx
                0x00032c70       0x3c zephyr/subsys/bluetooth/controller/libsubsys__bluetooth__controller.a(ull_llcp_phy.c.obj)
                0x00032c70                llcp_rp_pu_rx
 .text.llcp_rp_pu_run
                0x00032cac        0x8 zephyr/subsys/bluetooth/controller/libsubsys__bluetooth__controller.a(ull_llcp_phy.c.obj)
                0x00032cac                llcp_rp_pu_run
 .text.llcp_rp_pu_tx_ack
                0x00032cb4        0x8 zephyr/subsys/bluetooth/controller/libsubsys__bluetooth__controller.a(ull_llcp_phy.c.obj)
                0x00032cb4                llcp_rp_pu_tx_ack
 .text.llcp_rp_pu_tx_ntf
                0x00032cbc        0x8 zephyr/subsys/bluetooth/controller/libsubsys__bluetooth__controller.a(ull_llcp_phy.c.obj)
                0x00032cbc                llcp_rp_pu_tx_ntf
 .text.ull_tx_q_init
                0x00032cc4       0x10 zephyr/subsys/bluetooth/controller/libsubsys__bluetooth__controller.a(ull_tx_queue.c.obj)
                0x00032cc4                ull_tx_q_init
 .text.ull_tx_q_pause_data
                0x00032cd4        0x8 zephyr/subsys/bluetooth/controller/libsubsys__bluetooth__controller.a(ull_tx_queue.c.obj)
                0x00032cd4                ull_tx_q_pause_data
 .text.ull_tx_q_resume_data
                0x00032cdc       0x30 zephyr/subsys/bluetooth/controller/libsubsys__bluetooth__controller.a(ull_tx_queue.c.obj)
                0x00032cdc                ull_tx_q_resume_data
 .text.ull_tx_q_enqueue_data
                0x00032d0c       0x28 zephyr/subsys/bluetooth/controller/libsubsys__bluetooth__controller.a(ull_tx_queue.c.obj)
                0x00032d0c                ull_tx_q_enqueue_data
 .text.ull_tx_q_enqueue_ctrl
                0x00032d34       0x14 zephyr/subsys/bluetooth/controller/libsubsys__bluetooth__controller.a(ull_tx_queue.c.obj)
                0x00032d34                ull_tx_q_enqueue_ctrl
 .text.ull_tx_q_peek
                0x00032d48        0x4 zephyr/subsys/bluetooth/controller/libsubsys__bluetooth__controller.a(ull_tx_queue.c.obj)
                0x00032d48                ull_tx_q_peek
 .text.ull_tx_q_dequeue
                0x00032d4c       0x14 zephyr/subsys/bluetooth/controller/libsubsys__bluetooth__controller.a(ull_tx_queue.c.obj)
                0x00032d4c                ull_tx_q_dequeue
 .text.pdu_validate_conn_update_ind
                0x00032d60       0x10 zephyr/subsys/bluetooth/controller/libsubsys__bluetooth__controller.a(ull_llcp.c.obj)
 .text.pdu_validate_chan_map_ind
                0x00032d70       0x10 zephyr/subsys/bluetooth/controller/libsubsys__bluetooth__controller.a(ull_llcp.c.obj)
 .text.pdu_validate_terminate_ind
                0x00032d80       0x10 zephyr/subsys/bluetooth/controller/libsubsys__bluetooth__controller.a(ull_llcp.c.obj)
 .text.pdu_validate_enc_req
                0x00032d90       0x10 zephyr/subsys/bluetooth/controller/libsubsys__bluetooth__controller.a(ull_llcp.c.obj)
 .text.pdu_validate_start_enc_rsp
                0x00032da0       0x10 zephyr/subsys/bluetooth/controller/libsubsys__bluetooth__controller.a(ull_llcp.c.obj)
 .text.pdu_validate_feature_req
                0x00032db0       0x10 zephyr/subsys/bluetooth/controller/libsubsys__bluetooth__controller.a(ull_llcp.c.obj)
 .text.pdu_validate_version_ind
                0x00032dc0       0x10 zephyr/subsys/bluetooth/controller/libsubsys__bluetooth__controller.a(ull_llcp.c.obj)
 .text.pdu_validate_conn_param_req
                0x00032dd0       0x10 zephyr/subsys/bluetooth/controller/libsubsys__bluetooth__controller.a(ull_llcp.c.obj)
 .text.pdu_validate_reject_ext_ind
                0x00032de0       0x10 zephyr/subsys/bluetooth/controller/libsubsys__bluetooth__controller.a(ull_llcp.c.obj)
 .text.pdu_validate_phy_upd_ind
                0x00032df0       0x10 zephyr/subsys/bluetooth/controller/libsubsys__bluetooth__controller.a(ull_llcp.c.obj)
 .text.create_procedure
                0x00032e00       0x38 zephyr/subsys/bluetooth/controller/libsubsys__bluetooth__controller.a(ull_llcp.c.obj)
 .text.pdu_validate_unknown_rsp
                0x00032e38       0x10 zephyr/subsys/bluetooth/controller/libsubsys__bluetooth__controller.a(ull_llcp.c.obj)
 .text.pdu_validate_reject_ind
                0x00032e48       0x10 zephyr/subsys/bluetooth/controller/libsubsys__bluetooth__controller.a(ull_llcp.c.obj)
 .text.pdu_validate_clock_accuracy_rsp
                0x00032e58       0x10 zephyr/subsys/bluetooth/controller/libsubsys__bluetooth__controller.a(ull_llcp.c.obj)
 .text.pdu_validate_pause_enc_req
                0x00032e68       0x10 zephyr/subsys/bluetooth/controller/libsubsys__bluetooth__controller.a(ull_llcp.c.obj)
 .text.pdu_validate_ping_req
                0x00032e78       0x10 zephyr/subsys/bluetooth/controller/libsubsys__bluetooth__controller.a(ull_llcp.c.obj)
 .text.pdu_validate_ping_rsp
                0x00032e88       0x10 zephyr/subsys/bluetooth/controller/libsubsys__bluetooth__controller.a(ull_llcp.c.obj)
 .text.pdu_validate_length_rsp
                0x00032e98       0x10 zephyr/subsys/bluetooth/controller/libsubsys__bluetooth__controller.a(ull_llcp.c.obj)
 .text.pdu_validate_conn_param_rsp
                0x00032ea8       0x10 zephyr/subsys/bluetooth/controller/libsubsys__bluetooth__controller.a(ull_llcp.c.obj)
 .text.pdu_validate_phy_req
                0x00032eb8       0x10 zephyr/subsys/bluetooth/controller/libsubsys__bluetooth__controller.a(ull_llcp.c.obj)
 .text.pdu_validate_phy_rsp
                0x00032ec8       0x10 zephyr/subsys/bluetooth/controller/libsubsys__bluetooth__controller.a(ull_llcp.c.obj)
 .text.llcp_proc_ctx_release
                0x00032ed8       0x10 zephyr/subsys/bluetooth/controller/libsubsys__bluetooth__controller.a(ull_llcp.c.obj)
                0x00032ed8                llcp_proc_ctx_release
 .text.llcp_tx_alloc_peek
                0x00032ee8       0x10 zephyr/subsys/bluetooth/controller/libsubsys__bluetooth__controller.a(ull_llcp.c.obj)
                0x00032ee8                llcp_tx_alloc_peek
 .text.llcp_tx_alloc
                0x00032ef8       0x18 zephyr/subsys/bluetooth/controller/libsubsys__bluetooth__controller.a(ull_llcp.c.obj)
                0x00032ef8                llcp_tx_alloc
 .text.llcp_ntf_alloc_is_available
                0x00032f10       0x10 zephyr/subsys/bluetooth/controller/libsubsys__bluetooth__controller.a(ull_llcp.c.obj)
                0x00032f10                llcp_ntf_alloc_is_available
 .text.llcp_ntf_alloc
                0x00032f20        0x4 zephyr/subsys/bluetooth/controller/libsubsys__bluetooth__controller.a(ull_llcp.c.obj)
                0x00032f20                llcp_ntf_alloc
 .text.llcp_tx_enqueue
                0x00032f24        0x8 zephyr/subsys/bluetooth/controller/libsubsys__bluetooth__controller.a(ull_llcp.c.obj)
                0x00032f24                llcp_tx_enqueue
 .text.llcp_tx_pause_data
                0x00032f2c       0x28 zephyr/subsys/bluetooth/controller/libsubsys__bluetooth__controller.a(ull_llcp.c.obj)
                0x00032f2c                llcp_tx_pause_data
 .text.llcp_tx_resume_data
                0x00032f54       0x18 zephyr/subsys/bluetooth/controller/libsubsys__bluetooth__controller.a(ull_llcp.c.obj)
                0x00032f54                llcp_tx_resume_data
 .text.llcp_rx_node_retain
                0x00032f6c       0x1c zephyr/subsys/bluetooth/controller/libsubsys__bluetooth__controller.a(ull_llcp.c.obj)
                0x00032f6c                llcp_rx_node_retain
 .text.llcp_rx_node_release
                0x00032f88       0x20 zephyr/subsys/bluetooth/controller/libsubsys__bluetooth__controller.a(ull_llcp.c.obj)
                0x00032f88                llcp_rx_node_release
 .text.llcp_nodes_release
                0x00032fa8       0x34 zephyr/subsys/bluetooth/controller/libsubsys__bluetooth__controller.a(ull_llcp.c.obj)
                0x00032fa8                llcp_nodes_release
 .text.llcp_create_remote_procedure
                0x00032fdc       0x3c zephyr/subsys/bluetooth/controller/libsubsys__bluetooth__controller.a(ull_llcp.c.obj)
                0x00032fdc                llcp_create_remote_procedure
 .text.ull_cp_init
                0x00033018       0x38 zephyr/subsys/bluetooth/controller/libsubsys__bluetooth__controller.a(ull_llcp.c.obj)
                0x00033018                ull_cp_init
 .text.ull_llcp_init
                0x00033050       0x6c zephyr/subsys/bluetooth/controller/libsubsys__bluetooth__controller.a(ull_llcp.c.obj)
                0x00033050                ull_llcp_init
 .text.ull_cp_release_tx
                0x000330bc        0xc zephyr/subsys/bluetooth/controller/libsubsys__bluetooth__controller.a(ull_llcp.c.obj)
                0x000330bc                ull_cp_release_tx
 .text.ull_cp_prt_elapse
                0x000330c8       0x58 zephyr/subsys/bluetooth/controller/libsubsys__bluetooth__controller.a(ull_llcp.c.obj)
                0x000330c8                ull_cp_prt_elapse
 .text.ull_cp_prt_reload_set
                0x00033120       0x14 zephyr/subsys/bluetooth/controller/libsubsys__bluetooth__controller.a(ull_llcp.c.obj)
                0x00033120                ull_cp_prt_reload_set
 .text.ull_cp_run
                0x00033134       0x14 zephyr/subsys/bluetooth/controller/libsubsys__bluetooth__controller.a(ull_llcp.c.obj)
                0x00033134                ull_cp_run
 .text.ull_cp_state_set
                0x00033148       0x28 zephyr/subsys/bluetooth/controller/libsubsys__bluetooth__controller.a(ull_llcp.c.obj)
                0x00033148                ull_cp_state_set
 .text.ull_cp_release_nodes
                0x00033170       0x40 zephyr/subsys/bluetooth/controller/libsubsys__bluetooth__controller.a(ull_llcp.c.obj)
                0x00033170                ull_cp_release_nodes
 .text.ull_cp_min_used_chans
                0x000331b0       0x3c zephyr/subsys/bluetooth/controller/libsubsys__bluetooth__controller.a(ull_llcp.c.obj)
                0x000331b0                ull_cp_min_used_chans
 .text.ull_cp_le_ping
                0x000331ec       0x24 zephyr/subsys/bluetooth/controller/libsubsys__bluetooth__controller.a(ull_llcp.c.obj)
                0x000331ec                ull_cp_le_ping
 .text.ull_cp_feature_exchange
                0x00033210       0x30 zephyr/subsys/bluetooth/controller/libsubsys__bluetooth__controller.a(ull_llcp.c.obj)
                0x00033210                ull_cp_feature_exchange
 .text.ull_cp_version_exchange
                0x00033240       0x24 zephyr/subsys/bluetooth/controller/libsubsys__bluetooth__controller.a(ull_llcp.c.obj)
                0x00033240                ull_cp_version_exchange
 .text.ull_cp_phy_update
                0x00033264       0x50 zephyr/subsys/bluetooth/controller/libsubsys__bluetooth__controller.a(ull_llcp.c.obj)
                0x00033264                ull_cp_phy_update
 .text.ull_cp_terminate
                0x000332b4       0x34 zephyr/subsys/bluetooth/controller/libsubsys__bluetooth__controller.a(ull_llcp.c.obj)
                0x000332b4                ull_cp_terminate
 .text.ull_cp_chan_map_update_pending
                0x000332e8       0x24 zephyr/subsys/bluetooth/controller/libsubsys__bluetooth__controller.a(ull_llcp.c.obj)
                0x000332e8                ull_cp_chan_map_update_pending
 .text.ull_cp_ltk_req_reply
                0x0003330c       0x4c zephyr/subsys/bluetooth/controller/libsubsys__bluetooth__controller.a(ull_llcp.c.obj)
                0x0003330c                ull_cp_ltk_req_reply
 .text.ull_cp_ltk_req_neq_reply
                0x00033358       0x30 zephyr/subsys/bluetooth/controller/libsubsys__bluetooth__controller.a(ull_llcp.c.obj)
                0x00033358                ull_cp_ltk_req_neq_reply
 .text.ull_cp_conn_update
                0x00033388       0xd4 zephyr/subsys/bluetooth/controller/libsubsys__bluetooth__controller.a(ull_llcp.c.obj)
                0x00033388                ull_cp_conn_update
 .text.ull_cp_conn_param_req_reply
                0x0003345c       0x20 zephyr/subsys/bluetooth/controller/libsubsys__bluetooth__controller.a(ull_llcp.c.obj)
                0x0003345c                ull_cp_conn_param_req_reply
 .text.ull_cp_conn_param_req_neg_reply
                0x0003347c       0x24 zephyr/subsys/bluetooth/controller/libsubsys__bluetooth__controller.a(ull_llcp.c.obj)
                0x0003347c                ull_cp_conn_param_req_neg_reply
 .text.ull_cp_remote_cpr_pending
                0x000334a0       0x18 zephyr/subsys/bluetooth/controller/libsubsys__bluetooth__controller.a(ull_llcp.c.obj)
                0x000334a0                ull_cp_remote_cpr_pending
 .text.ull_cp_tx_ack
                0x000334b8       0x3c zephyr/subsys/bluetooth/controller/libsubsys__bluetooth__controller.a(ull_llcp.c.obj)
                0x000334b8                ull_cp_tx_ack
 .text.ull_cp_tx_ntf
                0x000334f4       0x28 zephyr/subsys/bluetooth/controller/libsubsys__bluetooth__controller.a(ull_llcp.c.obj)
                0x000334f4                ull_cp_tx_ntf
 .text.ull_cp_rx
                0x0003351c      0x184 zephyr/subsys/bluetooth/controller/libsubsys__bluetooth__controller.a(ull_llcp.c.obj)
                0x0003351c                ull_cp_rx
 .text.lp_comm_ntf
                0x000336a0       0x74 zephyr/subsys/bluetooth/controller/libsubsys__bluetooth__controller.a(ull_llcp_common.c.obj)
 .text.lp_comm_tx
                0x00033714       0xb4 zephyr/subsys/bluetooth/controller/libsubsys__bluetooth__controller.a(ull_llcp_common.c.obj)
 .text.rp_comm_tx_proxy.constprop.0
                0x000337c8       0x90 zephyr/subsys/bluetooth/controller/libsubsys__bluetooth__controller.a(ull_llcp_common.c.obj)
 .text.rp_comm_send_rsp.isra.0
                0x00033858       0x58 zephyr/subsys/bluetooth/controller/libsubsys__bluetooth__controller.a(ull_llcp_common.c.obj)
 .text.lp_comm_complete.isra.0
                0x000338b0       0x9c zephyr/subsys/bluetooth/controller/libsubsys__bluetooth__controller.a(ull_llcp_common.c.obj)
 .text.lp_comm_send_req.constprop.0.isra.0
                0x0003394c      0x108 zephyr/subsys/bluetooth/controller/libsubsys__bluetooth__controller.a(ull_llcp_common.c.obj)
 .text.llcp_lp_comm_tx_ack
                0x00033a54       0x24 zephyr/subsys/bluetooth/controller/libsubsys__bluetooth__controller.a(ull_llcp_common.c.obj)
                0x00033a54                llcp_lp_comm_tx_ack
 .text.llcp_lp_comm_rx
                0x00033a78       0x70 zephyr/subsys/bluetooth/controller/libsubsys__bluetooth__controller.a(ull_llcp_common.c.obj)
                0x00033a78                llcp_lp_comm_rx
 .text.llcp_lp_comm_run
                0x00033ae8       0x44 zephyr/subsys/bluetooth/controller/libsubsys__bluetooth__controller.a(ull_llcp_common.c.obj)
                0x00033ae8                llcp_lp_comm_run
 .text.llcp_rp_comm_rx
                0x00033b2c       0x6c zephyr/subsys/bluetooth/controller/libsubsys__bluetooth__controller.a(ull_llcp_common.c.obj)
                0x00033b2c                llcp_rp_comm_rx
 .text.llcp_rp_comm_run
                0x00033b98       0x50 zephyr/subsys/bluetooth/controller/libsubsys__bluetooth__controller.a(ull_llcp_common.c.obj)
                0x00033b98                llcp_rp_comm_run
 .text.lr_dequeue
                0x00033be8       0x6c zephyr/subsys/bluetooth/controller/libsubsys__bluetooth__controller.a(ull_llcp_local.c.obj)
 .text.llcp_lr_check_done.part.0
                0x00033c54       0x68 zephyr/subsys/bluetooth/controller/libsubsys__bluetooth__controller.a(ull_llcp_local.c.obj)
 .text.llcp_lr_enqueue
                0x00033cbc       0x60 zephyr/subsys/bluetooth/controller/libsubsys__bluetooth__controller.a(ull_llcp_local.c.obj)
                0x00033cbc                llcp_lr_enqueue
 .text.llcp_lr_peek
                0x00033d1c       0x40 zephyr/subsys/bluetooth/controller/libsubsys__bluetooth__controller.a(ull_llcp_local.c.obj)
                0x00033d1c                llcp_lr_peek
 .text.lr_act_run
                0x00033d5c       0x58 zephyr/subsys/bluetooth/controller/libsubsys__bluetooth__controller.a(ull_llcp_local.c.obj)
 .text.llcp_lr_ispaused
                0x00033db4       0x10 zephyr/subsys/bluetooth/controller/libsubsys__bluetooth__controller.a(ull_llcp_local.c.obj)
                0x00033db4                llcp_lr_ispaused
 .text.llcp_lr_pause
                0x00033dc4        0x8 zephyr/subsys/bluetooth/controller/libsubsys__bluetooth__controller.a(ull_llcp_local.c.obj)
                0x00033dc4                llcp_lr_pause
 .text.llcp_lr_resume
                0x00033dcc        0x8 zephyr/subsys/bluetooth/controller/libsubsys__bluetooth__controller.a(ull_llcp_local.c.obj)
                0x00033dcc                llcp_lr_resume
 .text.llcp_lr_prt_restart
                0x00033dd4        0xc zephyr/subsys/bluetooth/controller/libsubsys__bluetooth__controller.a(ull_llcp_local.c.obj)
                0x00033dd4                llcp_lr_prt_restart
 .text.llcp_lr_prt_restart_with_value
                0x00033de0        0x8 zephyr/subsys/bluetooth/controller/libsubsys__bluetooth__controller.a(ull_llcp_local.c.obj)
                0x00033de0                llcp_lr_prt_restart_with_value
 .text.llcp_lr_prt_stop
                0x00033de8        0x8 zephyr/subsys/bluetooth/controller/libsubsys__bluetooth__controller.a(ull_llcp_local.c.obj)
                0x00033de8                llcp_lr_prt_stop
 .text.llcp_lr_rx
                0x00033df0       0x6c zephyr/subsys/bluetooth/controller/libsubsys__bluetooth__controller.a(ull_llcp_local.c.obj)
                0x00033df0                llcp_lr_rx
 .text.llcp_lr_tx_ack
                0x00033e5c       0x44 zephyr/subsys/bluetooth/controller/libsubsys__bluetooth__controller.a(ull_llcp_local.c.obj)
                0x00033e5c                llcp_lr_tx_ack
 .text.llcp_lr_tx_ntf
                0x00033ea0       0x24 zephyr/subsys/bluetooth/controller/libsubsys__bluetooth__controller.a(ull_llcp_local.c.obj)
                0x00033ea0                llcp_lr_tx_ntf
 .text.llcp_lr_init
                0x00033ec4       0x10 zephyr/subsys/bluetooth/controller/libsubsys__bluetooth__controller.a(ull_llcp_local.c.obj)
                0x00033ec4                llcp_lr_init
 .text.llcp_lr_run
                0x00033ed4       0x48 zephyr/subsys/bluetooth/controller/libsubsys__bluetooth__controller.a(ull_llcp_local.c.obj)
                0x00033ed4                llcp_lr_run
 .text.llcp_lr_complete
                0x00033f1c       0x48 zephyr/subsys/bluetooth/controller/libsubsys__bluetooth__controller.a(ull_llcp_local.c.obj)
                0x00033f1c                llcp_lr_complete
 .text.llcp_lr_connect
                0x00033f64       0x1c zephyr/subsys/bluetooth/controller/libsubsys__bluetooth__controller.a(ull_llcp_local.c.obj)
                0x00033f64                llcp_lr_connect
 .text.llcp_lr_disconnect
                0x00033f80       0x88 zephyr/subsys/bluetooth/controller/libsubsys__bluetooth__controller.a(ull_llcp_local.c.obj)
                0x00033f80                llcp_lr_disconnect
 .text.llcp_lr_terminate
                0x00034008       0x3c zephyr/subsys/bluetooth/controller/libsubsys__bluetooth__controller.a(ull_llcp_local.c.obj)
                0x00034008                llcp_lr_terminate
 .text.llcp_pdu_encode_ping_req
                0x00034044       0x14 zephyr/subsys/bluetooth/controller/libsubsys__bluetooth__controller.a(ull_llcp_pdu.c.obj)
                0x00034044                llcp_pdu_encode_ping_req
 .text.llcp_pdu_encode_ping_rsp
                0x00034058       0x14 zephyr/subsys/bluetooth/controller/libsubsys__bluetooth__controller.a(ull_llcp_pdu.c.obj)
                0x00034058                llcp_pdu_encode_ping_rsp
 .text.llcp_pdu_encode_unknown_rsp
                0x0003406c       0x1c zephyr/subsys/bluetooth/controller/libsubsys__bluetooth__controller.a(ull_llcp_pdu.c.obj)
                0x0003406c                llcp_pdu_encode_unknown_rsp
 .text.llcp_pdu_decode_unknown_rsp
                0x00034088        0x8 zephyr/subsys/bluetooth/controller/libsubsys__bluetooth__controller.a(ull_llcp_pdu.c.obj)
                0x00034088                llcp_pdu_decode_unknown_rsp
 .text.llcp_ntf_encode_unknown_rsp
                0x00034090       0x1c zephyr/subsys/bluetooth/controller/libsubsys__bluetooth__controller.a(ull_llcp_pdu.c.obj)
                0x00034090                llcp_ntf_encode_unknown_rsp
 .text.llcp_pdu_encode_feature_req
                0x000340ac       0x48 zephyr/subsys/bluetooth/controller/libsubsys__bluetooth__controller.a(ull_llcp_pdu.c.obj)
                0x000340ac                llcp_pdu_encode_feature_req
 .text.llcp_pdu_encode_feature_rsp
                0x000340f4       0x44 zephyr/subsys/bluetooth/controller/libsubsys__bluetooth__controller.a(ull_llcp_pdu.c.obj)
                0x000340f4                llcp_pdu_encode_feature_rsp